Archive member included to satisfy reference by file (symbol)

c:/program files/atollic/truestudio for arm 7.1.0/armtools/bin/../lib/gcc/arm-atollic-eabi/5.3.1/../../../../arm-atollic-eabi/lib/armv7-m\libc_nano.a(lib_a-init.o)
                              Drivers\CMSIS\Device\ST\STM32F1xx\Source\Templates\gcc\startup_stm32f103xe.o (__libc_init_array)
c:/program files/atollic/truestudio for arm 7.1.0/armtools/bin/../lib/gcc/arm-atollic-eabi/5.3.1/../../../../arm-atollic-eabi/lib/armv7-m\libc_nano.a(lib_a-memcpy-stub.o)
                              Middlewares\Third_Party\FreeRTOS\Source\queue.o (memcpy)
c:/program files/atollic/truestudio for arm 7.1.0/armtools/bin/../lib/gcc/arm-atollic-eabi/5.3.1/../../../../arm-atollic-eabi/lib/armv7-m\libc_nano.a(lib_a-memmove.o)
                              microrl_lib\microrl.o (memmove)
c:/program files/atollic/truestudio for arm 7.1.0/armtools/bin/../lib/gcc/arm-atollic-eabi/5.3.1/../../../../arm-atollic-eabi/lib/armv7-m\libc_nano.a(lib_a-memset.o)
                              Drivers\STM32F1xx_HAL_Driver\Src\stm32f1xx_hal_rcc.o (memset)
c:/program files/atollic/truestudio for arm 7.1.0/armtools/bin/../lib/gcc/arm-atollic-eabi/5.3.1/../../../../arm-atollic-eabi/lib/armv7-m\libc_nano.a(lib_a-printf.o)
                              Src\console.o (printf)
c:/program files/atollic/truestudio for arm 7.1.0/armtools/bin/../lib/gcc/arm-atollic-eabi/5.3.1/../../../../arm-atollic-eabi/lib/armv7-m\libc_nano.a(lib_a-puts.o)
                              Src\console.o (puts)
c:/program files/atollic/truestudio for arm 7.1.0/armtools/bin/../lib/gcc/arm-atollic-eabi/5.3.1/../../../../arm-atollic-eabi/lib/armv7-m\libc_nano.a(lib_a-strcasecmp.o)
                              Src\console.o (strcasecmp)
c:/program files/atollic/truestudio for arm 7.1.0/armtools/bin/../lib/gcc/arm-atollic-eabi/5.3.1/../../../../arm-atollic-eabi/lib/armv7-m\libc_nano.a(lib_a-strcpy.o)
                              microrl_lib\microrl.o (strcpy)
c:/program files/atollic/truestudio for arm 7.1.0/armtools/bin/../lib/gcc/arm-atollic-eabi/5.3.1/../../../../arm-atollic-eabi/lib/armv7-m\libc_nano.a(lib_a-strlen.o)
                              Src\console.o (strlen)
c:/program files/atollic/truestudio for arm 7.1.0/armtools/bin/../lib/gcc/arm-atollic-eabi/5.3.1/../../../../arm-atollic-eabi/lib/armv7-m\libc_nano.a(lib_a-strstr.o)
                              Src\console.o (strstr)
c:/program files/atollic/truestudio for arm 7.1.0/armtools/bin/../lib/gcc/arm-atollic-eabi/5.3.1/../../../../arm-atollic-eabi/lib/armv7-m\libc_nano.a(lib_a-vprintf.o)
                              Src\console.o (vprintf)
c:/program files/atollic/truestudio for arm 7.1.0/armtools/bin/../lib/gcc/arm-atollic-eabi/5.3.1/../../../../arm-atollic-eabi/lib/armv7-m\libc_nano.a(lib_a-wbuf.o)
                              c:/program files/atollic/truestudio for arm 7.1.0/armtools/bin/../lib/gcc/arm-atollic-eabi/5.3.1/../../../../arm-atollic-eabi/lib/armv7-m\libc_nano.a(lib_a-puts.o) (__swbuf_r)
c:/program files/atollic/truestudio for arm 7.1.0/armtools/bin/../lib/gcc/arm-atollic-eabi/5.3.1/../../../../arm-atollic-eabi/lib/armv7-m\libc_nano.a(lib_a-wsetup.o)
                              c:/program files/atollic/truestudio for arm 7.1.0/armtools/bin/../lib/gcc/arm-atollic-eabi/5.3.1/../../../../arm-atollic-eabi/lib/armv7-m\libc_nano.a(lib_a-puts.o) (__swsetup_r)
c:/program files/atollic/truestudio for arm 7.1.0/armtools/bin/../lib/gcc/arm-atollic-eabi/5.3.1/../../../../arm-atollic-eabi/lib/armv7-m\libc_nano.a(lib_a-ctype_.o)
                              c:/program files/atollic/truestudio for arm 7.1.0/armtools/bin/../lib/gcc/arm-atollic-eabi/5.3.1/../../../../arm-atollic-eabi/lib/armv7-m\libc_nano.a(lib_a-strcasecmp.o) (__ctype_ptr__)
c:/program files/atollic/truestudio for arm 7.1.0/armtools/bin/../lib/gcc/arm-atollic-eabi/5.3.1/../../../../arm-atollic-eabi/lib/armv7-m\libc_nano.a(lib_a-fflush.o)
                              c:/program files/atollic/truestudio for arm 7.1.0/armtools/bin/../lib/gcc/arm-atollic-eabi/5.3.1/../../../../arm-atollic-eabi/lib/armv7-m\libc_nano.a(lib_a-wbuf.o) (_fflush_r)
c:/program files/atollic/truestudio for arm 7.1.0/armtools/bin/../lib/gcc/arm-atollic-eabi/5.3.1/../../../../arm-atollic-eabi/lib/armv7-m\libc_nano.a(lib_a-findfp.o)
                              c:/program files/atollic/truestudio for arm 7.1.0/armtools/bin/../lib/gcc/arm-atollic-eabi/5.3.1/../../../../arm-atollic-eabi/lib/armv7-m\libc_nano.a(lib_a-printf.o) (__sinit)
c:/program files/atollic/truestudio for arm 7.1.0/armtools/bin/../lib/gcc/arm-atollic-eabi/5.3.1/../../../../arm-atollic-eabi/lib/armv7-m\libc_nano.a(lib_a-fwalk.o)
                              c:/program files/atollic/truestudio for arm 7.1.0/armtools/bin/../lib/gcc/arm-atollic-eabi/5.3.1/../../../../arm-atollic-eabi/lib/armv7-m\libc_nano.a(lib_a-findfp.o) (_fwalk)
[...]
Memory Configuration

Name             Origin             Length             Attributes
RAM              0x20000000         0x00010000         xrw
FLASH            0x08000000         0x00080000         xr
*default*        0x00000000         0xffffffff

Linker script and memory map

LOAD c:/program files/atollic/truestudio for arm 7.1.0/armtools/bin/../lib/gcc/arm-atollic-eabi/5.3.1/armv7-m/crti.o
LOAD c:/program files/atollic/truestudio for arm 7.1.0/armtools/bin/../lib/gcc/arm-atollic-eabi/5.3.1/armv7-m/crtbegin.o
LOAD Drivers\CMSIS\Device\ST\STM32F1xx\Source\Templates\gcc\startup_stm32f103xe.o
LOAD Drivers\STM32F1xx_HAL_Driver\Src\stm32f1xx_hal.o
LOAD Drivers\STM32F1xx_HAL_Driver\Src\stm32f1xx_hal_cortex.o
LOAD Drivers\STM32F1xx_HAL_Driver\Src\stm32f1xx_hal_dma.o
LOAD Drivers\STM32F1xx_HAL_Driver\Src\stm32f1xx_hal_flash.o
LOAD Drivers\STM32F1xx_HAL_Driver\Src\stm32f1xx_hal_flash_ex.o
LOAD Drivers\STM32F1xx_HAL_Driver\Src\stm32f1xx_hal_gpio.o
LOAD Drivers\STM32F1xx_HAL_Driver\Src\stm32f1xx_hal_gpio_ex.o
LOAD Drivers\STM32F1xx_HAL_Driver\Src\stm32f1xx_hal_pcd.o
LOAD Drivers\STM32F1xx_HAL_Driver\Src\stm32f1xx_hal_pcd_ex.o
LOAD Drivers\STM32F1xx_HAL_Driver\Src\stm32f1xx_hal_pwr.o
LOAD Drivers\STM32F1xx_HAL_Driver\Src\stm32f1xx_hal_rcc.o
LOAD Drivers\STM32F1xx_HAL_Driver\Src\stm32f1xx_hal_rcc_ex.o
LOAD Drivers\STM32F1xx_HAL_Driver\Src\stm32f1xx_hal_tim.o
LOAD Drivers\STM32F1xx_HAL_Driver\Src\stm32f1xx_hal_tim_ex.o
LOAD Drivers\STM32F1xx_HAL_Driver\Src\stm32f1xx_ll_usb.o
LOAD Middlewares\ST\STM32_USB_Device_Library\Class\CDC\Src\usbd_cdc.o
LOAD Middlewares\ST\STM32_USB_Device_Library\Core\Src\usbd_core.o
LOAD Middlewares\ST\STM32_USB_Device_Library\Core\Src\usbd_ctlreq.o
LOAD Middlewares\ST\STM32_USB_Device_Library\Core\Src\usbd_ioreq.o
LOAD Middlewares\Third_Party\FreeRTOS\Source\CMSIS_RTOS\cmsis_os.o
LOAD Middlewares\Third_Party\FreeRTOS\Source\croutine.o
LOAD Middlewares\Third_Party\FreeRTOS\Source\event_groups.o
LOAD Middlewares\Third_Party\FreeRTOS\Source\list.o
LOAD Middlewares\Third_Party\FreeRTOS\Source\portable\GCC\ARM_CM3\port.o
LOAD Middlewares\Third_Party\FreeRTOS\Source\portable\MemMang\heap_4.o
LOAD Middlewares\Third_Party\FreeRTOS\Source\queue.o
LOAD Middlewares\Third_Party\FreeRTOS\Source\tasks.o
LOAD Middlewares\Third_Party\FreeRTOS\Source\timers.o
LOAD Src\console.o
LOAD Src\console_cmd.o
LOAD Src\freertos.o
LOAD Src\main.o
LOAD Src\stm32f1xx_hal_msp.o
LOAD Src\stm32f1xx_it.o
LOAD Src\syscalls.o
LOAD Src\system_stm32f1xx.o
LOAD Src\usb_device.o
LOAD Src\usbd_cdc_if.o
LOAD Src\usbd_conf.o
LOAD Src\usbd_desc.o
LOAD microrl_lib\microrl.o
START GROUP
LOAD c:/program files/atollic/truestudio for arm 7.1.0/armtools/bin/../lib/gcc/arm-atollic-eabi/5.3.1/../../../../arm-atollic-eabi/lib/armv7-m\libc_nano.a
LOAD c:/program files/atollic/truestudio for arm 7.1.0/armtools/bin/../lib/gcc/arm-atollic-eabi/5.3.1/../../../../arm-atollic-eabi/lib/armv7-m\libm.a
END GROUP
                0x00000080                malloc_getpagesize_P = 0x80
START GROUP
LOAD c:/program files/atollic/truestudio for arm 7.1.0/armtools/bin/../lib/gcc/arm-atollic-eabi/5.3.1/armv7-m\libgcc.a
LOAD c:/program files/atollic/truestudio for arm 7.1.0/armtools/bin/../lib/gcc/arm-atollic-eabi/5.3.1/../../../../arm-atollic-eabi/lib/armv7-m\libc_nano.a
END GROUP
START GROUP
LOAD c:/program files/atollic/truestudio for arm 7.1.0/armtools/bin/../lib/gcc/arm-atollic-eabi/5.3.1/armv7-m\libgcc.a
LOAD c:/program files/atollic/truestudio for arm 7.1.0/armtools/bin/../lib/gcc/arm-atollic-eabi/5.3.1/../../../../arm-atollic-eabi/lib/armv7-m\libc_nano.a
LOAD c:/program files/atollic/truestudio for arm 7.1.0/armtools/bin/../lib/gcc/arm-atollic-eabi/5.3.1/../../../../arm-atollic-eabi/lib/armv7-m\libnosys.a
END GROUP
START GROUP
LOAD c:/program files/atollic/truestudio for arm 7.1.0/armtools/bin/../lib/gcc/arm-atollic-eabi/5.3.1/armv7-m\libgcc.a
LOAD c:/program files/atollic/truestudio for arm 7.1.0/armtools/bin/../lib/gcc/arm-atollic-eabi/5.3.1/../../../../arm-atollic-eabi/lib/armv7-m\libc_nano.a
LOAD c:/program files/atollic/truestudio for arm 7.1.0/armtools/bin/../lib/gcc/arm-atollic-eabi/5.3.1/../../../../arm-atollic-eabi/lib/armv7-m\libnosys.a
END GROUP
LOAD c:/program files/atollic/truestudio for arm 7.1.0/armtools/bin/../lib/gcc/arm-atollic-eabi/5.3.1/armv7-m/crtend.o
LOAD c:/program files/atollic/truestudio for arm 7.1.0/armtools/bin/../lib/gcc/arm-atollic-eabi/5.3.1/armv7-m/crtn.o
                0x20010000                _estack = 0x20010000
                0x00000200                _Min_Heap_Size = 0x200
                0x00000400                _Min_Stack_Size = 0x400

.isr_vector     0x08000000      0x1e4
                0x08000000                . = ALIGN (0x4)
 *(.isr_vector)
 .isr_vector    0x08000000      0x1e4 Drivers\CMSIS\Device\ST\STM32F1xx\Source\Templates\gcc\startup_stm32f103xe.o
                0x08000000                g_pfnVectors
                0x080001e4                . = ALIGN (0x4)

.text           0x080001e4     0x573c
                0x080001e4                . = ALIGN (0x4)
 *(.text)
 .text          0x080001e4       0x40 c:/program files/atollic/truestudio for arm 7.1.0/armtools/bin/../lib/gcc/arm-atollic-eabi/5.3.1/armv7-m/crtbegin.o
 .text          0x08000224       0x10 c:/program files/atollic/truestudio for arm 7.1.0/armtools/bin/../lib/gcc/arm-atollic-eabi/5.3.1/../../../../arm-atollic-eabi/lib/armv7-m\libc_nano.a(lib_a-strlen.o)
                0x08000224                strlen
 *(.text*)
 .text.Reset_Handler
                0x08000234       0x48 Drivers\CMSIS\Device\ST\STM32F1xx\Source\Templates\gcc\startup_stm32f103xe.o
                0x08000234                Reset_Handler
 .text.Default_Handler
                0x0800027c        0x2 Drivers\CMSIS\Device\ST\STM32F1xx\Source\Templates\gcc\startup_stm32f103xe.o
                0x0800027c                RTC_Alarm_IRQHandler
                0x0800027c                EXTI2_IRQHandler
                0x0800027c                TIM8_TRG_COM_IRQHandler
                0x0800027c                TIM8_CC_IRQHandler
                0x0800027c                TIM1_CC_IRQHandler
                0x0800027c                TIM6_IRQHandler
                0x0800027c                PVD_IRQHandler
                0x0800027c                SDIO_IRQHandler
                0x0800027c                EXTI3_IRQHandler
                0x0800027c                EXTI0_IRQHandler
                0x0800027c                I2C2_EV_IRQHandler
                0x0800027c                ADC1_2_IRQHandler
                0x0800027c                SPI1_IRQHandler
                0x0800027c                TAMPER_IRQHandler
                0x0800027c                TIM8_UP_IRQHandler
                0x0800027c                DMA2_Channel2_IRQHandler
                0x0800027c                DMA1_Channel4_IRQHandler
                0x0800027c                USART3_IRQHandler
                0x0800027c                RTC_IRQHandler
                0x0800027c                DMA1_Channel7_IRQHandler
                0x0800027c                CAN1_RX1_IRQHandler
                0x0800027c                UART5_IRQHandler
                0x0800027c                ADC3_IRQHandler
                0x0800027c                TIM4_IRQHandler
                0x0800027c                DMA2_Channel1_IRQHandler
                0x0800027c                I2C1_EV_IRQHandler
                0x0800027c                DMA1_Channel6_IRQHandler
                0x0800027c                UART4_IRQHandler
                0x0800027c                TIM3_IRQHandler
                0x0800027c                RCC_IRQHandler
                0x0800027c                TIM1_TRG_COM_IRQHandler
                0x0800027c                DMA1_Channel1_IRQHandler
                0x0800027c                Default_Handler
                0x0800027c                EXTI15_10_IRQHandler
                0x0800027c                TIM7_IRQHandler
                0x0800027c                TIM5_IRQHandler
                0x0800027c                EXTI9_5_IRQHandler
                0x0800027c                SPI2_IRQHandler
                0x0800027c                DMA1_Channel5_IRQHandler
                0x0800027c                EXTI4_IRQHandler
                0x0800027c                USB_HP_CAN1_TX_IRQHandler
                0x0800027c                DMA1_Channel3_IRQHandler
                0x0800027c                FSMC_IRQHandler
                0x0800027c                TIM1_UP_IRQHandler
                0x0800027c                WWDG_IRQHandler
                0x0800027c                TIM2_IRQHandler
                0x0800027c                TIM1_BRK_IRQHandler
                0x0800027c                EXTI1_IRQHandler
                0x0800027c                DMA2_Channel4_5_IRQHandler
                0x0800027c                USART2_IRQHandler
                0x0800027c                I2C2_ER_IRQHandler
                0x0800027c                DMA1_Channel2_IRQHandler
                0x0800027c                TIM8_BRK_IRQHandler
                0x0800027c                CAN1_SCE_IRQHandler
                0x0800027c                FLASH_IRQHandler
                0x0800027c                USART1_IRQHandler
                0x0800027c                SPI3_IRQHandler
                0x0800027c                I2C1_ER_IRQHandler
                0x0800027c                USBWakeUp_IRQHandler
                0x0800027c                DMA2_Channel3_IRQHandler
 .text.HAL_InitTick
                0x0800027e       0x24 Drivers\STM32F1xx_HAL_Driver\Src\stm32f1xx_hal.o
                0x0800027e                HAL_InitTick
 *fill*         0x080002a2        0x2 
 .text.HAL_Init
                0x080002a4       0x20 Drivers\STM32F1xx_HAL_Driver\Src\stm32f1xx_hal.o
                0x080002a4                HAL_Init
 .text.HAL_IncTick
                0x080002c4       0x10 Drivers\STM32F1xx_HAL_Driver\Src\stm32f1xx_hal.o
                0x080002c4                HAL_IncTick
 .text.HAL_GetTick
                0x080002d4        0xc Drivers\STM32F1xx_HAL_Driver\Src\stm32f1xx_hal.o
                0x080002d4                HAL_GetTick
 .text.HAL_Delay
                0x080002e0       0x1a Drivers\STM32F1xx_HAL_Driver\Src\stm32f1xx_hal.o
                0x080002e0                HAL_Delay
 *fill*         0x080002fa        0x2 
 .text.HAL_NVIC_SetPriorityGrouping
                0x080002fc       0x24 Drivers\STM32F1xx_HAL_Driver\Src\stm32f1xx_hal_cortex.o
                0x080002fc                HAL_NVIC_SetPriorityGrouping
 .text.HAL_NVIC_SetPriority
                0x08000320       0x68 Drivers\STM32F1xx_HAL_Driver\Src\stm32f1xx_hal_cortex.o
                0x08000320                HAL_NVIC_SetPriority
 .text.HAL_NVIC_EnableIRQ
                0x08000388       0x18 Drivers\STM32F1xx_HAL_Driver\Src\stm32f1xx_hal_cortex.o
                0x08000388                HAL_NVIC_EnableIRQ
 .text.HAL_SYSTICK_Config
                0x080003a0       0x2c Drivers\STM32F1xx_HAL_Driver\Src\stm32f1xx_hal_cortex.o
                0x080003a0                HAL_SYSTICK_Config
 .text.HAL_SYSTICK_CLKSourceConfig
                0x080003cc       0x18 Drivers\STM32F1xx_HAL_Driver\Src\stm32f1xx_hal_cortex.o
                0x080003cc                HAL_SYSTICK_CLKSourceConfig
 .text.HAL_GPIO_Init
                0x080003e4      0x1cc Drivers\STM32F1xx_HAL_Driver\Src\stm32f1xx_hal_gpio.o
                0x080003e4                HAL_GPIO_Init
 .text.HAL_GPIO_WritePin
                0x080005b0        0x8 Drivers\STM32F1xx_HAL_Driver\Src\stm32f1xx_hal_gpio.o
                0x080005b0                HAL_GPIO_WritePin
 .text.HAL_GPIO_TogglePin
                0x080005b8        0x8 Drivers\STM32F1xx_HAL_Driver\Src\stm32f1xx_hal_gpio.o
                0x080005b8                HAL_GPIO_TogglePin
 .text.HAL_PCD_Init
                0x080005c0       0xd4 Drivers\STM32F1xx_HAL_Driver\Src\stm32f1xx_hal_pcd.o
                0x080005c0                HAL_PCD_Init
 .text.HAL_PCD_Start
                0x08000694       0x2e Drivers\STM32F1xx_HAL_Driver\Src\stm32f1xx_hal_pcd.o
                0x08000694                HAL_PCD_Start
 .text.HAL_PCD_SetAddress
                0x080006c2       0x28 Drivers\STM32F1xx_HAL_Driver\Src\stm32f1xx_hal_pcd.o
                0x080006c2                HAL_PCD_SetAddress
 .text.HAL_PCD_EP_Open
                0x080006ea       0x46 Drivers\STM32F1xx_HAL_Driver\Src\stm32f1xx_hal_pcd.o
                0x080006ea                HAL_PCD_EP_Open
 .text.HAL_PCD_EP_Close
                0x08000730       0x42 Drivers\STM32F1xx_HAL_Driver\Src\stm32f1xx_hal_pcd.o
                0x08000730                HAL_PCD_EP_Close
 .text.HAL_PCD_EP_Receive
                0x08000772       0x48 Drivers\STM32F1xx_HAL_Driver\Src\stm32f1xx_hal_pcd.o
                0x08000772                HAL_PCD_EP_Receive
 .text.HAL_PCD_EP_GetRxCount
                0x080007ba        0xe Drivers\STM32F1xx_HAL_Driver\Src\stm32f1xx_hal_pcd.o
                0x080007ba                HAL_PCD_EP_GetRxCount
 .text.HAL_PCD_EP_Transmit
                0x080007c8       0x40 Drivers\STM32F1xx_HAL_Driver\Src\stm32f1xx_hal_pcd.o
                0x080007c8                HAL_PCD_EP_Transmit
 .text.HAL_PCD_IRQHandler
                0x08000808      0x4d0 Drivers\STM32F1xx_HAL_Driver\Src\stm32f1xx_hal_pcd.o
                0x08000808                HAL_PCD_IRQHandler
 .text.HAL_PCD_EP_SetStall
                0x08000cd8       0x52 Drivers\STM32F1xx_HAL_Driver\Src\stm32f1xx_hal_pcd.o
                0x08000cd8                HAL_PCD_EP_SetStall
 .text.HAL_PCD_EP_ClrStall
                0x08000d2a       0x46 Drivers\STM32F1xx_HAL_Driver\Src\stm32f1xx_hal_pcd.o
                0x08000d2a                HAL_PCD_EP_ClrStall
 .text.HAL_PCDEx_PMAConfig
                0x08000d70       0x30 Drivers\STM32F1xx_HAL_Driver\Src\stm32f1xx_hal_pcd_ex.o
                0x08000d70                HAL_PCDEx_PMAConfig
 .text.HAL_RCC_OscConfig
                0x08000da0      0x4c0 Drivers\STM32F1xx_HAL_Driver\Src\stm32f1xx_hal_rcc.o
                0x08000da0                HAL_RCC_OscConfig
 .text.HAL_RCC_GetSysClockFreq
                0x08001260       0x90 Drivers\STM32F1xx_HAL_Driver\Src\stm32f1xx_hal_rcc.o
                0x08001260                HAL_RCC_GetSysClockFreq
 .text.HAL_RCC_ClockConfig
                0x080012f0      0x164 Drivers\STM32F1xx_HAL_Driver\Src\stm32f1xx_hal_rcc.o
                0x080012f0                HAL_RCC_ClockConfig
 .text.HAL_RCC_GetHCLKFreq
                0x08001454        0xc Drivers\STM32F1xx_HAL_Driver\Src\stm32f1xx_hal_rcc.o
                0x08001454                HAL_RCC_GetHCLKFreq
 .text.HAL_RCCEx_PeriphCLKConfig
                0x08001460      0x114 Drivers\STM32F1xx_HAL_Driver\Src\stm32f1xx_hal_rcc_ex.o
                0x08001460                HAL_RCCEx_PeriphCLKConfig
 .text.USB_CoreInit
                0x08001574        0xe Drivers\STM32F1xx_HAL_Driver\Src\stm32f1xx_ll_usb.o
                0x08001574                USB_CoreInit
 .text.USB_EnableGlobalInt
                0x08001582       0x12 Drivers\STM32F1xx_HAL_Driver\Src\stm32f1xx_ll_usb.o
                0x08001582                USB_EnableGlobalInt
 .text.USB_DisableGlobalInt
                0x08001594       0x14 Drivers\STM32F1xx_HAL_Driver\Src\stm32f1xx_ll_usb.o
                0x08001594                USB_DisableGlobalInt
 .text.USB_SetCurrentMode
                0x080015a8        0x4 Drivers\STM32F1xx_HAL_Driver\Src\stm32f1xx_ll_usb.o
                0x080015a8                USB_SetCurrentMode
 .text.USB_DevInit
                0x080015ac       0x28 Drivers\STM32F1xx_HAL_Driver\Src\stm32f1xx_ll_usb.o
                0x080015ac                USB_DevInit
 .text.USB_ActivateEndpoint
                0x080015d4      0x2e4 Drivers\STM32F1xx_HAL_Driver\Src\stm32f1xx_ll_usb.o
                0x080015d4                USB_ActivateEndpoint
 .text.USB_DeactivateEndpoint
                0x080018b8      0x170 Drivers\STM32F1xx_HAL_Driver\Src\stm32f1xx_ll_usb.o
                0x080018b8                USB_DeactivateEndpoint
 .text.USB_EPSetStall
                0x08001a28       0x62 Drivers\STM32F1xx_HAL_Driver\Src\stm32f1xx_ll_usb.o
                0x08001a28                USB_EPSetStall
 .text.USB_EPClearStall
                0x08001a8a       0x84 Drivers\STM32F1xx_HAL_Driver\Src\stm32f1xx_ll_usb.o
                0x08001a8a                USB_EPClearStall
 .text.USB_SetDevAddress
                0x08001b0e        0xc Drivers\STM32F1xx_HAL_Driver\Src\stm32f1xx_ll_usb.o
                0x08001b0e                USB_SetDevAddress
 .text.USB_DevConnect
                0x08001b1a        0x4 Drivers\STM32F1xx_HAL_Driver\Src\stm32f1xx_ll_usb.o
                0x08001b1a                USB_DevConnect
 .text.USB_DevDisconnect
                0x08001b1e        0x4 Drivers\STM32F1xx_HAL_Driver\Src\stm32f1xx_ll_usb.o
                0x08001b1e                USB_DevDisconnect
 .text.USB_ReadInterrupts
                0x08001b22        0x8 Drivers\STM32F1xx_HAL_Driver\Src\stm32f1xx_ll_usb.o
                0x08001b22                USB_ReadInterrupts
 .text.USB_EP0_OutStart
                0x08001b2a        0x4 Drivers\STM32F1xx_HAL_Driver\Src\stm32f1xx_ll_usb.o
                0x08001b2a                USB_EP0_OutStart
 .text.USB_WritePMA
                0x08001b2e       0x22 Drivers\STM32F1xx_HAL_Driver\Src\stm32f1xx_ll_usb.o
                0x08001b2e                USB_WritePMA
 .text.USB_EPStartXfer
                0x08001b50      0x1a0 Drivers\STM32F1xx_HAL_Driver\Src\stm32f1xx_ll_usb.o
                0x08001b50                USB_EPStartXfer
 .text.USB_ReadPMA
                0x08001cf0       0x22 Drivers\STM32F1xx_HAL_Driver\Src\stm32f1xx_ll_usb.o
                0x08001cf0                USB_ReadPMA
 .text.USBD_CDC_DataIn
                0x08001d12       0x12 Middlewares\ST\STM32_USB_Device_Library\Class\CDC\Src\usbd_cdc.o
 .text.USBD_CDC_EP0_RxReady
                0x08001d24       0x28 Middlewares\ST\STM32_USB_Device_Library\Class\CDC\Src\usbd_cdc.o
 .text.USBD_CDC_GetFSCfgDesc
                0x08001d4c        0xc Middlewares\ST\STM32_USB_Device_Library\Class\CDC\Src\usbd_cdc.o
 .text.USBD_CDC_GetHSCfgDesc
                0x08001d58        0xc Middlewares\ST\STM32_USB_Device_Library\Class\CDC\Src\usbd_cdc.o
 .text.USBD_CDC_GetOtherSpeedCfgDesc
                0x08001d64        0xc Middlewares\ST\STM32_USB_Device_Library\Class\CDC\Src\usbd_cdc.o
 .text.USBD_CDC_GetDeviceQualifierDescriptor
                0x08001d70        0xc Middlewares\ST\STM32_USB_Device_Library\Class\CDC\Src\usbd_cdc.o
                0x08001d70                USBD_CDC_GetDeviceQualifierDescriptor
 .text.USBD_CDC_DataOut
                0x08001d7c       0x2e Middlewares\ST\STM32_USB_Device_Library\Class\CDC\Src\usbd_cdc.o
 *fill*         0x08001daa        0x2 
 .text.USBD_CDC_Setup
                0x08001dac       0x6c Middlewares\ST\STM32_USB_Device_Library\Class\CDC\Src\usbd_cdc.o
 .text.USBD_CDC_DeInit
                0x08001e18       0x3a Middlewares\ST\STM32_USB_Device_Library\Class\CDC\Src\usbd_cdc.o
 .text.USBD_CDC_Init
                0x08001e52       0x8c Middlewares\ST\STM32_USB_Device_Library\Class\CDC\Src\usbd_cdc.o
 .text.USBD_CDC_RegisterInterface
                0x08001ede        0xe Middlewares\ST\STM32_USB_Device_Library\Class\CDC\Src\usbd_cdc.o
                0x08001ede                USBD_CDC_RegisterInterface
 .text.USBD_CDC_SetTxBuffer
                0x08001eec       0x10 Middlewares\ST\STM32_USB_Device_Library\Class\CDC\Src\usbd_cdc.o
                0x08001eec                USBD_CDC_SetTxBuffer
 .text.USBD_CDC_SetRxBuffer
                0x08001efc        0xc Middlewares\ST\STM32_USB_Device_Library\Class\CDC\Src\usbd_cdc.o
                0x08001efc                USBD_CDC_SetRxBuffer
 .text.USBD_CDC_TransmitPacket
                0x08001f08       0x2e Middlewares\ST\STM32_USB_Device_Library\Class\CDC\Src\usbd_cdc.o
                0x08001f08                USBD_CDC_TransmitPacket
 .text.USBD_CDC_ReceivePacket
                0x08001f36       0x26 Middlewares\ST\STM32_USB_Device_Library\Class\CDC\Src\usbd_cdc.o
                0x08001f36                USBD_CDC_ReceivePacket
 .text.USBD_Init
                0x08001f5c       0x2a Middlewares\ST\STM32_USB_Device_Library\Core\Src\usbd_core.o
                0x08001f5c                USBD_Init
 .text.USBD_RegisterClass
                0x08001f86        0xe Middlewares\ST\STM32_USB_Device_Library\Core\Src\usbd_core.o
                0x08001f86                USBD_RegisterClass
 .text.USBD_Start
                0x08001f94        0xa Middlewares\ST\STM32_USB_Device_Library\Core\Src\usbd_core.o
                0x08001f94                USBD_Start
 .text.USBD_SetClassConfig
                0x08001f9e       0x16 Middlewares\ST\STM32_USB_Device_Library\Core\Src\usbd_core.o
                0x08001f9e                USBD_SetClassConfig
 .text.USBD_ClrClassConfig
                0x08001fb4        0xe Middlewares\ST\STM32_USB_Device_Library\Core\Src\usbd_core.o
                0x08001fb4                USBD_ClrClassConfig
 .text.USBD_LL_SetupStage
                0x08001fc2       0x5a Middlewares\ST\STM32_USB_Device_Library\Core\Src\usbd_core.o
                0x08001fc2                USBD_LL_SetupStage
 .text.USBD_LL_DataOutStage
                0x0800201c       0x62 Middlewares\ST\STM32_USB_Device_Library\Core\Src\usbd_core.o
                0x0800201c                USBD_LL_DataOutStage
 .text.USBD_LL_DataInStage
                0x0800207e       0x9c Middlewares\ST\STM32_USB_Device_Library\Core\Src\usbd_core.o
                0x0800207e                USBD_LL_DataInStage
 .text.USBD_LL_Reset
                0x0800211a       0x3e Middlewares\ST\STM32_USB_Device_Library\Core\Src\usbd_core.o
                0x0800211a                USBD_LL_Reset
 .text.USBD_LL_SetSpeed
                0x08002158        0x6 Middlewares\ST\STM32_USB_Device_Library\Core\Src\usbd_core.o
                0x08002158                USBD_LL_SetSpeed
 .text.USBD_LL_Suspend
                0x0800215e       0x12 Middlewares\ST\STM32_USB_Device_Library\Core\Src\usbd_core.o
                0x0800215e                USBD_LL_Suspend
 .text.USBD_LL_Resume
                0x08002170        0xc Middlewares\ST\STM32_USB_Device_Library\Core\Src\usbd_core.o
                0x08002170                USBD_LL_Resume
 .text.USBD_LL_SOF
                0x0800217c       0x18 Middlewares\ST\STM32_USB_Device_Library\Core\Src\usbd_core.o
                0x0800217c                USBD_LL_SOF
 .text.USBD_ParseSetupRequest
                0x08002194       0x28 Middlewares\ST\STM32_USB_Device_Library\Core\Src\usbd_ctlreq.o
                0x08002194                USBD_ParseSetupRequest
 .text.USBD_CtlError
                0x080021bc       0x16 Middlewares\ST\STM32_USB_Device_Library\Core\Src\usbd_ctlreq.o
                0x080021bc                USBD_CtlError
 *fill*         0x080021d2        0x2 
 .text.USBD_StdDevReq
                0x080021d4      0x214 Middlewares\ST\STM32_USB_Device_Library\Core\Src\usbd_ctlreq.o
                0x080021d4                USBD_StdDevReq
 .text.USBD_StdItfReq
                0x080023e8       0x30 Middlewares\ST\STM32_USB_Device_Library\Core\Src\usbd_ctlreq.o
                0x080023e8                USBD_StdItfReq
 .text.USBD_StdEPReq
                0x08002418       0xc6 Middlewares\ST\STM32_USB_Device_Library\Core\Src\usbd_ctlreq.o
                0x08002418                USBD_StdEPReq
 .text.USBD_GetString
                0x080024de       0x38 Middlewares\ST\STM32_USB_Device_Library\Core\Src\usbd_ctlreq.o
                0x080024de                USBD_GetString
 .text.USBD_CtlSendData
                0x08002516       0x1a Middlewares\ST\STM32_USB_Device_Library\Core\Src\usbd_ioreq.o
                0x08002516                USBD_CtlSendData
 .text.USBD_CtlContinueSendData
                0x08002530       0x10 Middlewares\ST\STM32_USB_Device_Library\Core\Src\usbd_ioreq.o
                0x08002530                USBD_CtlContinueSendData
 .text.USBD_CtlPrepareRx
                0x08002540       0x1e Middlewares\ST\STM32_USB_Device_Library\Core\Src\usbd_ioreq.o
                0x08002540                USBD_CtlPrepareRx
 .text.USBD_CtlContinueRx
                0x0800255e       0x10 Middlewares\ST\STM32_USB_Device_Library\Core\Src\usbd_ioreq.o
                0x0800255e                USBD_CtlContinueRx
 .text.USBD_CtlSendStatus
                0x0800256e       0x16 Middlewares\ST\STM32_USB_Device_Library\Core\Src\usbd_ioreq.o
                0x0800256e                USBD_CtlSendStatus
 .text.USBD_CtlReceiveStatus
                0x08002584       0x16 Middlewares\ST\STM32_USB_Device_Library\Core\Src\usbd_ioreq.o
                0x08002584                USBD_CtlReceiveStatus
 .text.osSystickHandler
                0x0800259a       0x14 Middlewares\Third_Party\FreeRTOS\Source\CMSIS_RTOS\cmsis_os.o
                0x0800259a                osSystickHandler
 .text.vListInitialise
                0x080025ae       0x16 Middlewares\Third_Party\FreeRTOS\Source\list.o
                0x080025ae                vListInitialise
 .text.vListInitialiseItem
                0x080025c4        0x6 Middlewares\Third_Party\FreeRTOS\Source\list.o
                0x080025c4                vListInitialiseItem
 .text.vListInsertEnd
                0x080025ca       0x18 Middlewares\Third_Party\FreeRTOS\Source\list.o
                0x080025ca                vListInsertEnd
 .text.vListInsert
                0x080025e2       0x30 Middlewares\Third_Party\FreeRTOS\Source\list.o
                0x080025e2                vListInsert
 .text.uxListRemove
                0x08002612       0x20 Middlewares\Third_Party\FreeRTOS\Source\list.o
                0x08002612                uxListRemove
 *fill*         0x08002632        0x2 
 .text.prvPortStartFirstTask
                0x08002634       0x20 Middlewares\Third_Party\FreeRTOS\Source\portable\GCC\ARM_CM3\port.o
 .text.pxPortInitialiseStack
                0x08002654       0x1c Middlewares\Third_Party\FreeRTOS\Source\portable\GCC\ARM_CM3\port.o
                0x08002654                pxPortInitialiseStack
 .text.SVC_Handler
                0x08002670       0x24 Middlewares\Third_Party\FreeRTOS\Source\portable\GCC\ARM_CM3\port.o
                0x08002670                SVC_Handler
 .text.vPortYield
                0x08002694       0x18 Middlewares\Third_Party\FreeRTOS\Source\portable\GCC\ARM_CM3\port.o
                0x08002694                vPortYield
 .text.ulPortSetInterruptMask
                0x080026ac       0x10 Middlewares\Third_Party\FreeRTOS\Source\portable\GCC\ARM_CM3\port.o
                0x080026ac                ulPortSetInterruptMask
 .text.prvTaskExitError
                0x080026bc       0x1c Middlewares\Third_Party\FreeRTOS\Source\portable\GCC\ARM_CM3\port.o
 .text.vPortEnterCritical
                0x080026d8       0x34 Middlewares\Third_Party\FreeRTOS\Source\portable\GCC\ARM_CM3\port.o
                0x080026d8                vPortEnterCritical
 .text.vPortClearInterruptMask
                0x0800270c        0x6 Middlewares\Third_Party\FreeRTOS\Source\portable\GCC\ARM_CM3\port.o
                0x0800270c                vPortClearInterruptMask
 *fill*         0x08002712        0x2 
 .text.vPortExitCritical
                0x08002714       0x24 Middlewares\Third_Party\FreeRTOS\Source\portable\GCC\ARM_CM3\port.o
                0x08002714                vPortExitCritical
 .text.PendSV_Handler
                0x08002738       0x44 Middlewares\Third_Party\FreeRTOS\Source\portable\GCC\ARM_CM3\port.o
                0x08002738                PendSV_Handler
 .text.xPortSysTickHandler
                0x0800277c       0x24 Middlewares\Third_Party\FreeRTOS\Source\portable\GCC\ARM_CM3\port.o
                0x0800277c                xPortSysTickHandler
 .text.vPortSuppressTicksAndSleep
                0x080027a0      0x118 Middlewares\Third_Party\FreeRTOS\Source\portable\GCC\ARM_CM3\port.o
                0x080027a0                vPortSuppressTicksAndSleep
 .text.vPortSetupTimerInterrupt
                0x080028b8       0x50 Middlewares\Third_Party\FreeRTOS\Source\portable\GCC\ARM_CM3\port.o
                0x080028b8                vPortSetupTimerInterrupt
 .text.xPortStartScheduler
                0x08002908       0x94 Middlewares\Third_Party\FreeRTOS\Source\portable\GCC\ARM_CM3\port.o
                0x08002908                xPortStartScheduler
 .text.vPortValidateInterruptPriority
                0x0800299c       0x44 Middlewares\Third_Party\FreeRTOS\Source\portable\GCC\ARM_CM3\port.o
                0x0800299c                vPortValidateInterruptPriority
 .text.prvInsertBlockIntoFreeList
                0x080029e0       0x48 Middlewares\Third_Party\FreeRTOS\Source\portable\MemMang\heap_4.o
 .text.pvPortMalloc
                0x08002a28      0x114 Middlewares\Third_Party\FreeRTOS\Source\portable\MemMang\heap_4.o
                0x08002a28                pvPortMalloc
 .text.vPortFree
                0x08002b3c       0x58 Middlewares\Third_Party\FreeRTOS\Source\portable\MemMang\heap_4.o
                0x08002b3c                vPortFree
 .text.prvCopyDataToQueue
                0x08002b94       0x6a Middlewares\Third_Party\FreeRTOS\Source\queue.o
 .text.prvCopyDataFromQueue
                0x08002bfe       0x28 Middlewares\Third_Party\FreeRTOS\Source\queue.o
 .text.prvUnlockQueue
                0x08002c26       0x68 Middlewares\Third_Party\FreeRTOS\Source\queue.o
 .text.xQueueGenericReset
                0x08002c8e       0x62 Middlewares\Third_Party\FreeRTOS\Source\queue.o
                0x08002c8e                xQueueGenericReset
 .text.xQueueGenericCreate
                0x08002cf0       0x4c Middlewares\Third_Party\FreeRTOS\Source\queue.o
                0x08002cf0                xQueueGenericCreate
 .text.xQueueGenericSendFromISR
                0x08002d3c       0x8a Middlewares\Third_Party\FreeRTOS\Source\queue.o
                0x08002d3c                xQueueGenericSendFromISR
 .text.xQueueGenericReceive
                0x08002dc6      0x12c Middlewares\Third_Party\FreeRTOS\Source\queue.o
                0x08002dc6                xQueueGenericReceive
 *fill*         0x08002ef2        0x2 
 .text.prvGetExpectedIdleTime
                0x08002ef4       0x30 Middlewares\Third_Party\FreeRTOS\Source\tasks.o
 .text.prvResetNextTaskUnblockTime
                0x08002f24       0x24 Middlewares\Third_Party\FreeRTOS\Source\tasks.o
 .text.prvAddCurrentTaskToDelayedList
                0x08002f48       0x50 Middlewares\Third_Party\FreeRTOS\Source\tasks.o
 .text.xTaskGenericCreate
                0x08002f98      0x1c8 Middlewares\Third_Party\FreeRTOS\Source\tasks.o
                0x08002f98                xTaskGenericCreate
 .text.vTaskStartScheduler
                0x08003160       0x64 Middlewares\Third_Party\FreeRTOS\Source\tasks.o
                0x08003160                vTaskStartScheduler
 .text.vTaskSuspendAll
                0x080031c4       0x10 Middlewares\Third_Party\FreeRTOS\Source\tasks.o
                0x080031c4                vTaskSuspendAll
 .text.vTaskStepTick
                0x080031d4       0x28 Middlewares\Third_Party\FreeRTOS\Source\tasks.o
                0x080031d4                vTaskStepTick
 .text.xTaskIncrementTick
                0x080031fc      0x134 Middlewares\Third_Party\FreeRTOS\Source\tasks.o
                0x080031fc                xTaskIncrementTick
 .text.xTaskResumeAll
                0x08003330       0xd0 Middlewares\Third_Party\FreeRTOS\Source\tasks.o
                0x08003330                xTaskResumeAll
 .text.vTaskDelay
                0x08003400       0x60 Middlewares\Third_Party\FreeRTOS\Source\tasks.o
                0x08003400                vTaskDelay
 .text.prvIdleTask
                0x08003460       0xa4 Middlewares\Third_Party\FreeRTOS\Source\tasks.o
 .text.vTaskSwitchContext
                0x08003504       0x88 Middlewares\Third_Party\FreeRTOS\Source\tasks.o
                0x08003504                vTaskSwitchContext
 .text.vTaskPlaceOnEventList
                0x0800358c       0x64 Middlewares\Third_Party\FreeRTOS\Source\tasks.o
                0x0800358c                vTaskPlaceOnEventList
 .text.xTaskRemoveFromEventList
                0x080035f0       0x7c Middlewares\Third_Party\FreeRTOS\Source\tasks.o
                0x080035f0                xTaskRemoveFromEventList
 .text.vTaskSetTimeOutState
                0x0800366c       0x20 Middlewares\Third_Party\FreeRTOS\Source\tasks.o
                0x0800366c                vTaskSetTimeOutState
 .text.xTaskCheckForTimeOut
                0x0800368c       0x5c Middlewares\Third_Party\FreeRTOS\Source\tasks.o
                0x0800368c                xTaskCheckForTimeOut
 .text.vTaskMissedYield
                0x080036e8        0xc Middlewares\Third_Party\FreeRTOS\Source\tasks.o
                0x080036e8                vTaskMissedYield
 .text.eTaskConfirmSleepModeStatus
                0x080036f4       0x34 Middlewares\Third_Party\FreeRTOS\Source\tasks.o
                0x080036f4                eTaskConfirmSleepModeStatus
 .text.xTaskGetSchedulerState
                0x08003728       0x20 Middlewares\Third_Party\FreeRTOS\Source\tasks.o
                0x08003728                xTaskGetSchedulerState
 .text.vTaskPriorityInherit
                0x08003748       0x94 Middlewares\Third_Party\FreeRTOS\Source\tasks.o
                0x08003748                vTaskPriorityInherit
 .text.xTaskPriorityDisinherit
                0x080037dc       0x88 Middlewares\Third_Party\FreeRTOS\Source\tasks.o
                0x080037dc                xTaskPriorityDisinherit
 .text.pvTaskIncrementMutexHeldCount
                0x08003864       0x18 Middlewares\Third_Party\FreeRTOS\Source\tasks.o
                0x08003864                pvTaskIncrementMutexHeldCount
 .text.prv_sigint
                0x0800387c       0x24 Src\console.o
 .text.prv_complet
                0x080038a0       0x64 Src\console.o
 .text.cmdHelp  0x08003904       0x3c Src\console.o
 .text.microrl_sendString
                0x08003940       0x1a Src\console.o
                0x08003940                microrl_sendString
 *fill*         0x0800395a        0x2 
 .text.cmdClear
                0x0800395c       0x1c Src\console.o
 .text.consoleInit
                0x08003978       0x18 Src\console.o
                0x08003978                consoleInit
 .text.microrl_terminalInit
                0x08003990       0x3c Src\console.o
                0x08003990                microrl_terminalInit
 .text.microrl_terminalProcess
                0x080039cc       0x30 Src\console.o
                0x080039cc                microrl_terminalProcess
 .text.microrl_printStringWithEndl
                0x080039fc       0x14 Src\console.o
                0x080039fc                microrl_printStringWithEndl
 .text.prv_execute
                0x08003a10       0x48 Src\console.o
 .text.fc_printf
                0x08003a58       0x1a Src\console.o
                0x08003a58                fc_printf
 *fill*         0x08003a72        0x2 
 .text.consoleInput
                0x08003a74       0x40 Src\console.o
                0x08003a74                consoleInput
 .text.cmdStatus
                0x08003ab4       0x50 Src\console_cmd.o
                0x08003ab4                cmdStatus
 .text.configureTimerForRunTimeStats
                0x08003b04        0x2 Src\freertos.o
                0x08003b04                configureTimerForRunTimeStats
 .text.getRunTimeCounterValue
                0x08003b06        0x4 Src\freertos.o
                0x08003b06                getRunTimeCounterValue
 .text.vApplicationIdleHook
                0x08003b0a        0x2 Src\freertos.o
                0x08003b0a                vApplicationIdleHook
 .text.vApplicationTickHook
                0x08003b0c        0x2 Src\freertos.o
                0x08003b0c                vApplicationTickHook
 .text.vApplicationMallocFailedHook
                0x08003b0e        0x2 Src\freertos.o
                0x08003b0e                vApplicationMallocFailedHook
 .text.PreSleepProcessing
                0x08003b10        0x2 Src\freertos.o
                0x08003b10                PreSleepProcessing
 .text.PostSleepProcessing
                0x08003b12        0x2 Src\freertos.o
                0x08003b12                PostSleepProcessing
 .text.microrl_run
                0x08003b14        0xc Src\main.o
                0x08003b14                microrl_run
 .text.vLedTask
                0x08003b20       0x20 Src\main.o
                0x08003b20                vLedTask
 .text.SystemClock_Config
                0x08003b40       0x7e Src\main.o
                0x08003b40                SystemClock_Config
 *fill*         0x08003bbe        0x2 
 .text.startup.main
                0x08003bc0       0xc4 Src\main.o
                0x08003bc0                main
 .text.Error_Handler
                0x08003c84        0x2 Src\main.o
                0x08003c84                Error_Handler
 .text.NMI_Handler
                0x08003c86        0x2 Src\stm32f1xx_it.o
                0x08003c86                NMI_Handler
 .text.HardFault_Handler
                0x08003c88        0x2 Src\stm32f1xx_it.o
                0x08003c88                HardFault_Handler
 .text.MemManage_Handler
                0x08003c8a        0x2 Src\stm32f1xx_it.o
                0x08003c8a                MemManage_Handler
 .text.BusFault_Handler
                0x08003c8c        0x2 Src\stm32f1xx_it.o
                0x08003c8c                BusFault_Handler
 .text.UsageFault_Handler
                0x08003c8e        0x2 Src\stm32f1xx_it.o
                0x08003c8e                UsageFault_Handler
 .text.DebugMon_Handler
                0x08003c90        0x2 Src\stm32f1xx_it.o
                0x08003c90                DebugMon_Handler
 .text.SysTick_Handler
                0x08003c92        0xe Src\stm32f1xx_it.o
                0x08003c92                SysTick_Handler
 .text.USB_LP_CAN1_RX0_IRQHandler
                0x08003ca0        0xc Src\stm32f1xx_it.o
                0x08003ca0                USB_LP_CAN1_RX0_IRQHandler
 .text._sbrk    0x08003cac       0x1c Src\syscalls.o
                0x08003cac                _sbrk
 .text._close   0x08003cc8        0x6 Src\syscalls.o
                0x08003cc8                _close
 .text._fstat   0x08003cce        0xa Src\syscalls.o
                0x08003cce                _fstat
 .text._isatty  0x08003cd8        0x4 Src\syscalls.o
                0x08003cd8                _isatty
 .text._lseek   0x08003cdc        0x4 Src\syscalls.o
                0x08003cdc                _lseek
 .text._read    0x08003ce0        0x4 Src\syscalls.o
                0x08003ce0                _read
 .text._write   0x08003ce4       0x2c Src\syscalls.o
                0x08003ce4                _write
 .text.SystemInit
                0x08003d10       0x4c Src\system_stm32f1xx.o
                0x08003d10                SystemInit
 .text.MX_USB_DEVICE_Init
                0x08003d5c       0x38 Src\usb_device.o
                0x08003d5c                MX_USB_DEVICE_Init
 .text.CDC_DeInit_FS
                0x08003d94        0x4 Src\usbd_cdc_if.o
 .text.CDC_Control_FS
                0x08003d98        0x4 Src\usbd_cdc_if.o
 .text.CDC_Receive_FS
                0x08003d9c       0x4c Src\usbd_cdc_if.o
 .text.CDC_Init_FS
                0x08003de8       0x28 Src\usbd_cdc_if.o
 .text.CDC_Transmit_FS
                0x08003e10       0x2c Src\usbd_cdc_if.o
                0x08003e10                CDC_Transmit_FS
 .text.HAL_PCD_MspInit
                0x08003e3c       0x3c Src\usbd_conf.o
                0x08003e3c                HAL_PCD_MspInit
 .text.HAL_PCD_SetupStageCallback
                0x08003e78        0xc Src\usbd_conf.o
                0x08003e78                HAL_PCD_SetupStageCallback
 .text.HAL_PCD_DataOutStageCallback
                0x08003e84       0x10 Src\usbd_conf.o
                0x08003e84                HAL_PCD_DataOutStageCallback
 .text.HAL_PCD_DataInStageCallback
                0x08003e94        0xe Src\usbd_conf.o
                0x08003e94                HAL_PCD_DataInStageCallback
 .text.HAL_PCD_SOFCallback
                0x08003ea2        0x8 Src\usbd_conf.o
                0x08003ea2                HAL_PCD_SOFCallback
 .text.HAL_PCD_ResetCallback
                0x08003eaa       0x1a Src\usbd_conf.o
                0x08003eaa                HAL_PCD_ResetCallback
 .text.HAL_PCD_SuspendCallback
                0x08003ec4       0x20 Src\usbd_conf.o
                0x08003ec4                HAL_PCD_SuspendCallback
 .text.HAL_PCD_ResumeCallback
                0x08003ee4        0x8 Src\usbd_conf.o
                0x08003ee4                HAL_PCD_ResumeCallback
 .text.USBD_LL_Init
                0x08003eec       0x84 Src\usbd_conf.o
                0x08003eec                USBD_LL_Init
 .text.USBD_LL_Start
                0x08003f70       0x1c Src\usbd_conf.o
                0x08003f70                USBD_LL_Start
 .text.USBD_LL_OpenEP
                0x08003f8c       0x20 Src\usbd_conf.o
                0x08003f8c                USBD_LL_OpenEP
 .text.USBD_LL_CloseEP
                0x08003fac       0x1c Src\usbd_conf.o
                0x08003fac                USBD_LL_CloseEP
 .text.USBD_LL_StallEP
                0x08003fc8       0x1c Src\usbd_conf.o
                0x08003fc8                USBD_LL_StallEP
 .text.USBD_LL_ClearStallEP
                0x08003fe4       0x1c Src\usbd_conf.o
                0x08003fe4                USBD_LL_ClearStallEP
 .text.USBD_LL_IsStallEP
                0x08004000       0x20 Src\usbd_conf.o
                0x08004000                USBD_LL_IsStallEP
 .text.USBD_LL_SetUSBAddress
                0x08004020       0x1c Src\usbd_conf.o
                0x08004020                USBD_LL_SetUSBAddress
 .text.USBD_LL_Transmit
                0x0800403c       0x1c Src\usbd_conf.o
                0x0800403c                USBD_LL_Transmit
 .text.USBD_LL_PrepareReceive
                0x08004058       0x1c Src\usbd_conf.o
                0x08004058                USBD_LL_PrepareReceive
 .text.USBD_LL_GetRxDataSize
                0x08004074        0xc Src\usbd_conf.o
                0x08004074                USBD_LL_GetRxDataSize
 .text.USBD_static_malloc
                0x08004080        0x8 Src\usbd_conf.o
                0x08004080                USBD_static_malloc
 .text.USBD_static_free
                0x08004088        0x2 Src\usbd_conf.o
                0x08004088                USBD_static_free
 .text.HAL_PCDEx_SetConnectionState
                0x0800408a        0x2 Src\usbd_conf.o
                0x0800408a                HAL_PCDEx_SetConnectionState
 .text.USBD_FS_DeviceDescriptor
                0x0800408c        0xc Src\usbd_desc.o
                0x0800408c                USBD_FS_DeviceDescriptor
 .text.USBD_FS_LangIDStrDescriptor
                0x08004098        0xc Src\usbd_desc.o
                0x08004098                USBD_FS_LangIDStrDescriptor
 .text.USBD_FS_ManufacturerStrDescriptor
                0x080040a4       0x1c Src\usbd_desc.o
                0x080040a4                USBD_FS_ManufacturerStrDescriptor
 .text.USBD_FS_ProductStrDescriptor
                0x080040c0       0x1c Src\usbd_desc.o
                0x080040c0                USBD_FS_ProductStrDescriptor
 .text.USBD_FS_SerialStrDescriptor
                0x080040dc       0x1c Src\usbd_desc.o
                0x080040dc                USBD_FS_SerialStrDescriptor
 .text.USBD_FS_ConfigStrDescriptor
                0x080040f8       0x1c Src\usbd_desc.o
                0x080040f8                USBD_FS_ConfigStrDescriptor
 .text.USBD_FS_InterfaceStrDescriptor
                0x08004114       0x1c Src\usbd_desc.o
                0x08004114                USBD_FS_InterfaceStrDescriptor
 .text.split    0x08004130       0x52 microrl_lib\microrl.o
 .text.u16bit_to_str
                0x08004182       0x4a microrl_lib\microrl.o
 .text.terminal_reset_cursor.isra.2
                0x080041cc       0x40 microrl_lib\microrl.o
 .text.terminal_move_cursor.isra.3
                0x0800420c       0x54 microrl_lib\microrl.o
 .text.terminal_print_line
                0x08004260       0x5c microrl_lib\microrl.o
 .text.hist_search
                0x080042bc      0x116 microrl_lib\microrl.o
 *fill*         0x080043d2        0x2 
 .text.microrl_backspace
                0x080043d4       0x50 microrl_lib\microrl.o
 .text.microrl_insert_text
                0x08004424       0x66 microrl_lib\microrl.o
 *fill*         0x0800448a        0x2 
 .text.microrl_init
                0x0800448c       0x58 microrl_lib\microrl.o
                0x0800448c                microrl_init
 .text.microrl_set_complete_callback
                0x080044e4        0x6 microrl_lib\microrl.o
                0x080044e4                microrl_set_complete_callback
 .text.microrl_set_execute_callback
                0x080044ea        0x6 microrl_lib\microrl.o
                0x080044ea                microrl_set_execute_callback
 .text.microrl_set_sigint_callback
                0x080044f0        0x6 microrl_lib\microrl.o
                0x080044f0                microrl_set_sigint_callback
 *fill*         0x080044f6        0x2 
 .text.new_line_handler
                0x080044f8       0xfc microrl_lib\microrl.o
                0x080044f8                new_line_handler
 .text.microrl_insert_char
                0x080045f4      0x2e8 microrl_lib\microrl.o
                0x080045f4                microrl_insert_char
 .text.__libc_init_array
                0x080048dc       0x4c c:/program files/atollic/truestudio for arm 7.1.0/armtools/bin/../lib/gcc/arm-atollic-eabi/5.3.1/../../../../arm-atollic-eabi/lib/armv7-m\libc_nano.a(lib_a-init.o)
                0x080048dc                __libc_init_array
 .text.memcpy   0x08004928       0x16 c:/program files/atollic/truestudio for arm 7.1.0/armtools/bin/../lib/gcc/arm-atollic-eabi/5.3.1/../../../../arm-atollic-eabi/lib/armv7-m\libc_nano.a(lib_a-memcpy-stub.o)
                0x08004928                memcpy
 .text.memmove  0x0800493e       0x36 c:/program files/atollic/truestudio for arm 7.1.0/armtools/bin/../lib/gcc/arm-atollic-eabi/5.3.1/../../../../arm-atollic-eabi/lib/armv7-m\libc_nano.a(lib_a-memmove.o)
                0x0800493e                memmove
 .text.memset   0x08004974       0x10 c:/program files/atollic/truestudio for arm 7.1.0/armtools/bin/../lib/gcc/arm-atollic-eabi/5.3.1/../../../../arm-atollic-eabi/lib/armv7-m\libc_nano.a(lib_a-memset.o)
                0x08004974                memset
 .text.printf   0x08004984       0x30 c:/program files/atollic/truestudio for arm 7.1.0/armtools/bin/../lib/gcc/arm-atollic-eabi/5.3.1/../../../../arm-atollic-eabi/lib/armv7-m\libc_nano.a(lib_a-printf.o)
                0x08004984                iprintf
                0x08004984                printf
 .text._puts_r  0x080049b4       0xb4 c:/program files/atollic/truestudio for arm 7.1.0/armtools/bin/../lib/gcc/arm-atollic-eabi/5.3.1/../../../../arm-atollic-eabi/lib/armv7-m\libc_nano.a(lib_a-puts.o)
                0x080049b4                _puts_r
 .text.puts     0x08004a68       0x10 c:/program files/atollic/truestudio for arm 7.1.0/armtools/bin/../lib/gcc/arm-atollic-eabi/5.3.1/../../../../arm-atollic-eabi/lib/armv7-m\libc_nano.a(lib_a-puts.o)
                0x08004a68                puts
 .text.strcasecmp
                0x08004a78       0x3c c:/program files/atollic/truestudio for arm 7.1.0/armtools/bin/../lib/gcc/arm-atollic-eabi/5.3.1/../../../../arm-atollic-eabi/lib/armv7-m\libc_nano.a(lib_a-strcasecmp.o)
                0x08004a78                strcasecmp
 .text.strcpy   0x08004ab4       0x10 c:/program files/atollic/truestudio for arm 7.1.0/armtools/bin/../lib/gcc/arm-atollic-eabi/5.3.1/../../../../arm-atollic-eabi/lib/armv7-m\libc_nano.a(lib_a-strcpy.o)
                0x08004ab4                strcpy
 .text.strstr   0x08004ac4       0x34 c:/program files/atollic/truestudio for arm 7.1.0/armtools/bin/../lib/gcc/arm-atollic-eabi/5.3.1/../../../../arm-atollic-eabi/lib/armv7-m\libc_nano.a(lib_a-strstr.o)
                0x08004ac4                strstr
 .text.vprintf  0x08004af8       0x2c c:/program files/atollic/truestudio for arm 7.1.0/armtools/bin/../lib/gcc/arm-atollic-eabi/5.3.1/../../../../arm-atollic-eabi/lib/armv7-m\libc_nano.a(lib_a-vprintf.o)
                0x08004af8                viprintf
                0x08004af8                vprintf
 .text.__swbuf_r
                0x08004b24       0xa8 c:/program files/atollic/truestudio for arm 7.1.0/armtools/bin/../lib/gcc/arm-atollic-eabi/5.3.1/../../../../arm-atollic-eabi/lib/armv7-m\libc_nano.a(lib_a-wbuf.o)
                0x08004b24                __swbuf_r
 .text.__swsetup_r
                0x08004bcc       0xdc c:/program files/atollic/truestudio for arm 7.1.0/armtools/bin/../lib/gcc/arm-atollic-eabi/5.3.1/../../../../arm-atollic-eabi/lib/armv7-m\libc_nano.a(lib_a-wsetup.o)
                0x08004bcc                __swsetup_r
 .text.__sflush_r
                0x08004ca8      0x10c c:/program files/atollic/truestudio for arm 7.1.0/armtools/bin/../lib/gcc/arm-atollic-eabi/5.3.1/../../../../arm-atollic-eabi/lib/armv7-m\libc_nano.a(lib_a-fflush.o)
                0x08004ca8                __sflush_r
 .text._fflush_r
                0x08004db4       0x54 c:/program files/atollic/truestudio for arm 7.1.0/armtools/bin/../lib/gcc/arm-atollic-eabi/5.3.1/../../../../arm-atollic-eabi/lib/armv7-m\libc_nano.a(lib_a-fflush.o)
                0x08004db4                _fflush_r
 .text._cleanup_r
                0x08004e08        0xc c:/program files/atollic/truestudio for arm 7.1.0/armtools/bin/../lib/gcc/arm-atollic-eabi/5.3.1/../../../../arm-atollic-eabi/lib/armv7-m\libc_nano.a(lib_a-findfp.o)
                0x08004e08                _cleanup_r
 .text.std.isra.0
                0x08004e14       0x48 c:/program files/atollic/truestudio for arm 7.1.0/armtools/bin/../lib/gcc/arm-atollic-eabi/5.3.1/../../../../arm-atollic-eabi/lib/armv7-m\libc_nano.a(lib_a-findfp.o)
 .text.__sfmoreglue
                0x08004e5c       0x2c c:/program files/atollic/truestudio for arm 7.1.0/armtools/bin/../lib/gcc/arm-atollic-eabi/5.3.1/../../../../arm-atollic-eabi/lib/armv7-m\libc_nano.a(lib_a-findfp.o)
                0x08004e5c                __sfmoreglue
 .text.__sinit  0x08004e88       0x60 c:/program files/atollic/truestudio for arm 7.1.0/armtools/bin/../lib/gcc/arm-atollic-eabi/5.3.1/../../../../arm-atollic-eabi/lib/armv7-m\libc_nano.a(lib_a-findfp.o)
                0x08004e88                __sinit
 .text.__sfp    0x08004ee8       0x78 c:/program files/atollic/truestudio for arm 7.1.0/armtools/bin/../lib/gcc/arm-atollic-eabi/5.3.1/../../../../arm-atollic-eabi/lib/armv7-m\libc_nano.a(lib_a-findfp.o)
                0x08004ee8                __sfp
 .text._fwalk_reent
                0x08004f60       0x3c c:/program files/atollic/truestudio for arm 7.1.0/armtools/bin/../lib/gcc/arm-atollic-eabi/5.3.1/../../../../arm-atollic-eabi/lib/armv7-m\libc_nano.a(lib_a-fwalk.o)
                0x08004f60                _fwalk_reent
 .text.__swhatbuf_r
                0x08004f9c       0x46 c:/program files/atollic/truestudio for arm 7.1.0/armtools/bin/../lib/gcc/arm-atollic-eabi/5.3.1/../../../../arm-atollic-eabi/lib/armv7-m\libc_nano.a(lib_a-makebuf.o)
                0x08004f9c                __swhatbuf_r
 *fill*         0x08004fe2        0x2 
 .text.__smakebuf_r
                0x08004fe4       0x78 c:/program files/atollic/truestudio for arm 7.1.0/armtools/bin/../lib/gcc/arm-atollic-eabi/5.3.1/../../../../arm-atollic-eabi/lib/armv7-m\libc_nano.a(lib_a-makebuf.o)
                0x08004fe4                __smakebuf_r
 .text._free_r  0x0800505c       0x98 c:/program files/atollic/truestudio for arm 7.1.0/armtools/bin/../lib/gcc/arm-atollic-eabi/5.3.1/../../../../arm-atollic-eabi/lib/armv7-m\libc_nano.a(lib_a-nano-freer.o)
                0x0800505c                _free_r
 .text._malloc_r
                0x080050f4       0xbc c:/program files/atollic/truestudio for arm 7.1.0/armtools/bin/../lib/gcc/arm-atollic-eabi/5.3.1/../../../../arm-atollic-eabi/lib/armv7-m\libc_nano.a(lib_a-nano-mallocr.o)
                0x080050f4                _malloc_r
 .text.__sfputc_r
                0x080051b0       0x2c c:/program files/atollic/truestudio for arm 7.1.0/armtools/bin/../lib/gcc/arm-atollic-eabi/5.3.1/../../../../arm-atollic-eabi/lib/armv7-m\libc_nano.a(lib_a-nano-vfprintf.o)
 .text.__sfputs_r
                0x080051dc       0x24 c:/program files/atollic/truestudio for arm 7.1.0/armtools/bin/../lib/gcc/arm-atollic-eabi/5.3.1/../../../../arm-atollic-eabi/lib/armv7-m\libc_nano.a(lib_a-nano-vfprintf.o)
                0x080051dc                __sfputs_r
 .text._vfprintf_r
                0x08005200      0x238 c:/program files/atollic/truestudio for arm 7.1.0/armtools/bin/../lib/gcc/arm-atollic-eabi/5.3.1/../../../../arm-atollic-eabi/lib/armv7-m\libc_nano.a(lib_a-nano-vfprintf.o)
                0x08005200                _vfprintf_r
                0x08005200                _vfiprintf_r
 .text._printf_common
                0x08005438       0xec c:/program files/atollic/truestudio for arm 7.1.0/armtools/bin/../lib/gcc/arm-atollic-eabi/5.3.1/../../../../arm-atollic-eabi/lib/armv7-m\libc_nano.a(lib_a-nano-vfprintf_i.o)
                0x08005438                _printf_common
 .text._printf_i
                0x08005524      0x24c c:/program files/atollic/truestudio for arm 7.1.0/armtools/bin/../lib/gcc/arm-atollic-eabi/5.3.1/../../../../arm-atollic-eabi/lib/armv7-m\libc_nano.a(lib_a-nano-vfprintf_i.o)
                0x08005524                _printf_i
 .text._sbrk_r  0x08005770       0x20 c:/program files/atollic/truestudio for arm 7.1.0/armtools/bin/../lib/gcc/arm-atollic-eabi/5.3.1/../../../../arm-atollic-eabi/lib/armv7-m\libc_nano.a(lib_a-sbrkr.o)
                0x08005770                _sbrk_r
 .text.__sread  0x08005790       0x22 c:/program files/atollic/truestudio for arm 7.1.0/armtools/bin/../lib/gcc/arm-atollic-eabi/5.3.1/../../../../arm-atollic-eabi/lib/armv7-m\libc_nano.a(lib_a-stdio.o)
                0x08005790                __sread
 .text.__swrite
                0x080057b2       0x38 c:/program files/atollic/truestudio for arm 7.1.0/armtools/bin/../lib/gcc/arm-atollic-eabi/5.3.1/../../../../arm-atollic-eabi/lib/armv7-m\libc_nano.a(lib_a-stdio.o)
                0x080057b2                __swrite
 .text.__sseek  0x080057ea       0x24 c:/program files/atollic/truestudio for arm 7.1.0/armtools/bin/../lib/gcc/arm-atollic-eabi/5.3.1/../../../../arm-atollic-eabi/lib/armv7-m\libc_nano.a(lib_a-stdio.o)
                0x080057ea                __sseek
 .text.__sclose
                0x0800580e        0x8 c:/program files/atollic/truestudio for arm 7.1.0/armtools/bin/../lib/gcc/arm-atollic-eabi/5.3.1/../../../../arm-atollic-eabi/lib/armv7-m\libc_nano.a(lib_a-stdio.o)
                0x0800580e                __sclose
 *fill*         0x08005816        0x2 
 .text._write_r
                0x08005818       0x24 c:/program files/atollic/truestudio for arm 7.1.0/armtools/bin/../lib/gcc/arm-atollic-eabi/5.3.1/../../../../arm-atollic-eabi/lib/armv7-m\libc_nano.a(lib_a-writer.o)
                0x08005818                _write_r
 .text._close_r
                0x0800583c       0x20 c:/program files/atollic/truestudio for arm 7.1.0/armtools/bin/../lib/gcc/arm-atollic-eabi/5.3.1/../../../../arm-atollic-eabi/lib/armv7-m\libc_nano.a(lib_a-closer.o)
                0x0800583c                _close_r
 .text._fstat_r
                0x0800585c       0x24 c:/program files/atollic/truestudio for arm 7.1.0/armtools/bin/../lib/gcc/arm-atollic-eabi/5.3.1/../../../../arm-atollic-eabi/lib/armv7-m\libc_nano.a(lib_a-fstatr.o)
                0x0800585c                _fstat_r
 .text._isatty_r
                0x08005880       0x20 c:/program files/atollic/truestudio for arm 7.1.0/armtools/bin/../lib/gcc/arm-atollic-eabi/5.3.1/../../../../arm-atollic-eabi/lib/armv7-m\libc_nano.a(lib_a-isattyr.o)
                0x08005880                _isatty_r
 .text._lseek_r
                0x080058a0       0x24 c:/program files/atollic/truestudio for arm 7.1.0/armtools/bin/../lib/gcc/arm-atollic-eabi/5.3.1/../../../../arm-atollic-eabi/lib/armv7-m\libc_nano.a(lib_a-lseekr.o)
                0x080058a0                _lseek_r
 .text.memchr   0x080058c4       0x1c c:/program files/atollic/truestudio for arm 7.1.0/armtools/bin/../lib/gcc/arm-atollic-eabi/5.3.1/../../../../arm-atollic-eabi/lib/armv7-m\libc_nano.a(lib_a-memchr-stub.o)
                0x080058c4                memchr
 .text.__malloc_lock
                0x080058e0        0x2 c:/program files/atollic/truestudio for arm 7.1.0/armtools/bin/../lib/gcc/arm-atollic-eabi/5.3.1/../../../../arm-atollic-eabi/lib/armv7-m\libc_nano.a(lib_a-mlock.o)
                0x080058e0                __malloc_lock
 .text.__malloc_unlock
                0x080058e2        0x2 c:/program files/atollic/truestudio for arm 7.1.0/armtools/bin/../lib/gcc/arm-atollic-eabi/5.3.1/../../../../arm-atollic-eabi/lib/armv7-m\libc_nano.a(lib_a-mlock.o)
                0x080058e2                __malloc_unlock
 .text._read_r  0x080058e4       0x24 c:/program files/atollic/truestudio for arm 7.1.0/armtools/bin/../lib/gcc/arm-atollic-eabi/5.3.1/../../../../arm-atollic-eabi/lib/armv7-m\libc_nano.a(lib_a-readr.o)
                0x080058e4                _read_r
 *(.glue_7)
 .glue_7        0x08005908        0x0 linker stubs
 *(.glue_7t)
 .glue_7t       0x08005908        0x0 linker stubs
 *(.eh_frame)
 .eh_frame      0x08005908        0x0 c:/program files/atollic/truestudio for arm 7.1.0/armtools/bin/../lib/gcc/arm-atollic-eabi/5.3.1/armv7-m/crtbegin.o
 *(.init)
 .init          0x08005908        0x4 c:/program files/atollic/truestudio for arm 7.1.0/armtools/bin/../lib/gcc/arm-atollic-eabi/5.3.1/armv7-m/crti.o
                0x08005908                _init
 .init          0x0800590c        0x8 c:/program files/atollic/truestudio for arm 7.1.0/armtools/bin/../lib/gcc/arm-atollic-eabi/5.3.1/armv7-m/crtn.o
 *(.fini)
 .fini          0x08005914        0x4 c:/program files/atollic/truestudio for arm 7.1.0/armtools/bin/../lib/gcc/arm-atollic-eabi/5.3.1/armv7-m/crti.o
                0x08005914                _fini
 .fini          0x08005918        0x8 c:/program files/atollic/truestudio for arm 7.1.0/armtools/bin/../lib/gcc/arm-atollic-eabi/5.3.1/armv7-m/crtn.o
                0x08005920                . = ALIGN (0x4)
                0x08005920                _etext = .

.vfp11_veneer   0x08005920        0x0
 .vfp11_veneer  0x08005920        0x0 linker stubs

.v4_bx          0x08005920        0x0
 .v4_bx         0x08005920        0x0 linker stubs

.iplt           0x08005920        0x0
 .iplt          0x08005920        0x0 c:/program files/atollic/truestudio for arm 7.1.0/armtools/bin/../lib/gcc/arm-atollic-eabi/5.3.1/armv7-m/crtbegin.o

.rodata         0x08005920      0x340
                0x08005920                . = ALIGN (0x4)
 *(.rodata)
 .rodata        0x08005920       0x12 Drivers\STM32F1xx_HAL_Driver\Src\stm32f1xx_hal_rcc.o
 *(.rodata*)
 .rodata.str1.1
                0x08005932        0x5 Middlewares\Third_Party\FreeRTOS\Source\tasks.o
 .rodata.str1.1
                0x08005937       0x6e Src\console.o
                                 0x70 (size before relaxing)
 *fill*         0x080059a5        0x3 
 .rodata.cmd_keyworld
                0x080059a8       0x18 Src\console.o
 .rodata.str1.1
                0x080059c0       0x5c Src\console_cmd.o
 .rodata.str1.1
                0x08005a1c        0xc Src\main.o
 .rodata.AHBPrescTable
                0x08005a28       0x10 Src\system_stm32f1xx.o
                0x08005a28                AHBPrescTable
 .rodata.CSWTCH.39
                0x08005a38        0x4 Src\usbd_conf.o
 .rodata.str1.1
                0x08005a3c       0x4f Src\usbd_desc.o
 .rodata.str1.1
                0x08005a8b       0x39 microrl_lib\microrl.o
                                 0x43 (size before relaxing)
 .rodata._ctype_
                0x08005ac4      0x101 c:/program files/atollic/truestudio for arm 7.1.0/armtools/bin/../lib/gcc/arm-atollic-eabi/5.3.1/../../../../arm-atollic-eabi/lib/armv7-m\libc_nano.a(lib_a-ctype_.o)
                0x08005ac4                _ctype_
 *fill*         0x08005bc5        0x3 
 .rodata.__sf_fake_stdin
                0x08005bc8       0x20 c:/program files/atollic/truestudio for arm 7.1.0/armtools/bin/../lib/gcc/arm-atollic-eabi/5.3.1/../../../../arm-atollic-eabi/lib/armv7-m\libc_nano.a(lib_a-findfp.o)
                0x08005bc8                __sf_fake_stdin
 .rodata.__sf_fake_stdout
                0x08005be8       0x20 c:/program files/atollic/truestudio for arm 7.1.0/armtools/bin/../lib/gcc/arm-atollic-eabi/5.3.1/../../../../arm-atollic-eabi/lib/armv7-m\libc_nano.a(lib_a-findfp.o)
                0x08005be8                __sf_fake_stdout
 .rodata.__sf_fake_stderr
                0x08005c08       0x20 c:/program files/atollic/truestudio for arm 7.1.0/armtools/bin/../lib/gcc/arm-atollic-eabi/5.3.1/../../../../arm-atollic-eabi/lib/armv7-m\libc_nano.a(lib_a-findfp.o)
                0x08005c08                __sf_fake_stderr
 .rodata.str1.1
                0x08005c28        0x2 c:/program files/atollic/truestudio for arm 7.1.0/armtools/bin/../lib/gcc/arm-atollic-eabi/5.3.1/../../../../arm-atollic-eabi/lib/armv7-m\libc_nano.a(lib_a-impure.o)
 .rodata._global_impure_ptr
                0x08005c28        0x4 c:/program files/atollic/truestudio for arm 7.1.0/armtools/bin/../lib/gcc/arm-atollic-eabi/5.3.1/../../../../arm-atollic-eabi/lib/armv7-m\libc_nano.a(lib_a-impure.o)
                0x08005c28                _global_impure_ptr
 .rodata.str1.1
                0x08005c2c       0x11 c:/program files/atollic/truestudio for arm 7.1.0/armtools/bin/../lib/gcc/arm-atollic-eabi/5.3.1/../../../../arm-atollic-eabi/lib/armv7-m\libc_nano.a(lib_a-nano-vfprintf.o)
 .rodata.str1.1
                0x08005c3d       0x22 c:/program files/atollic/truestudio for arm 7.1.0/armtools/bin/../lib/gcc/arm-atollic-eabi/5.3.1/../../../../arm-atollic-eabi/lib/armv7-m\libc_nano.a(lib_a-nano-vfprintf_i.o)
                0x08005c60                . = ALIGN (0x4)
 *fill*         0x08005c5f        0x1 

.rel.dyn        0x08005c60        0x0
 .rel.iplt      0x08005c60        0x0 c:/program files/atollic/truestudio for arm 7.1.0/armtools/bin/../lib/gcc/arm-atollic-eabi/5.3.1/armv7-m/crtbegin.o

.ARM.extab
 *(.ARM.extab* .gnu.linkonce.armextab.*)

.ARM            0x08005c60        0x0
                0x08005c60                __exidx_start = .
 *(.ARM.exidx*)
                0x08005c60                __exidx_end = .

.preinit_array  0x08005c60        0x0
                0x08005c60                PROVIDE (__preinit_array_start, .)
 *(.preinit_array*)
                0x08005c60                PROVIDE (__preinit_array_end, .)

.init_array     0x08005c60        0x4
                0x08005c60                PROVIDE (__init_array_start, .)
 *(SORT(.init_array.*))
 *(.init_array*)
 .init_array    0x08005c60        0x4 c:/program files/atollic/truestudio for arm 7.1.0/armtools/bin/../lib/gcc/arm-atollic-eabi/5.3.1/armv7-m/crtbegin.o
                0x08005c64                PROVIDE (__init_array_end, .)

.fini_array     0x08005c64        0x4
                [!provide]                PROVIDE (__fini_array_start, .)
 *(SORT(.fini_array.*))
 *(.fini_array*)
 .fini_array    0x08005c64        0x4 c:/program files/atollic/truestudio for arm 7.1.0/armtools/bin/../lib/gcc/arm-atollic-eabi/5.3.1/armv7-m/crtbegin.o
                [!provide]                PROVIDE (__fini_array_end, .)
                0x08005c68                _sidata = LOADADDR (.data)

.data           0x20000000      0x1cc load address 0x08005c68
                0x20000000                . = ALIGN (0x4)
                0x20000000                _sdata = .
 *(.data)
 *(.data*)
 .data.USBD_CDC_CfgFSDesc
                0x20000000       0x43 Middlewares\ST\STM32_USB_Device_Library\Class\CDC\Src\usbd_cdc.o
                0x20000000                USBD_CDC_CfgFSDesc
 *fill*         0x20000043        0x1 
 .data.USBD_CDC
                0x20000044       0x38 Middlewares\ST\STM32_USB_Device_Library\Class\CDC\Src\usbd_cdc.o
                0x20000044                USBD_CDC
 .data.USBD_CDC_DeviceQualifierDesc
                0x2000007c        0xa Middlewares\ST\STM32_USB_Device_Library\Class\CDC\Src\usbd_cdc.o
 *fill*         0x20000086        0x2 
 .data.USBD_CDC_OtherSpeedCfgDesc
                0x20000088       0x43 Middlewares\ST\STM32_USB_Device_Library\Class\CDC\Src\usbd_cdc.o
                0x20000088                USBD_CDC_OtherSpeedCfgDesc
 *fill*         0x200000cb        0x1 
 .data.USBD_CDC_CfgHSDesc
                0x200000cc       0x43 Middlewares\ST\STM32_USB_Device_Library\Class\CDC\Src\usbd_cdc.o
                0x200000cc                USBD_CDC_CfgHSDesc
 *fill*         0x2000010f        0x1 
 .data.uxCriticalNesting
                0x20000110        0x4 Middlewares\Third_Party\FreeRTOS\Source\portable\GCC\ARM_CM3\port.o
 .data.prl      0x20000114        0x4 Src\console.o
                0x20000114                prl
 .data.SystemCoreClock
                0x20000118        0x4 Src\system_stm32f1xx.o
                0x20000118                SystemCoreClock
 .data.USBD_Interface_fops_FS
                0x2000011c       0x10 Src\usbd_cdc_if.o
                0x2000011c                USBD_Interface_fops_FS
 .data.FS_Desc  0x2000012c       0x1c Src\usbd_desc.o
                0x2000012c                FS_Desc
 .data.USBD_LangIDDesc
                0x20000148        0x4 Src\usbd_desc.o
                0x20000148                USBD_LangIDDesc
 .data.USBD_FS_DeviceDesc
                0x2000014c       0x12 Src\usbd_desc.o
                0x2000014c                USBD_FS_DeviceDesc
 *fill*         0x2000015e        0x2 
 .data.prompt_default
                0x20000160        0x4 microrl_lib\microrl.o
                0x20000160                prompt_default
 .data.__ctype_ptr__
                0x20000164        0x4 c:/program files/atollic/truestudio for arm 7.1.0/armtools/bin/../lib/gcc/arm-atollic-eabi/5.3.1/../../../../arm-atollic-eabi/lib/armv7-m\libc_nano.a(lib_a-ctype_.o)
                0x20000164                __ctype_ptr__
 .data.impure_data
                0x20000168       0x60 c:/program files/atollic/truestudio for arm 7.1.0/armtools/bin/../lib/gcc/arm-atollic-eabi/5.3.1/../../../../arm-atollic-eabi/lib/armv7-m\libc_nano.a(lib_a-impure.o)
 .data._impure_ptr
                0x200001c8        0x4 c:/program files/atollic/truestudio for arm 7.1.0/armtools/bin/../lib/gcc/arm-atollic-eabi/5.3.1/../../../../arm-atollic-eabi/lib/armv7-m\libc_nano.a(lib_a-impure.o)
                0x200001c8                _impure_ptr
                0x200001cc                . = ALIGN (0x4)
                0x200001cc                _edata = .

.igot.plt       0x200001cc        0x0 load address 0x08005e34
 .igot.plt      0x200001cc        0x0 c:/program files/atollic/truestudio for arm 7.1.0/armtools/bin/../lib/gcc/arm-atollic-eabi/5.3.1/armv7-m/crtbegin.o
                0x200001cc                . = ALIGN (0x4)

.bss            0x200001cc     0x356c load address 0x08005e34
                0x200001cc                _sbss = .
                0x200001cc                __bss_start__ = _sbss
 *(.bss)
 .bss           0x200001cc       0x1c c:/program files/atollic/truestudio for arm 7.1.0/armtools/bin/../lib/gcc/arm-atollic-eabi/5.3.1/armv7-m/crtbegin.o
 *(.bss*)
 .bss.uwTick    0x200001e8        0x4 Drivers\STM32F1xx_HAL_Driver\Src\stm32f1xx_hal.o
 .bss.ifalt.7564
                0x200001ec        0x1 Middlewares\ST\STM32_USB_Device_Library\Class\CDC\Src\usbd_cdc.o
 .bss.cfgidx.7569
                0x200001ed        0x1 Middlewares\ST\STM32_USB_Device_Library\Core\Src\usbd_ctlreq.o
 *fill*         0x200001ee        0x2 
 .bss.ulTimerCountsForOneTick
                0x200001f0        0x4 Middlewares\Third_Party\FreeRTOS\Source\portable\GCC\ARM_CM3\port.o
 .bss.ulStoppedTimerCompensation
                0x200001f4        0x4 Middlewares\Third_Party\FreeRTOS\Source\portable\GCC\ARM_CM3\port.o
 .bss.ucMaxSysCallPriority
                0x200001f8        0x1 Middlewares\Third_Party\FreeRTOS\Source\portable\GCC\ARM_CM3\port.o
 *fill*         0x200001f9        0x3 
 .bss.ulMaxPRIGROUPValue
                0x200001fc        0x4 Middlewares\Third_Party\FreeRTOS\Source\portable\GCC\ARM_CM3\port.o
 .bss.xMaximumPossibleSuppressedTicks
                0x20000200        0x4 Middlewares\Third_Party\FreeRTOS\Source\portable\GCC\ARM_CM3\port.o
 .bss.xFreeBytesRemaining
                0x20000204        0x4 Middlewares\Third_Party\FreeRTOS\Source\portable\MemMang\heap_4.o
 .bss.pxEnd     0x20000208        0x4 Middlewares\Third_Party\FreeRTOS\Source\portable\MemMang\heap_4.o
 .bss.xStart    0x2000020c        0x8 Middlewares\Third_Party\FreeRTOS\Source\portable\MemMang\heap_4.o
 .bss.ucHeap    0x20000214     0x2800 Middlewares\Third_Party\FreeRTOS\Source\portable\MemMang\heap_4.o
 .bss.xBlockAllocatedBit
                0x20002a14        0x4 Middlewares\Third_Party\FreeRTOS\Source\portable\MemMang\heap_4.o
 .bss.xMinimumEverFreeBytesRemaining
                0x20002a18        0x4 Middlewares\Third_Party\FreeRTOS\Source\portable\MemMang\heap_4.o
 .bss.ulTaskSwitchedInTime
                0x20002a1c        0x4 Middlewares\Third_Party\FreeRTOS\Source\tasks.o
 .bss.xNumOfOverflows
                0x20002a20        0x4 Middlewares\Third_Party\FreeRTOS\Source\tasks.o
 .bss.pxDelayedTaskList
                0x20002a24        0x4 Middlewares\Third_Party\FreeRTOS\Source\tasks.o
 .bss.xSchedulerRunning
                0x20002a28        0x4 Middlewares\Third_Party\FreeRTOS\Source\tasks.o
 .bss.uxTasksDeleted
                0x20002a2c        0x4 Middlewares\Third_Party\FreeRTOS\Source\tasks.o
 .bss.xDelayedTaskList1
                0x20002a30       0x14 Middlewares\Third_Party\FreeRTOS\Source\tasks.o
 .bss.uxPendedTicks
                0x20002a44        0x4 Middlewares\Third_Party\FreeRTOS\Source\tasks.o
 .bss.pxReadyTasksLists
                0x20002a48       0x8c Middlewares\Third_Party\FreeRTOS\Source\tasks.o
 .bss.xTasksWaitingTermination
                0x20002ad4       0x14 Middlewares\Third_Party\FreeRTOS\Source\tasks.o
 .bss.pxCurrentTCB
                0x20002ae8        0x4 Middlewares\Third_Party\FreeRTOS\Source\tasks.o
                0x20002ae8                pxCurrentTCB
 .bss.xNextTaskUnblockTime
                0x20002aec        0x4 Middlewares\Third_Party\FreeRTOS\Source\tasks.o
 .bss.uxSchedulerSuspended
                0x20002af0        0x4 Middlewares\Third_Party\FreeRTOS\Source\tasks.o
 .bss.xTickCount
                0x20002af4        0x4 Middlewares\Third_Party\FreeRTOS\Source\tasks.o
 .bss.pxOverflowDelayedTaskList
                0x20002af8        0x4 Middlewares\Third_Party\FreeRTOS\Source\tasks.o
 .bss.xPendingReadyList
                0x20002afc       0x14 Middlewares\Third_Party\FreeRTOS\Source\tasks.o
 .bss.uxTaskNumber
                0x20002b10        0x4 Middlewares\Third_Party\FreeRTOS\Source\tasks.o
 .bss.uxCurrentNumberOfTasks
                0x20002b14        0x4 Middlewares\Third_Party\FreeRTOS\Source\tasks.o
 .bss.xDelayedTaskList2
                0x20002b18       0x14 Middlewares\Third_Party\FreeRTOS\Source\tasks.o
 .bss.xSuspendedTaskList
                0x20002b2c       0x14 Middlewares\Third_Party\FreeRTOS\Source\tasks.o
 .bss.uxTopReadyPriority
                0x20002b40        0x4 Middlewares\Third_Party\FreeRTOS\Source\tasks.o
 .bss.xYieldPending
                0x20002b44        0x4 Middlewares\Third_Party\FreeRTOS\Source\tasks.o
 .bss.xQueueCmdBuffer
                0x20002b48        0x4 Src\console.o
 .bss.heap.7666
                0x20002b4c        0x4 Src\syscalls.o
 .bss.receive_total
                0x20002b50        0x4 Src\usbd_cdc_if.o
                0x20002b50                receive_total
 .bss.mem.7722  0x20002b54      0x220 Src\usbd_conf.o
 .bss.__malloc_sbrk_start
                0x20002d74        0x4 c:/program files/atollic/truestudio for arm 7.1.0/armtools/bin/../lib/gcc/arm-atollic-eabi/5.3.1/../../../../arm-atollic-eabi/lib/armv7-m\libc_nano.a(lib_a-nano-mallocr.o)
                0x20002d74                __malloc_sbrk_start
 .bss.__malloc_free_list
                0x20002d78        0x4 c:/program files/atollic/truestudio for arm 7.1.0/armtools/bin/../lib/gcc/arm-atollic-eabi/5.3.1/../../../../arm-atollic-eabi/lib/armv7-m\libc_nano.a(lib_a-nano-mallocr.o)
                0x20002d78                __malloc_free_list
 *(COMMON)
 COMMON         0x20002d7c       0xe4 Src\console.o
                0x20002d7c                rl
                0x20002e50                compl_world
 COMMON         0x20002e60        0x8 Src\main.o
                0x20002e60                defaultTaskHandle
                0x20002e64                periodBlink
 COMMON         0x20002e68      0x224 Src\usb_device.o
                0x20002e68                hUsbDeviceFS
 COMMON         0x2000308c       0x85 Src\usbd_cdc_if.o
                0x2000308c                received_data_size
                0x20003090                UserRxBufferFS
                0x200030d0                received_data
                0x200030d1                UserTxBufferFS
 *fill*         0x20003111        0x3 
 COMMON         0x20003114      0x420 Src\usbd_conf.o
                0x20003114                hpcd_USB_FS
 COMMON         0x20003534      0x200 Src\usbd_desc.o
                0x20003534                USBD_StrDesc
 COMMON         0x20003734        0x4 c:/program files/atollic/truestudio for arm 7.1.0/armtools/bin/../lib/gcc/arm-atollic-eabi/5.3.1/../../../../arm-atollic-eabi/lib/armv7-m\libc_nano.a(lib_a-reent.o)
                0x20003734                errno
                0x20003738                . = ALIGN (0x4)
                0x20003738                _ebss = .
                0x20003738                __bss_end__ = _ebss

._user_heap_stack
                0x20003738      0x600 load address 0x08005e34
                0x20003738                . = ALIGN (0x4)
                [!provide]                PROVIDE (end, .)
                0x20003738                PROVIDE (_end, .)
                0x20003938                . = (. + _Min_Heap_Size)
 *fill*         0x20003738      0x200 
                0x20003d38                . = (. + _Min_Stack_Size)
 *fill*         0x20003938      0x400 
                0x20003d38                . = ALIGN (0x4)

/DISCARD/
 libc.a(*)
 libm.a(*)
 libgcc.a(*)

.ARM.attributes
                0x00000000       0x29
 *(.ARM.attributes)
 .ARM.attributes
                0x00000000       0x1d c:/program files/atollic/truestudio for arm 7.1.0/armtools/bin/../lib/gcc/arm-atollic-eabi/5.3.1/armv7-m/crti.o
 .ARM.attributes
                0x0000001d       0x2d c:/program files/atollic/truestudio for arm 7.1.0/armtools/bin/../lib/gcc/arm-atollic-eabi/5.3.1/armv7-m/crtbegin.o
 .ARM.attributes
                0x0000004a       0x21 Drivers\CMSIS\Device\ST\STM32F1xx\Source\Templates\gcc\startup_stm32f103xe.o
 .ARM.attributes
                0x0000006b       0x33 Drivers\STM32F1xx_HAL_Driver\Src\stm32f1xx_hal.o
 .ARM.attributes
                0x0000009e       0x33 Drivers\STM32F1xx_HAL_Driver\Src\stm32f1xx_hal_cortex.o
 .ARM.attributes
                0x000000d1       0x33 Drivers\STM32F1xx_HAL_Driver\Src\stm32f1xx_hal_gpio.o
 .ARM.attributes
                0x00000104       0x33 Drivers\STM32F1xx_HAL_Driver\Src\stm32f1xx_hal_pcd.o
 .ARM.attributes
                0x00000137       0x33 Drivers\STM32F1xx_HAL_Driver\Src\stm32f1xx_hal_pcd_ex.o
 .ARM.attributes
                0x0000016a       0x33 Drivers\STM32F1xx_HAL_Driver\Src\stm32f1xx_hal_rcc.o
 .ARM.attributes
                0x0000019d       0x33 Drivers\STM32F1xx_HAL_Driver\Src\stm32f1xx_hal_rcc_ex.o
 .ARM.attributes
                0x000001d0       0x33 Drivers\STM32F1xx_HAL_Driver\Src\stm32f1xx_ll_usb.o
 .ARM.attributes
                0x00000203       0x33 Middlewares\ST\STM32_USB_Device_Library\Class\CDC\Src\usbd_cdc.o
 .ARM.attributes
                0x00000236       0x33 Middlewares\ST\STM32_USB_Device_Library\Core\Src\usbd_core.o
 .ARM.attributes
                0x00000269       0x33 Middlewares\ST\STM32_USB_Device_Library\Core\Src\usbd_ctlreq.o
 .ARM.attributes
                0x0000029c       0x33 Middlewares\ST\STM32_USB_Device_Library\Core\Src\usbd_ioreq.o
 .ARM.attributes
                0x000002cf       0x33 Middlewares\Third_Party\FreeRTOS\Source\CMSIS_RTOS\cmsis_os.o
 .ARM.attributes
                0x00000302       0x33 Middlewares\Third_Party\FreeRTOS\Source\list.o
 .ARM.attributes
                0x00000335       0x33 Middlewares\Third_Party\FreeRTOS\Source\portable\GCC\ARM_CM3\port.o
 .ARM.attributes
                0x00000368       0x33 Middlewares\Third_Party\FreeRTOS\Source\portable\MemMang\heap_4.o
 .ARM.attributes
                0x0000039b       0x33 Middlewares\Third_Party\FreeRTOS\Source\queue.o
 .ARM.attributes
                0x000003ce       0x33 Middlewares\Third_Party\FreeRTOS\Source\tasks.o
 .ARM.attributes
                0x00000401       0x33 Src\console.o
 .ARM.attributes
                0x00000434       0x33 Src\console_cmd.o
 .ARM.attributes
                0x00000467       0x33 Src\freertos.o
 .ARM.attributes
                0x0000049a       0x33 Src\main.o
 .ARM.attributes
                0x000004cd       0x33 Src\stm32f1xx_it.o
 .ARM.attributes
                0x00000500       0x33 Src\syscalls.o
 .ARM.attributes
                0x00000533       0x33 Src\system_stm32f1xx.o
 .ARM.attributes
                0x00000566       0x33 Src\usb_device.o
 .ARM.attributes
                0x00000599       0x33 Src\usbd_cdc_if.o
 .ARM.attributes
                0x000005cc       0x33 Src\usbd_conf.o
 .ARM.attributes
                0x000005ff       0x33 Src\usbd_desc.o
 .ARM.attributes
                0x00000632       0x33 microrl_lib\microrl.o
 .ARM.attributes
                0x00000665       0x2d c:/program files/atollic/truestudio for arm 7.1.0/armtools/bin/../lib/gcc/arm-atollic-eabi/5.3.1/../../../../arm-atollic-eabi/lib/armv7-m\libc_nano.a(lib_a-init.o)
 .ARM.attributes
                0x00000692       0x2d c:/program files/atollic/truestudio for arm 7.1.0/armtools/bin/../lib/gcc/arm-atollic-eabi/5.3.1/../../../../arm-atollic-eabi/lib/armv7-m\libc_nano.a(lib_a-memcpy-stub.o)
 .ARM.attributes
                0x000006bf       0x2d c:/program files/atollic/truestudio for arm 7.1.0/armtools/bin/../lib/gcc/arm-atollic-eabi/5.3.1/../../../../arm-atollic-eabi/lib/armv7-m\libc_nano.a(lib_a-memmove.o)
 .ARM.attributes
                0x000006ec       0x2d c:/program files/atollic/truestudio for arm 7.1.0/armtools/bin/../lib/gcc/arm-atollic-eabi/5.3.1/../../../../arm-atollic-eabi/lib/armv7-m\libc_nano.a(lib_a-memset.o)
 .ARM.attributes
                0x00000719       0x2d c:/program files/atollic/truestudio for arm 7.1.0/armtools/bin/../lib/gcc/arm-atollic-eabi/5.3.1/../../../../arm-atollic-eabi/lib/armv7-m\libc_nano.a(lib_a-printf.o)
 .ARM.attributes
                0x00000746       0x2d c:/program files/atollic/truestudio for arm 7.1.0/armtools/bin/../lib/gcc/arm-atollic-eabi/5.3.1/../../../../arm-atollic-eabi/lib/armv7-m\libc_nano.a(lib_a-puts.o)
 .ARM.attributes
                0x00000773       0x2d c:/program files/atollic/truestudio for arm 7.1.0/armtools/bin/../lib/gcc/arm-atollic-eabi/5.3.1/../../../../arm-atollic-eabi/lib/armv7-m\libc_nano.a(lib_a-strcasecmp.o)
 .ARM.attributes
                0x000007a0       0x2d c:/program files/atollic/truestudio for arm 7.1.0/armtools/bin/../lib/gcc/arm-atollic-eabi/5.3.1/../../../../arm-atollic-eabi/lib/armv7-m\libc_nano.a(lib_a-strcpy.o)
 .ARM.attributes
                0x000007cd       0x17 c:/program files/atollic/truestudio for arm 7.1.0/armtools/bin/../lib/gcc/arm-atollic-eabi/5.3.1/../../../../arm-atollic-eabi/lib/armv7-m\libc_nano.a(lib_a-strlen.o)
 .ARM.attributes
                0x000007e4       0x2d c:/program files/atollic/truestudio for arm 7.1.0/armtools/bin/../lib/gcc/arm-atollic-eabi/5.3.1/../../../../arm-atollic-eabi/lib/armv7-m\libc_nano.a(lib_a-strstr.o)
 .ARM.attributes
                0x00000811       0x2d c:/program files/atollic/truestudio for arm 7.1.0/armtools/bin/../lib/gcc/arm-atollic-eabi/5.3.1/../../../../arm-atollic-eabi/lib/armv7-m\libc_nano.a(lib_a-vprintf.o)
 .ARM.attributes
                0x0000083e       0x2d c:/program files/atollic/truestudio for arm 7.1.0/armtools/bin/../lib/gcc/arm-atollic-eabi/5.3.1/../../../../arm-atollic-eabi/lib/armv7-m\libc_nano.a(lib_a-wbuf.o)
 .ARM.attributes
                0x0000086b       0x2d c:/program files/atollic/truestudio for arm 7.1.0/armtools/bin/../lib/gcc/arm-atollic-eabi/5.3.1/../../../../arm-atollic-eabi/lib/armv7-m\libc_nano.a(lib_a-wsetup.o)
 .ARM.attributes
                0x00000898       0x2d c:/program files/atollic/truestudio for arm 7.1.0/armtools/bin/../lib/gcc/arm-atollic-eabi/5.3.1/../../../../arm-atollic-eabi/lib/armv7-m\libc_nano.a(lib_a-ctype_.o)
 .ARM.attributes
                0x000008c5       0x2d c:/program files/atollic/truestudio for arm 7.1.0/armtools/bin/../lib/gcc/arm-atollic-eabi/5.3.1/../../../../arm-atollic-eabi/lib/armv7-m\libc_nano.a(lib_a-fflush.o)
 .ARM.attributes
                0x000008f2       0x2d c:/program files/atollic/truestudio for arm 7.1.0/armtools/bin/../lib/gcc/arm-atollic-eabi/5.3.1/../../../../arm-atollic-eabi/lib/armv7-m\libc_nano.a(lib_a-findfp.o)
 .ARM.attributes
                0x0000091f       0x2d c:/program files/atollic/truestudio for arm 7.1.0/armtools/bin/../lib/gcc/arm-atollic-eabi/5.3.1/../../../../arm-atollic-eabi/lib/armv7-m\libc_nano.a(lib_a-fwalk.o)
 .ARM.attributes
                0x0000094c       0x2d c:/program files/atollic/truestudio for arm 7.1.0/armtools/bin/../lib/gcc/arm-atollic-eabi/5.3.1/../../../../arm-atollic-eabi/lib/armv7-m\libc_nano.a(lib_a-impure.o)
 .ARM.attributes
                0x00000979       0x2d c:/program files/atollic/truestudio for arm 7.1.0/armtools/bin/../lib/gcc/arm-atollic-eabi/5.3.1/../../../../arm-atollic-eabi/lib/armv7-m\libc_nano.a(lib_a-makebuf.o)
 .ARM.attributes
                0x000009a6       0x2d c:/program files/atollic/truestudio for arm 7.1.0/armtools/bin/../lib/gcc/arm-atollic-eabi/5.3.1/../../../../arm-atollic-eabi/lib/armv7-m\libc_nano.a(lib_a-nano-freer.o)
 .ARM.attributes
                0x000009d3       0x2d c:/program files/atollic/truestudio for arm 7.1.0/armtools/bin/../lib/gcc/arm-atollic-eabi/5.3.1/../../../../arm-atollic-eabi/lib/armv7-m\libc_nano.a(lib_a-nano-mallocr.o)
 .ARM.attributes
                0x00000a00       0x2d c:/program files/atollic/truestudio for arm 7.1.0/armtools/bin/../lib/gcc/arm-atollic-eabi/5.3.1/../../../../arm-atollic-eabi/lib/armv7-m\libc_nano.a(lib_a-nano-vfprintf.o)
 .ARM.attributes
                0x00000a2d       0x2d c:/program files/atollic/truestudio for arm 7.1.0/armtools/bin/../lib/gcc/arm-atollic-eabi/5.3.1/../../../../arm-atollic-eabi/lib/armv7-m\libc_nano.a(lib_a-nano-vfprintf_i.o)
 .ARM.attributes
                0x00000a5a       0x2d c:/program files/atollic/truestudio for arm 7.1.0/armtools/bin/../lib/gcc/arm-atollic-eabi/5.3.1/../../../../arm-atollic-eabi/lib/armv7-m\libc_nano.a(lib_a-sbrkr.o)
 .ARM.attributes
                0x00000a87       0x2d c:/program files/atollic/truestudio for arm 7.1.0/armtools/bin/../lib/gcc/arm-atollic-eabi/5.3.1/../../../../arm-atollic-eabi/lib/armv7-m\libc_nano.a(lib_a-stdio.o)
 .ARM.attributes
                0x00000ab4       0x2d c:/program files/atollic/truestudio for arm 7.1.0/armtools/bin/../lib/gcc/arm-atollic-eabi/5.3.1/../../../../arm-atollic-eabi/lib/armv7-m\libc_nano.a(lib_a-writer.o)
 .ARM.attributes
                0x00000ae1       0x2d c:/program files/atollic/truestudio for arm 7.1.0/armtools/bin/../lib/gcc/arm-atollic-eabi/5.3.1/../../../../arm-atollic-eabi/lib/armv7-m\libc_nano.a(lib_a-closer.o)
 .ARM.attributes
                0x00000b0e       0x2d c:/program files/atollic/truestudio for arm 7.1.0/armtools/bin/../lib/gcc/arm-atollic-eabi/5.3.1/../../../../arm-atollic-eabi/lib/armv7-m\libc_nano.a(lib_a-fstatr.o)
 .ARM.attributes
                0x00000b3b       0x2d c:/program files/atollic/truestudio for arm 7.1.0/armtools/bin/../lib/gcc/arm-atollic-eabi/5.3.1/../../../../arm-atollic-eabi/lib/armv7-m\libc_nano.a(lib_a-isattyr.o)
 .ARM.attributes
                0x00000b68       0x2d c:/program files/atollic/truestudio for arm 7.1.0/armtools/bin/../lib/gcc/arm-atollic-eabi/5.3.1/../../../../arm-atollic-eabi/lib/armv7-m\libc_nano.a(lib_a-lseekr.o)
 .ARM.attributes
                0x00000b95       0x2d c:/program files/atollic/truestudio for arm 7.1.0/armtools/bin/../lib/gcc/arm-atollic-eabi/5.3.1/../../../../arm-atollic-eabi/lib/armv7-m\libc_nano.a(lib_a-memchr-stub.o)
 .ARM.attributes
                0x00000bc2       0x2d c:/program files/atollic/truestudio for arm 7.1.0/armtools/bin/../lib/gcc/arm-atollic-eabi/5.3.1/../../../../arm-atollic-eabi/lib/armv7-m\libc_nano.a(lib_a-mlock.o)
 .ARM.attributes
                0x00000bef       0x2d c:/program files/atollic/truestudio for arm 7.1.0/armtools/bin/../lib/gcc/arm-atollic-eabi/5.3.1/../../../../arm-atollic-eabi/lib/armv7-m\libc_nano.a(lib_a-readr.o)
 .ARM.attributes
                0x00000c1c       0x2d c:/program files/atollic/truestudio for arm 7.1.0/armtools/bin/../lib/gcc/arm-atollic-eabi/5.3.1/../../../../arm-atollic-eabi/lib/armv7-m\libc_nano.a(lib_a-reent.o)
 .ARM.attributes
                0x00000c49       0x1d c:/program files/atollic/truestudio for arm 7.1.0/armtools/bin/../lib/gcc/arm-atollic-eabi/5.3.1/armv7-m/crtn.o
OUTPUT(Console_usb.elf elf32-littlearm)

.debug_line     0x00000000     0x7534
 .debug_line    0x00000000       0xac Drivers\CMSIS\Device\ST\STM32F1xx\Source\Templates\gcc\startup_stm32f103xe.o
 .debug_line    0x000000ac      0x369 Drivers\STM32F1xx_HAL_Driver\Src\stm32f1xx_hal.o
 .debug_line    0x00000415      0x36e Drivers\STM32F1xx_HAL_Driver\Src\stm32f1xx_hal_cortex.o
 .debug_line    0x00000783      0x3a4 Drivers\STM32F1xx_HAL_Driver\Src\stm32f1xx_hal_gpio.o
 .debug_line    0x00000b27      0x641 Drivers\STM32F1xx_HAL_Driver\Src\stm32f1xx_hal_pcd.o
 .debug_line    0x00001168      0x22b Drivers\STM32F1xx_HAL_Driver\Src\stm32f1xx_hal_pcd_ex.o
 .debug_line    0x00001393      0x790 Drivers\STM32F1xx_HAL_Driver\Src\stm32f1xx_hal_rcc.o
 .debug_line    0x00001b23      0x377 Drivers\STM32F1xx_HAL_Driver\Src\stm32f1xx_hal_rcc_ex.o
 .debug_line    0x00001e9a      0x502 Drivers\STM32F1xx_HAL_Driver\Src\stm32f1xx_ll_usb.o
 .debug_line    0x0000239c      0x3a1 Middlewares\ST\STM32_USB_Device_Library\Class\CDC\Src\usbd_cdc.o
 .debug_line    0x0000273d      0x38a Middlewares\ST\STM32_USB_Device_Library\Core\Src\usbd_core.o
 .debug_line    0x00002ac7      0x2d4 Middlewares\ST\STM32_USB_Device_Library\Core\Src\usbd_ctlreq.o
 .debug_line    0x00002d9b      0x236 Middlewares\ST\STM32_USB_Device_Library\Core\Src\usbd_ioreq.o
 .debug_line    0x00002fd1      0x7c4 Middlewares\Third_Party\FreeRTOS\Source\CMSIS_RTOS\cmsis_os.o
 .debug_line    0x00003795      0x238 Middlewares\Third_Party\FreeRTOS\Source\list.o
 .debug_line    0x000039cd      0x375 Middlewares\Third_Party\FreeRTOS\Source\portable\GCC\ARM_CM3\port.o
 .debug_line    0x00003d42      0x34b Middlewares\Third_Party\FreeRTOS\Source\portable\MemMang\heap_4.o
 .debug_line    0x0000408d      0x7ac Middlewares\Third_Party\FreeRTOS\Source\queue.o
 .debug_line    0x00004839      0xc9f Middlewares\Third_Party\FreeRTOS\Source\tasks.o
 .debug_line    0x000054d8      0x45b Src\console.o
 .debug_line    0x00005933      0x173 Src\console_cmd.o
 .debug_line    0x00005aa6      0x138 Src\freertos.o
 .debug_line    0x00005bde      0x3e0 Src\main.o
 .debug_line    0x00005fbe      0x2a4 Src\stm32f1xx_it.o
 .debug_line    0x00006262      0x27f Src\syscalls.o
 .debug_line    0x000064e1      0x1c4 Src\system_stm32f1xx.o
 .debug_line    0x000066a5      0x204 Src\usb_device.o
 .debug_line    0x000068a9      0x240 Src\usbd_cdc_if.o
 .debug_line    0x00006ae9      0x4e0 Src\usbd_conf.o
 .debug_line    0x00006fc9      0x200 Src\usbd_desc.o
 .debug_line    0x000071c9      0x36b microrl_lib\microrl.o

.debug_info     0x00000000    0x14b96
 .debug_info    0x00000000       0xa1 Drivers\CMSIS\Device\ST\STM32F1xx\Source\Templates\gcc\startup_stm32f103xe.o
 .debug_info    0x000000a1      0x6d5 Drivers\STM32F1xx_HAL_Driver\Src\stm32f1xx_hal.o
 .debug_info    0x00000776      0xc87 Drivers\STM32F1xx_HAL_Driver\Src\stm32f1xx_hal_cortex.o
 .debug_info    0x000013fd      0x60b Drivers\STM32F1xx_HAL_Driver\Src\stm32f1xx_hal_gpio.o
 .debug_info    0x00001a08      0xfd9 Drivers\STM32F1xx_HAL_Driver\Src\stm32f1xx_hal_pcd.o
 .debug_info    0x000029e1      0x5a5 Drivers\STM32F1xx_HAL_Driver\Src\stm32f1xx_hal_pcd_ex.o
 .debug_info    0x00002f86     0x1240 Drivers\STM32F1xx_HAL_Driver\Src\stm32f1xx_hal_rcc.o
 .debug_info    0x000041c6      0x5a6 Drivers\STM32F1xx_HAL_Driver\Src\stm32f1xx_hal_rcc_ex.o
 .debug_info    0x0000476c      0xd66 Drivers\STM32F1xx_HAL_Driver\Src\stm32f1xx_ll_usb.o
 .debug_info    0x000054d2      0xc80 Middlewares\ST\STM32_USB_Device_Library\Class\CDC\Src\usbd_cdc.o
 .debug_info    0x00006152      0xbd9 Middlewares\ST\STM32_USB_Device_Library\Core\Src\usbd_core.o
 .debug_info    0x00006d2b      0xbc7 Middlewares\ST\STM32_USB_Device_Library\Core\Src\usbd_ctlreq.o
 .debug_info    0x000078f2      0x761 Middlewares\ST\STM32_USB_Device_Library\Core\Src\usbd_ioreq.o
 .debug_info    0x00008053     0x1caf Middlewares\Third_Party\FreeRTOS\Source\CMSIS_RTOS\cmsis_os.o
 .debug_info    0x00009d02      0x2a1 Middlewares\Third_Party\FreeRTOS\Source\list.o
 .debug_info    0x00009fa3      0x554 Middlewares\Third_Party\FreeRTOS\Source\portable\GCC\ARM_CM3\port.o
 .debug_info    0x0000a4f7      0x439 Middlewares\Third_Party\FreeRTOS\Source\portable\MemMang\heap_4.o
 .debug_info    0x0000a930     0x180c Middlewares\Third_Party\FreeRTOS\Source\queue.o
 .debug_info    0x0000c13c     0x2757 Middlewares\Third_Party\FreeRTOS\Source\tasks.o
 .debug_info    0x0000e893      0xb43 Src\console.o
 .debug_info    0x0000f3d6      0x1b0 Src\console_cmd.o
 .debug_info    0x0000f586       0xf8 Src\freertos.o
 .debug_info    0x0000f67e      0x9f6 Src\main.o
 .debug_info    0x00010074      0x5a6 Src\stm32f1xx_it.o
 .debug_info    0x0001061a      0x480 Src\syscalls.o
 .debug_info    0x00010a9a      0x3e7 Src\system_stm32f1xx.o
 .debug_info    0x00010e81      0x615 Src\usb_device.o
 .debug_info    0x00011496      0x8a3 Src\usbd_cdc_if.o
 .debug_info    0x00011d39     0x183f Src\usbd_conf.o
 .debug_info    0x00013578      0x4ee Src\usbd_desc.o
 .debug_info    0x00013a66     0x1130 microrl_lib\microrl.o

.debug_abbrev   0x00000000     0x4099
 .debug_abbrev  0x00000000       0x12 Drivers\CMSIS\Device\ST\STM32F1xx\Source\Templates\gcc\startup_stm32f103xe.o
 .debug_abbrev  0x00000012      0x23f Drivers\STM32F1xx_HAL_Driver\Src\stm32f1xx_hal.o
 .debug_abbrev  0x00000251      0x2ee Drivers\STM32F1xx_HAL_Driver\Src\stm32f1xx_hal_cortex.o
 .debug_abbrev  0x0000053f      0x1c8 Drivers\STM32F1xx_HAL_Driver\Src\stm32f1xx_hal_gpio.o
 .debug_abbrev  0x00000707      0x306 Drivers\STM32F1xx_HAL_Driver\Src\stm32f1xx_hal_pcd.o
 .debug_abbrev  0x00000a0d      0x16b Drivers\STM32F1xx_HAL_Driver\Src\stm32f1xx_hal_pcd_ex.o
 .debug_abbrev  0x00000b78      0x2bf Drivers\STM32F1xx_HAL_Driver\Src\stm32f1xx_hal_rcc.o
 .debug_abbrev  0x00000e37      0x238 Drivers\STM32F1xx_HAL_Driver\Src\stm32f1xx_hal_rcc_ex.o
 .debug_abbrev  0x0000106f      0x21f Drivers\STM32F1xx_HAL_Driver\Src\stm32f1xx_ll_usb.o
 .debug_abbrev  0x0000128e      0x256 Middlewares\ST\STM32_USB_Device_Library\Class\CDC\Src\usbd_cdc.o
 .debug_abbrev  0x000014e4      0x270 Middlewares\ST\STM32_USB_Device_Library\Core\Src\usbd_core.o
 .debug_abbrev  0x00001754      0x2c4 Middlewares\ST\STM32_USB_Device_Library\Core\Src\usbd_ctlreq.o
 .debug_abbrev  0x00001a18      0x155 Middlewares\ST\STM32_USB_Device_Library\Core\Src\usbd_ioreq.o
 .debug_abbrev  0x00001b6d      0x350 Middlewares\Third_Party\FreeRTOS\Source\CMSIS_RTOS\cmsis_os.o
 .debug_abbrev  0x00001ebd       0xdc Middlewares\Third_Party\FreeRTOS\Source\list.o
 .debug_abbrev  0x00001f99      0x266 Middlewares\Third_Party\FreeRTOS\Source\portable\GCC\ARM_CM3\port.o
 .debug_abbrev  0x000021ff      0x227 Middlewares\Third_Party\FreeRTOS\Source\portable\MemMang\heap_4.o
 .debug_abbrev  0x00002426      0x24a Middlewares\Third_Party\FreeRTOS\Source\queue.o
 .debug_abbrev  0x00002670      0x370 Middlewares\Third_Party\FreeRTOS\Source\tasks.o
 .debug_abbrev  0x000029e0      0x359 Src\console.o
 .debug_abbrev  0x00002d39       0xe0 Src\console_cmd.o
 .debug_abbrev  0x00002e19       0xb4 Src\freertos.o
 .debug_abbrev  0x00002ecd      0x236 Src\main.o
 .debug_abbrev  0x00003103      0x199 Src\stm32f1xx_it.o
 .debug_abbrev  0x0000329c      0x134 Src\syscalls.o
 .debug_abbrev  0x000033d0      0x122 Src\system_stm32f1xx.o
 .debug_abbrev  0x000034f2      0x170 Src\usb_device.o
 .debug_abbrev  0x00003662      0x22e Src\usbd_cdc_if.o
 .debug_abbrev  0x00003890      0x297 Src\usbd_conf.o
 .debug_abbrev  0x00003b27      0x19d Src\usbd_desc.o
 .debug_abbrev  0x00003cc4      0x3d5 microrl_lib\microrl.o

.debug_aranges  0x00000000      0xfc8
 .debug_aranges
                0x00000000       0x28 Drivers\CMSIS\Device\ST\STM32F1xx\Source\Templates\gcc\startup_stm32f103xe.o
 .debug_aranges
                0x00000028       0xa8 Drivers\STM32F1xx_HAL_Driver\Src\stm32f1xx_hal.o
 .debug_aranges
                0x000000d0       0x90 Drivers\STM32F1xx_HAL_Driver\Src\stm32f1xx_hal_cortex.o
 .debug_aranges
                0x00000160       0x58 Drivers\STM32F1xx_HAL_Driver\Src\stm32f1xx_hal_gpio.o
 .debug_aranges
                0x000001b8       0xc0 Drivers\STM32F1xx_HAL_Driver\Src\stm32f1xx_hal_pcd.o
 .debug_aranges
                0x00000278       0x28 Drivers\STM32F1xx_HAL_Driver\Src\stm32f1xx_hal_pcd_ex.o
 .debug_aranges
                0x000002a0       0x88 Drivers\STM32F1xx_HAL_Driver\Src\stm32f1xx_hal_rcc.o
 .debug_aranges
                0x00000328       0x30 Drivers\STM32F1xx_HAL_Driver\Src\stm32f1xx_hal_rcc_ex.o
 .debug_aranges
                0x00000358       0xe0 Drivers\STM32F1xx_HAL_Driver\Src\stm32f1xx_ll_usb.o
 .debug_aranges
                0x00000438       0x90 Middlewares\ST\STM32_USB_Device_Library\Class\CDC\Src\usbd_cdc.o
 .debug_aranges
                0x000004c8       0xa8 Middlewares\ST\STM32_USB_Device_Library\Core\Src\usbd_core.o
 .debug_aranges
                0x00000570       0x48 Middlewares\ST\STM32_USB_Device_Library\Core\Src\usbd_ctlreq.o
 .debug_aranges