Archive member included to satisfy reference by file (symbol)

c:/program files (x86)/atollic/truestudio for arm 7.1.0/armtools/bin/../lib/gcc/arm-atollic-eabi/5.3.1/../../../../arm-atollic-eabi/lib/armv7-m\libc_nano.a(lib_a-init.o)
                              Drivers\CMSIS\Device\ST\STM32F1xx\Source\Templates\gcc\startup_stm32f103xe.o (__libc_init_array)
c:/program files (x86)/atollic/truestudio for arm 7.1.0/armtools/bin/../lib/gcc/arm-atollic-eabi/5.3.1/../../../../arm-atollic-eabi/lib/armv7-m\libc_nano.a(lib_a-memcpy-stub.o)
                              Middlewares\Third_Party\FreeRTOS\Source\queue.o (memcpy)
c:/program files (x86)/atollic/truestudio for arm 7.1.0/armtools/bin/../lib/gcc/arm-atollic-eabi/5.3.1/../../../../arm-atollic-eabi/lib/armv7-m\libc_nano.a(lib_a-memmove.o)
                              microrl_lib\microrl.o (memmove)
c:/program files (x86)/atollic/truestudio for arm 7.1.0/armtools/bin/../lib/gcc/arm-atollic-eabi/5.3.1/../../../../arm-atollic-eabi/lib/armv7-m\libc_nano.a(lib_a-memset.o)
                              Drivers\STM32F1xx_HAL_Driver\Src\stm32f1xx_hal_rcc.o (memset)
c:/program files (x86)/atollic/truestudio for arm 7.1.0/armtools/bin/../lib/gcc/arm-atollic-eabi/5.3.1/../../../../arm-atollic-eabi/lib/armv7-m\libc_nano.a(lib_a-sprintf.o)
                              Src\main.o (sprintf)
c:/program files (x86)/atollic/truestudio for arm 7.1.0/armtools/bin/../lib/gcc/arm-atollic-eabi/5.3.1/../../../../arm-atollic-eabi/lib/armv7-m\libc_nano.a(lib_a-strcmp.o)
                              microrl_lib\microrl_func.o (strcmp)
c:/program files (x86)/atollic/truestudio for arm 7.1.0/armtools/bin/../lib/gcc/arm-atollic-eabi/5.3.1/../../../../arm-atollic-eabi/lib/armv7-m\libc_nano.a(lib_a-strcpy.o)
                              microrl_lib\microrl.o (strcpy)
c:/program files (x86)/atollic/truestudio for arm 7.1.0/armtools/bin/../lib/gcc/arm-atollic-eabi/5.3.1/../../../../arm-atollic-eabi/lib/armv7-m\libc_nano.a(lib_a-strlen.o)
                              microrl_lib\microrl.o (strlen)
c:/program files (x86)/atollic/truestudio for arm 7.1.0/armtools/bin/../lib/gcc/arm-atollic-eabi/5.3.1/../../../../arm-atollic-eabi/lib/armv7-m\libc_nano.a(lib_a-strstr.o)
                              microrl_lib\microrl_func.o (strstr)
c:/program files (x86)/atollic/truestudio for arm 7.1.0/armtools/bin/../lib/gcc/arm-atollic-eabi/5.3.1/../../../../arm-atollic-eabi/lib/armv7-m\libc_nano.a(lib_a-impure.o)
                              c:/program files (x86)/atollic/truestudio for arm 7.1.0/armtools/bin/../lib/gcc/arm-atollic-eabi/5.3.1/../../../../arm-atollic-eabi/lib/armv7-m\libc_nano.a(lib_a-sprintf.o) (_impure_ptr)
c:/program files (x86)/atollic/truestudio for arm 7.1.0/armtools/bin/../lib/gcc/arm-atollic-eabi/5.3.1/../../../../arm-atollic-eabi/lib/armv7-m\libc_nano.a(lib_a-nano-svfprintf.o)
                              c:/program files (x86)/atollic/truestudio for arm 7.1.0/armtools/bin/../lib/gcc/arm-atollic-eabi/5.3.1/../../../../arm-atollic-eabi/lib/armv7-m\libc_nano.a(lib_a-sprintf.o) (_svfprintf_r)
c:/program files (x86)/atollic/truestudio for arm 7.1.0/armtools/bin/../lib/gcc/arm-atollic-eabi/5.3.1/../../../../arm-atollic-eabi/lib/armv7-m\libc_nano.a(lib_a-nano-vfprintf_i.o)
                              c:/program files (x86)/atollic/truestudio for arm 7.1.0/armtools/bin/../lib/gcc/arm-atollic-eabi/5.3.1/../../../../arm-atollic-eabi/lib/armv7-m\libc_nano.a(lib_a-nano-svfprintf.o) (_printf_i)
c:/program files (x86)/atollic/truestudio for arm 7.1.0/armtools/bin/../lib/gcc/arm-atollic-eabi/5.3.1/../../../../arm-atollic-eabi/lib/armv7-m\libc_nano.a(lib_a-memchr-stub.o)
                              c:/program files (x86)/atollic/truestudio for arm 7.1.0/armtools/bin/../lib/gcc/arm-atollic-eabi/5.3.1/../../../../arm-atollic-eabi/lib/armv7-m\libc_nano.a(lib_a-nano-svfprintf.o) (memchr)
c:/program files (x86)/atollic/truestudio for arm 7.1.0/armtools/bin/../lib/gcc/arm-atollic-eabi/5.3.1/../../../../arm-atollic-eabi/lib/armv7-m\libc_nano.a(lib_a-nano-freer.o)
                              c:/program files (x86)/atollic/truestudio for arm 7.1.0/armtools/bin/../lib/gcc/arm-atollic-eabi/5.3.1/../../../../arm-atollic-eabi/lib/armv7-m\libc_nano.a(lib_a-nano-svfprintf.o) (_free_r)
c:/program files (x86)/atollic/truestudio for arm 7.1.0/armtools/bin/../lib/gcc/arm-atollic-eabi/5.3.1/../../../../arm-atollic-eabi/lib/armv7-m\libc_nano.a(lib_a-nano-mallocr.o)
                              c:/program files (x86)/atollic/truestudio for arm 7.1.0/armtools/bin/../lib/gcc/arm-atollic-eabi/5.3.1/../../../../arm-atollic-eabi/lib/armv7-m\libc_nano.a(lib_a-nano-svfprintf.o) (_malloc_r)
c:/program files (x86)/atollic/truestudio for arm 7.1.0/armtools/bin/../lib/gcc/arm-atollic-eabi/5.3.1/../../../../arm-atollic-eabi/lib/armv7-m\libc_nano.a(lib_a-nano-reallocr.o)
[...]
Memory Configuration

Name             Origin             Length             Attributes
RAM              0x20000000         0x00010000         xrw
FLASH            0x08000000         0x00080000         xr
*default*        0x00000000         0xffffffff

Linker script and memory map

LOAD c:/program files (x86)/atollic/truestudio for arm 7.1.0/armtools/bin/../lib/gcc/arm-atollic-eabi/5.3.1/armv7-m/crti.o
LOAD c:/program files (x86)/atollic/truestudio for arm 7.1.0/armtools/bin/../lib/gcc/arm-atollic-eabi/5.3.1/armv7-m/crtbegin.o
LOAD Drivers\CMSIS\Device\ST\STM32F1xx\Source\Templates\gcc\startup_stm32f103xe.o
LOAD Drivers\STM32F1xx_HAL_Driver\Src\stm32f1xx_hal.o
LOAD Drivers\STM32F1xx_HAL_Driver\Src\stm32f1xx_hal_cortex.o
LOAD Drivers\STM32F1xx_HAL_Driver\Src\stm32f1xx_hal_dma.o
LOAD Drivers\STM32F1xx_HAL_Driver\Src\stm32f1xx_hal_flash.o
LOAD Drivers\STM32F1xx_HAL_Driver\Src\stm32f1xx_hal_flash_ex.o
LOAD Drivers\STM32F1xx_HAL_Driver\Src\stm32f1xx_hal_gpio.o
LOAD Drivers\STM32F1xx_HAL_Driver\Src\stm32f1xx_hal_gpio_ex.o
LOAD Drivers\STM32F1xx_HAL_Driver\Src\stm32f1xx_hal_pcd.o
LOAD Drivers\STM32F1xx_HAL_Driver\Src\stm32f1xx_hal_pcd_ex.o
LOAD Drivers\STM32F1xx_HAL_Driver\Src\stm32f1xx_hal_pwr.o
LOAD Drivers\STM32F1xx_HAL_Driver\Src\stm32f1xx_hal_rcc.o
LOAD Drivers\STM32F1xx_HAL_Driver\Src\stm32f1xx_hal_rcc_ex.o
LOAD Drivers\STM32F1xx_HAL_Driver\Src\stm32f1xx_hal_tim.o
LOAD Drivers\STM32F1xx_HAL_Driver\Src\stm32f1xx_hal_tim_ex.o
LOAD Drivers\STM32F1xx_HAL_Driver\Src\stm32f1xx_ll_usb.o
LOAD Middlewares\ST\STM32_USB_Device_Library\Class\CDC\Src\usbd_cdc.o
LOAD Middlewares\ST\STM32_USB_Device_Library\Core\Src\usbd_core.o
LOAD Middlewares\ST\STM32_USB_Device_Library\Core\Src\usbd_ctlreq.o
LOAD Middlewares\ST\STM32_USB_Device_Library\Core\Src\usbd_ioreq.o
LOAD Middlewares\Third_Party\FreeRTOS\Source\CMSIS_RTOS\cmsis_os.o
LOAD Middlewares\Third_Party\FreeRTOS\Source\croutine.o
LOAD Middlewares\Third_Party\FreeRTOS\Source\event_groups.o
LOAD Middlewares\Third_Party\FreeRTOS\Source\list.o
LOAD Middlewares\Third_Party\FreeRTOS\Source\portable\GCC\ARM_CM3\port.o
LOAD Middlewares\Third_Party\FreeRTOS\Source\portable\MemMang\heap_4.o
LOAD Middlewares\Third_Party\FreeRTOS\Source\queue.o
LOAD Middlewares\Third_Party\FreeRTOS\Source\tasks.o
LOAD Middlewares\Third_Party\FreeRTOS\Source\timers.o
LOAD Src\freertos.o
LOAD Src\main.o
LOAD Src\stm32f1xx_hal_msp.o
LOAD Src\stm32f1xx_it.o
LOAD Src\system_stm32f1xx.o
LOAD Src\usb_device.o
LOAD Src\usbd_cdc_if.o
LOAD Src\usbd_conf.o
LOAD Src\usbd_desc.o
LOAD microrl_lib\microrl.o
LOAD microrl_lib\microrl_func.o
START GROUP
LOAD c:/program files (x86)/atollic/truestudio for arm 7.1.0/armtools/bin/../lib/gcc/arm-atollic-eabi/5.3.1/../../../../arm-atollic-eabi/lib/armv7-m\libc_nano.a
LOAD c:/program files (x86)/atollic/truestudio for arm 7.1.0/armtools/bin/../lib/gcc/arm-atollic-eabi/5.3.1/../../../../arm-atollic-eabi/lib/armv7-m\libm.a
END GROUP
                0x00000080                malloc_getpagesize_P = 0x80
START GROUP
LOAD c:/program files (x86)/atollic/truestudio for arm 7.1.0/armtools/bin/../lib/gcc/arm-atollic-eabi/5.3.1/armv7-m\libgcc.a
LOAD c:/program files (x86)/atollic/truestudio for arm 7.1.0/armtools/bin/../lib/gcc/arm-atollic-eabi/5.3.1/../../../../arm-atollic-eabi/lib/armv7-m\libc_nano.a
END GROUP
START GROUP
LOAD c:/program files (x86)/atollic/truestudio for arm 7.1.0/armtools/bin/../lib/gcc/arm-atollic-eabi/5.3.1/armv7-m\libgcc.a
LOAD c:/program files (x86)/atollic/truestudio for arm 7.1.0/armtools/bin/../lib/gcc/arm-atollic-eabi/5.3.1/../../../../arm-atollic-eabi/lib/armv7-m\libc_nano.a
LOAD c:/program files (x86)/atollic/truestudio for arm 7.1.0/armtools/bin/../lib/gcc/arm-atollic-eabi/5.3.1/../../../../arm-atollic-eabi/lib/armv7-m\libnosys.a
END GROUP
START GROUP
LOAD c:/program files (x86)/atollic/truestudio for arm 7.1.0/armtools/bin/../lib/gcc/arm-atollic-eabi/5.3.1/armv7-m\libgcc.a
LOAD c:/program files (x86)/atollic/truestudio for arm 7.1.0/armtools/bin/../lib/gcc/arm-atollic-eabi/5.3.1/../../../../arm-atollic-eabi/lib/armv7-m\libc_nano.a
LOAD c:/program files (x86)/atollic/truestudio for arm 7.1.0/armtools/bin/../lib/gcc/arm-atollic-eabi/5.3.1/../../../../arm-atollic-eabi/lib/armv7-m\libnosys.a
END GROUP
LOAD c:/program files (x86)/atollic/truestudio for arm 7.1.0/armtools/bin/../lib/gcc/arm-atollic-eabi/5.3.1/armv7-m/crtend.o
LOAD c:/program files (x86)/atollic/truestudio for arm 7.1.0/armtools/bin/../lib/gcc/arm-atollic-eabi/5.3.1/armv7-m/crtn.o
                0x20010000                _estack = 0x20010000
                0x00000200                _Min_Heap_Size = 0x200
                0x00000400                _Min_Stack_Size = 0x400

.isr_vector     0x08000000      0x1e4
                0x08000000                . = ALIGN (0x4)
 *(.isr_vector)
 .isr_vector    0x08000000      0x1e4 Drivers\CMSIS\Device\ST\STM32F1xx\Source\Templates\gcc\startup_stm32f103xe.o
                0x08000000                g_pfnVectors
                0x080001e4                . = ALIGN (0x4)

.text           0x080001e4     0x4930
                0x080001e4                . = ALIGN (0x4)
 *(.text)
 .text          0x080001e4       0x40 c:/program files (x86)/atollic/truestudio for arm 7.1.0/armtools/bin/../lib/gcc/arm-atollic-eabi/5.3.1/armv7-m/crtbegin.o
 .text          0x08000224       0x14 c:/program files (x86)/atollic/truestudio for arm 7.1.0/armtools/bin/../lib/gcc/arm-atollic-eabi/5.3.1/../../../../arm-atollic-eabi/lib/armv7-m\libc_nano.a(lib_a-strcmp.o)
                0x08000224                strcmp
 .text          0x08000238       0x10 c:/program files (x86)/atollic/truestudio for arm 7.1.0/armtools/bin/../lib/gcc/arm-atollic-eabi/5.3.1/../../../../arm-atollic-eabi/lib/armv7-m\libc_nano.a(lib_a-strlen.o)
                0x08000238                strlen
 *(.text*)
 .text.Reset_Handler
                0x08000248       0x48 Drivers\CMSIS\Device\ST\STM32F1xx\Source\Templates\gcc\startup_stm32f103xe.o
                0x08000248                Reset_Handler
 .text.Default_Handler
                0x08000290        0x2 Drivers\CMSIS\Device\ST\STM32F1xx\Source\Templates\gcc\startup_stm32f103xe.o
                0x08000290                RTC_Alarm_IRQHandler
                0x08000290                EXTI2_IRQHandler
                0x08000290                TIM8_TRG_COM_IRQHandler
                0x08000290                TIM8_CC_IRQHandler
                0x08000290                TIM1_CC_IRQHandler
                0x08000290                TIM6_IRQHandler
                0x08000290                PVD_IRQHandler
                0x08000290                SDIO_IRQHandler
                0x08000290                EXTI3_IRQHandler
                0x08000290                EXTI0_IRQHandler
                0x08000290                I2C2_EV_IRQHandler
                0x08000290                ADC1_2_IRQHandler
                0x08000290                SPI1_IRQHandler
                0x08000290                TAMPER_IRQHandler
                0x08000290                TIM8_UP_IRQHandler
                0x08000290                DMA2_Channel2_IRQHandler
                0x08000290                DMA1_Channel4_IRQHandler
                0x08000290                USART3_IRQHandler
                0x08000290                RTC_IRQHandler
                0x08000290                DMA1_Channel7_IRQHandler
                0x08000290                CAN1_RX1_IRQHandler
                0x08000290                UART5_IRQHandler
                0x08000290                ADC3_IRQHandler
                0x08000290                TIM4_IRQHandler
                0x08000290                DMA2_Channel1_IRQHandler
                0x08000290                I2C1_EV_IRQHandler
                0x08000290                DMA1_Channel6_IRQHandler
                0x08000290                UART4_IRQHandler
                0x08000290                TIM3_IRQHandler
                0x08000290                RCC_IRQHandler
                0x08000290                TIM1_TRG_COM_IRQHandler
                0x08000290                DMA1_Channel1_IRQHandler
                0x08000290                Default_Handler
                0x08000290                EXTI15_10_IRQHandler
                0x08000290                TIM7_IRQHandler
                0x08000290                TIM5_IRQHandler
                0x08000290                EXTI9_5_IRQHandler
                0x08000290                SPI2_IRQHandler
                0x08000290                DMA1_Channel5_IRQHandler
                0x08000290                EXTI4_IRQHandler
                0x08000290                USB_HP_CAN1_TX_IRQHandler
                0x08000290                DMA1_Channel3_IRQHandler
                0x08000290                FSMC_IRQHandler
                0x08000290                TIM1_UP_IRQHandler
                0x08000290                WWDG_IRQHandler
                0x08000290                TIM2_IRQHandler
                0x08000290                TIM1_BRK_IRQHandler
                0x08000290                EXTI1_IRQHandler
                0x08000290                DMA2_Channel4_5_IRQHandler
                0x08000290                USART2_IRQHandler
                0x08000290                I2C2_ER_IRQHandler
                0x08000290                DMA1_Channel2_IRQHandler
                0x08000290                TIM8_BRK_IRQHandler
                0x08000290                CAN1_SCE_IRQHandler
                0x08000290                FLASH_IRQHandler
                0x08000290                USART1_IRQHandler
                0x08000290                SPI3_IRQHandler
                0x08000290                I2C1_ER_IRQHandler
                0x08000290                USBWakeUp_IRQHandler
                0x08000290                DMA2_Channel3_IRQHandler
 .text.HAL_InitTick
                0x08000292       0x24 Drivers\STM32F1xx_HAL_Driver\Src\stm32f1xx_hal.o
                0x08000292                HAL_InitTick
 *fill*         0x080002b6        0x2 
 .text.HAL_Init
                0x080002b8       0x20 Drivers\STM32F1xx_HAL_Driver\Src\stm32f1xx_hal.o
                0x080002b8                HAL_Init
 .text.HAL_IncTick
                0x080002d8       0x10 Drivers\STM32F1xx_HAL_Driver\Src\stm32f1xx_hal.o
                0x080002d8                HAL_IncTick
 .text.HAL_GetTick
                0x080002e8        0xc Drivers\STM32F1xx_HAL_Driver\Src\stm32f1xx_hal.o
                0x080002e8                HAL_GetTick
 .text.HAL_Delay
                0x080002f4       0x1a Drivers\STM32F1xx_HAL_Driver\Src\stm32f1xx_hal.o
                0x080002f4                HAL_Delay
 *fill*         0x0800030e        0x2 
 .text.HAL_NVIC_SetPriorityGrouping
                0x08000310       0x24 Drivers\STM32F1xx_HAL_Driver\Src\stm32f1xx_hal_cortex.o
                0x08000310                HAL_NVIC_SetPriorityGrouping
 .text.HAL_NVIC_SetPriority
                0x08000334       0x68 Drivers\STM32F1xx_HAL_Driver\Src\stm32f1xx_hal_cortex.o
                0x08000334                HAL_NVIC_SetPriority
 .text.HAL_NVIC_EnableIRQ
                0x0800039c       0x18 Drivers\STM32F1xx_HAL_Driver\Src\stm32f1xx_hal_cortex.o
                0x0800039c                HAL_NVIC_EnableIRQ
 .text.HAL_SYSTICK_Config
                0x080003b4       0x2c Drivers\STM32F1xx_HAL_Driver\Src\stm32f1xx_hal_cortex.o
                0x080003b4                HAL_SYSTICK_Config
 .text.HAL_SYSTICK_CLKSourceConfig
                0x080003e0       0x18 Drivers\STM32F1xx_HAL_Driver\Src\stm32f1xx_hal_cortex.o
                0x080003e0                HAL_SYSTICK_CLKSourceConfig
 .text.HAL_GPIO_Init
                0x080003f8      0x1cc Drivers\STM32F1xx_HAL_Driver\Src\stm32f1xx_hal_gpio.o
                0x080003f8                HAL_GPIO_Init
 .text.HAL_GPIO_WritePin
                0x080005c4        0x8 Drivers\STM32F1xx_HAL_Driver\Src\stm32f1xx_hal_gpio.o
                0x080005c4                HAL_GPIO_WritePin
 .text.HAL_GPIO_TogglePin
                0x080005cc        0x8 Drivers\STM32F1xx_HAL_Driver\Src\stm32f1xx_hal_gpio.o
                0x080005cc                HAL_GPIO_TogglePin
 .text.HAL_PCD_Init
                0x080005d4       0xd4 Drivers\STM32F1xx_HAL_Driver\Src\stm32f1xx_hal_pcd.o
                0x080005d4                HAL_PCD_Init
 .text.HAL_PCD_Start
                0x080006a8       0x2e Drivers\STM32F1xx_HAL_Driver\Src\stm32f1xx_hal_pcd.o
                0x080006a8                HAL_PCD_Start
 .text.HAL_PCD_SetAddress
                0x080006d6       0x28 Drivers\STM32F1xx_HAL_Driver\Src\stm32f1xx_hal_pcd.o
                0x080006d6                HAL_PCD_SetAddress
 .text.HAL_PCD_EP_Open
                0x080006fe       0x46 Drivers\STM32F1xx_HAL_Driver\Src\stm32f1xx_hal_pcd.o
                0x080006fe                HAL_PCD_EP_Open
 .text.HAL_PCD_EP_Close
                0x08000744       0x42 Drivers\STM32F1xx_HAL_Driver\Src\stm32f1xx_hal_pcd.o
                0x08000744                HAL_PCD_EP_Close
 .text.HAL_PCD_EP_Receive
                0x08000786       0x48 Drivers\STM32F1xx_HAL_Driver\Src\stm32f1xx_hal_pcd.o
                0x08000786                HAL_PCD_EP_Receive
 .text.HAL_PCD_EP_GetRxCount
                0x080007ce        0xe Drivers\STM32F1xx_HAL_Driver\Src\stm32f1xx_hal_pcd.o
                0x080007ce                HAL_PCD_EP_GetRxCount
 .text.HAL_PCD_EP_Transmit
                0x080007dc       0x40 Drivers\STM32F1xx_HAL_Driver\Src\stm32f1xx_hal_pcd.o
                0x080007dc                HAL_PCD_EP_Transmit
 .text.HAL_PCD_IRQHandler
                0x0800081c      0x4d0 Drivers\STM32F1xx_HAL_Driver\Src\stm32f1xx_hal_pcd.o
                0x0800081c                HAL_PCD_IRQHandler
 .text.HAL_PCD_EP_SetStall
                0x08000cec       0x52 Drivers\STM32F1xx_HAL_Driver\Src\stm32f1xx_hal_pcd.o
                0x08000cec                HAL_PCD_EP_SetStall
 .text.HAL_PCD_EP_ClrStall
                0x08000d3e       0x46 Drivers\STM32F1xx_HAL_Driver\Src\stm32f1xx_hal_pcd.o
                0x08000d3e                HAL_PCD_EP_ClrStall
 .text.HAL_PCDEx_PMAConfig
                0x08000d84       0x30 Drivers\STM32F1xx_HAL_Driver\Src\stm32f1xx_hal_pcd_ex.o
                0x08000d84                HAL_PCDEx_PMAConfig
 .text.HAL_RCC_OscConfig
                0x08000db4      0x4c0 Drivers\STM32F1xx_HAL_Driver\Src\stm32f1xx_hal_rcc.o
                0x08000db4                HAL_RCC_OscConfig
 .text.HAL_RCC_GetSysClockFreq
                0x08001274       0x90 Drivers\STM32F1xx_HAL_Driver\Src\stm32f1xx_hal_rcc.o
                0x08001274                HAL_RCC_GetSysClockFreq
 .text.HAL_RCC_ClockConfig
                0x08001304      0x164 Drivers\STM32F1xx_HAL_Driver\Src\stm32f1xx_hal_rcc.o
                0x08001304                HAL_RCC_ClockConfig
 .text.HAL_RCC_GetHCLKFreq
                0x08001468        0xc Drivers\STM32F1xx_HAL_Driver\Src\stm32f1xx_hal_rcc.o
                0x08001468                HAL_RCC_GetHCLKFreq
 .text.HAL_RCCEx_PeriphCLKConfig
                0x08001474      0x114 Drivers\STM32F1xx_HAL_Driver\Src\stm32f1xx_hal_rcc_ex.o
                0x08001474                HAL_RCCEx_PeriphCLKConfig
 .text.USB_CoreInit
                0x08001588        0xe Drivers\STM32F1xx_HAL_Driver\Src\stm32f1xx_ll_usb.o
                0x08001588                USB_CoreInit
 .text.USB_EnableGlobalInt
                0x08001596       0x12 Drivers\STM32F1xx_HAL_Driver\Src\stm32f1xx_ll_usb.o
                0x08001596                USB_EnableGlobalInt
 .text.USB_DisableGlobalInt
                0x080015a8       0x14 Drivers\STM32F1xx_HAL_Driver\Src\stm32f1xx_ll_usb.o
                0x080015a8                USB_DisableGlobalInt
 .text.USB_SetCurrentMode
                0x080015bc        0x4 Drivers\STM32F1xx_HAL_Driver\Src\stm32f1xx_ll_usb.o
                0x080015bc                USB_SetCurrentMode
 .text.USB_DevInit
                0x080015c0       0x28 Drivers\STM32F1xx_HAL_Driver\Src\stm32f1xx_ll_usb.o
                0x080015c0                USB_DevInit
 .text.USB_ActivateEndpoint
                0x080015e8      0x2e4 Drivers\STM32F1xx_HAL_Driver\Src\stm32f1xx_ll_usb.o
                0x080015e8                USB_ActivateEndpoint
 .text.USB_DeactivateEndpoint
                0x080018cc      0x170 Drivers\STM32F1xx_HAL_Driver\Src\stm32f1xx_ll_usb.o
                0x080018cc                USB_DeactivateEndpoint
 .text.USB_EPSetStall
                0x08001a3c       0x62 Drivers\STM32F1xx_HAL_Driver\Src\stm32f1xx_ll_usb.o
                0x08001a3c                USB_EPSetStall
 .text.USB_EPClearStall
                0x08001a9e       0x84 Drivers\STM32F1xx_HAL_Driver\Src\stm32f1xx_ll_usb.o
                0x08001a9e                USB_EPClearStall
 .text.USB_SetDevAddress
                0x08001b22        0xc Drivers\STM32F1xx_HAL_Driver\Src\stm32f1xx_ll_usb.o
                0x08001b22                USB_SetDevAddress
 .text.USB_DevConnect
                0x08001b2e        0x4 Drivers\STM32F1xx_HAL_Driver\Src\stm32f1xx_ll_usb.o
                0x08001b2e                USB_DevConnect
 .text.USB_DevDisconnect
                0x08001b32        0x4 Drivers\STM32F1xx_HAL_Driver\Src\stm32f1xx_ll_usb.o
                0x08001b32                USB_DevDisconnect
 .text.USB_ReadInterrupts
                0x08001b36        0x8 Drivers\STM32F1xx_HAL_Driver\Src\stm32f1xx_ll_usb.o
                0x08001b36                USB_ReadInterrupts
 .text.USB_EP0_OutStart
                0x08001b3e        0x4 Drivers\STM32F1xx_HAL_Driver\Src\stm32f1xx_ll_usb.o
                0x08001b3e                USB_EP0_OutStart
 .text.USB_WritePMA
                0x08001b42       0x22 Drivers\STM32F1xx_HAL_Driver\Src\stm32f1xx_ll_usb.o
                0x08001b42                USB_WritePMA
 .text.USB_EPStartXfer
                0x08001b64      0x1a0 Drivers\STM32F1xx_HAL_Driver\Src\stm32f1xx_ll_usb.o
                0x08001b64                USB_EPStartXfer
 .text.USB_ReadPMA
                0x08001d04       0x22 Drivers\STM32F1xx_HAL_Driver\Src\stm32f1xx_ll_usb.o
                0x08001d04                USB_ReadPMA
 .text.USBD_CDC_DataIn
                0x08001d26       0x12 Middlewares\ST\STM32_USB_Device_Library\Class\CDC\Src\usbd_cdc.o
 .text.USBD_CDC_EP0_RxReady
                0x08001d38       0x28 Middlewares\ST\STM32_USB_Device_Library\Class\CDC\Src\usbd_cdc.o
 .text.USBD_CDC_GetFSCfgDesc
                0x08001d60        0xc Middlewares\ST\STM32_USB_Device_Library\Class\CDC\Src\usbd_cdc.o
 .text.USBD_CDC_GetHSCfgDesc
                0x08001d6c        0xc Middlewares\ST\STM32_USB_Device_Library\Class\CDC\Src\usbd_cdc.o
 .text.USBD_CDC_GetOtherSpeedCfgDesc
                0x08001d78        0xc Middlewares\ST\STM32_USB_Device_Library\Class\CDC\Src\usbd_cdc.o
 .text.USBD_CDC_GetDeviceQualifierDescriptor
                0x08001d84        0xc Middlewares\ST\STM32_USB_Device_Library\Class\CDC\Src\usbd_cdc.o
                0x08001d84                USBD_CDC_GetDeviceQualifierDescriptor
 .text.USBD_CDC_DataOut
                0x08001d90       0x2e Middlewares\ST\STM32_USB_Device_Library\Class\CDC\Src\usbd_cdc.o
 *fill*         0x08001dbe        0x2 
 .text.USBD_CDC_Setup
                0x08001dc0       0x6c Middlewares\ST\STM32_USB_Device_Library\Class\CDC\Src\usbd_cdc.o
 .text.USBD_CDC_DeInit
                0x08001e2c       0x3a Middlewares\ST\STM32_USB_Device_Library\Class\CDC\Src\usbd_cdc.o
 .text.USBD_CDC_Init
                0x08001e66       0x8c Middlewares\ST\STM32_USB_Device_Library\Class\CDC\Src\usbd_cdc.o
 .text.USBD_CDC_RegisterInterface
                0x08001ef2        0xe Middlewares\ST\STM32_USB_Device_Library\Class\CDC\Src\usbd_cdc.o
                0x08001ef2                USBD_CDC_RegisterInterface
 .text.USBD_CDC_SetTxBuffer
                0x08001f00       0x10 Middlewares\ST\STM32_USB_Device_Library\Class\CDC\Src\usbd_cdc.o
                0x08001f00                USBD_CDC_SetTxBuffer
 .text.USBD_CDC_SetRxBuffer
                0x08001f10        0xc Middlewares\ST\STM32_USB_Device_Library\Class\CDC\Src\usbd_cdc.o
                0x08001f10                USBD_CDC_SetRxBuffer
 .text.USBD_CDC_TransmitPacket
                0x08001f1c       0x2e Middlewares\ST\STM32_USB_Device_Library\Class\CDC\Src\usbd_cdc.o
                0x08001f1c                USBD_CDC_TransmitPacket
 .text.USBD_CDC_ReceivePacket
                0x08001f4a       0x26 Middlewares\ST\STM32_USB_Device_Library\Class\CDC\Src\usbd_cdc.o
                0x08001f4a                USBD_CDC_ReceivePacket
 .text.USBD_Init
                0x08001f70       0x2a Middlewares\ST\STM32_USB_Device_Library\Core\Src\usbd_core.o
                0x08001f70                USBD_Init
 .text.USBD_RegisterClass
                0x08001f9a        0xe Middlewares\ST\STM32_USB_Device_Library\Core\Src\usbd_core.o
                0x08001f9a                USBD_RegisterClass
 .text.USBD_Start
                0x08001fa8        0xa Middlewares\ST\STM32_USB_Device_Library\Core\Src\usbd_core.o
                0x08001fa8                USBD_Start
 .text.USBD_SetClassConfig
                0x08001fb2       0x16 Middlewares\ST\STM32_USB_Device_Library\Core\Src\usbd_core.o
                0x08001fb2                USBD_SetClassConfig
 .text.USBD_ClrClassConfig
                0x08001fc8        0xe Middlewares\ST\STM32_USB_Device_Library\Core\Src\usbd_core.o
                0x08001fc8                USBD_ClrClassConfig
 .text.USBD_LL_SetupStage
                0x08001fd6       0x5a Middlewares\ST\STM32_USB_Device_Library\Core\Src\usbd_core.o
                0x08001fd6                USBD_LL_SetupStage
 .text.USBD_LL_DataOutStage
                0x08002030       0x62 Middlewares\ST\STM32_USB_Device_Library\Core\Src\usbd_core.o
                0x08002030                USBD_LL_DataOutStage
 .text.USBD_LL_DataInStage
                0x08002092       0x9c Middlewares\ST\STM32_USB_Device_Library\Core\Src\usbd_core.o
                0x08002092                USBD_LL_DataInStage
 .text.USBD_LL_Reset
                0x0800212e       0x3e Middlewares\ST\STM32_USB_Device_Library\Core\Src\usbd_core.o
                0x0800212e                USBD_LL_Reset
 .text.USBD_LL_SetSpeed
                0x0800216c        0x6 Middlewares\ST\STM32_USB_Device_Library\Core\Src\usbd_core.o
                0x0800216c                USBD_LL_SetSpeed
 .text.USBD_LL_Suspend
                0x08002172       0x12 Middlewares\ST\STM32_USB_Device_Library\Core\Src\usbd_core.o
                0x08002172                USBD_LL_Suspend
 .text.USBD_LL_Resume
                0x08002184        0xc Middlewares\ST\STM32_USB_Device_Library\Core\Src\usbd_core.o
                0x08002184                USBD_LL_Resume
 .text.USBD_LL_SOF
                0x08002190       0x18 Middlewares\ST\STM32_USB_Device_Library\Core\Src\usbd_core.o
                0x08002190                USBD_LL_SOF
 .text.USBD_ParseSetupRequest
                0x080021a8       0x28 Middlewares\ST\STM32_USB_Device_Library\Core\Src\usbd_ctlreq.o
                0x080021a8                USBD_ParseSetupRequest
 .text.USBD_CtlError
                0x080021d0       0x16 Middlewares\ST\STM32_USB_Device_Library\Core\Src\usbd_ctlreq.o
                0x080021d0                USBD_CtlError
 *fill*         0x080021e6        0x2 
 .text.USBD_StdDevReq
                0x080021e8      0x214 Middlewares\ST\STM32_USB_Device_Library\Core\Src\usbd_ctlreq.o
                0x080021e8                USBD_StdDevReq
 .text.USBD_StdItfReq
                0x080023fc       0x30 Middlewares\ST\STM32_USB_Device_Library\Core\Src\usbd_ctlreq.o
                0x080023fc                USBD_StdItfReq
 .text.USBD_StdEPReq
                0x0800242c       0xc6 Middlewares\ST\STM32_USB_Device_Library\Core\Src\usbd_ctlreq.o
                0x0800242c                USBD_StdEPReq
 .text.USBD_GetString
                0x080024f2       0x38 Middlewares\ST\STM32_USB_Device_Library\Core\Src\usbd_ctlreq.o
                0x080024f2                USBD_GetString
 .text.USBD_CtlSendData
                0x0800252a       0x1a Middlewares\ST\STM32_USB_Device_Library\Core\Src\usbd_ioreq.o
                0x0800252a                USBD_CtlSendData
 .text.USBD_CtlContinueSendData
                0x08002544       0x10 Middlewares\ST\STM32_USB_Device_Library\Core\Src\usbd_ioreq.o
                0x08002544                USBD_CtlContinueSendData
 .text.USBD_CtlPrepareRx
                0x08002554       0x1e Middlewares\ST\STM32_USB_Device_Library\Core\Src\usbd_ioreq.o
                0x08002554                USBD_CtlPrepareRx
 .text.USBD_CtlContinueRx
                0x08002572       0x10 Middlewares\ST\STM32_USB_Device_Library\Core\Src\usbd_ioreq.o
                0x08002572                USBD_CtlContinueRx
 .text.USBD_CtlSendStatus
                0x08002582       0x16 Middlewares\ST\STM32_USB_Device_Library\Core\Src\usbd_ioreq.o
                0x08002582                USBD_CtlSendStatus
 .text.USBD_CtlReceiveStatus
                0x08002598       0x16 Middlewares\ST\STM32_USB_Device_Library\Core\Src\usbd_ioreq.o
                0x08002598                USBD_CtlReceiveStatus
 .text.osSystickHandler
                0x080025ae       0x14 Middlewares\Third_Party\FreeRTOS\Source\CMSIS_RTOS\cmsis_os.o
                0x080025ae                osSystickHandler
 .text.vListInitialise
                0x080025c2       0x16 Middlewares\Third_Party\FreeRTOS\Source\list.o
                0x080025c2                vListInitialise
 .text.vListInitialiseItem
                0x080025d8        0x6 Middlewares\Third_Party\FreeRTOS\Source\list.o
                0x080025d8                vListInitialiseItem
 .text.vListInsertEnd
                0x080025de       0x18 Middlewares\Third_Party\FreeRTOS\Source\list.o
                0x080025de                vListInsertEnd
 .text.vListInsert
                0x080025f6       0x30 Middlewares\Third_Party\FreeRTOS\Source\list.o
                0x080025f6                vListInsert
 .text.uxListRemove
                0x08002626       0x20 Middlewares\Third_Party\FreeRTOS\Source\list.o
                0x08002626                uxListRemove
 *fill*         0x08002646        0x2 
 .text.prvPortStartFirstTask
                0x08002648       0x20 Middlewares\Third_Party\FreeRTOS\Source\portable\GCC\ARM_CM3\port.o
 .text.pxPortInitialiseStack
                0x08002668       0x1c Middlewares\Third_Party\FreeRTOS\Source\portable\GCC\ARM_CM3\port.o
                0x08002668                pxPortInitialiseStack
 .text.SVC_Handler
                0x08002684       0x24 Middlewares\Third_Party\FreeRTOS\Source\portable\GCC\ARM_CM3\port.o
                0x08002684                SVC_Handler
 .text.vPortYield
                0x080026a8       0x18 Middlewares\Third_Party\FreeRTOS\Source\portable\GCC\ARM_CM3\port.o
                0x080026a8                vPortYield
 .text.ulPortSetInterruptMask
                0x080026c0       0x10 Middlewares\Third_Party\FreeRTOS\Source\portable\GCC\ARM_CM3\port.o
                0x080026c0                ulPortSetInterruptMask
 .text.prvTaskExitError
                0x080026d0       0x1c Middlewares\Third_Party\FreeRTOS\Source\portable\GCC\ARM_CM3\port.o
 .text.vPortEnterCritical
                0x080026ec       0x34 Middlewares\Third_Party\FreeRTOS\Source\portable\GCC\ARM_CM3\port.o
                0x080026ec                vPortEnterCritical
 .text.vPortClearInterruptMask
                0x08002720        0x6 Middlewares\Third_Party\FreeRTOS\Source\portable\GCC\ARM_CM3\port.o
                0x08002720                vPortClearInterruptMask
 *fill*         0x08002726        0x2 
 .text.vPortExitCritical
                0x08002728       0x24 Middlewares\Third_Party\FreeRTOS\Source\portable\GCC\ARM_CM3\port.o
                0x08002728                vPortExitCritical
 .text.PendSV_Handler
                0x0800274c       0x44 Middlewares\Third_Party\FreeRTOS\Source\portable\GCC\ARM_CM3\port.o
                0x0800274c                PendSV_Handler
 .text.xPortSysTickHandler
                0x08002790       0x24 Middlewares\Third_Party\FreeRTOS\Source\portable\GCC\ARM_CM3\port.o
                0x08002790                xPortSysTickHandler
 .text.vPortSuppressTicksAndSleep
                0x080027b4      0x118 Middlewares\Third_Party\FreeRTOS\Source\portable\GCC\ARM_CM3\port.o
                0x080027b4                vPortSuppressTicksAndSleep
 .text.vPortSetupTimerInterrupt
                0x080028cc       0x50 Middlewares\Third_Party\FreeRTOS\Source\portable\GCC\ARM_CM3\port.o
                0x080028cc                vPortSetupTimerInterrupt
 .text.xPortStartScheduler
                0x0800291c       0x94 Middlewares\Third_Party\FreeRTOS\Source\portable\GCC\ARM_CM3\port.o
                0x0800291c                xPortStartScheduler
 .text.vPortValidateInterruptPriority
                0x080029b0       0x44 Middlewares\Third_Party\FreeRTOS\Source\portable\GCC\ARM_CM3\port.o
                0x080029b0                vPortValidateInterruptPriority
 .text.prvInsertBlockIntoFreeList
                0x080029f4       0x48 Middlewares\Third_Party\FreeRTOS\Source\portable\MemMang\heap_4.o
 .text.pvPortMalloc
                0x08002a3c      0x114 Middlewares\Third_Party\FreeRTOS\Source\portable\MemMang\heap_4.o
                0x08002a3c                pvPortMalloc
 .text.vPortFree
                0x08002b50       0x58 Middlewares\Third_Party\FreeRTOS\Source\portable\MemMang\heap_4.o
                0x08002b50                vPortFree
 .text.prvCopyDataToQueue
                0x08002ba8       0x6a Middlewares\Third_Party\FreeRTOS\Source\queue.o
 .text.prvCopyDataFromQueue
                0x08002c12       0x28 Middlewares\Third_Party\FreeRTOS\Source\queue.o
 .text.prvUnlockQueue
                0x08002c3a       0x68 Middlewares\Third_Party\FreeRTOS\Source\queue.o
 .text.xQueueGenericReset
                0x08002ca2       0x62 Middlewares\Third_Party\FreeRTOS\Source\queue.o
                0x08002ca2                xQueueGenericReset
 .text.xQueueGenericCreate
                0x08002d04       0x4c Middlewares\Third_Party\FreeRTOS\Source\queue.o
                0x08002d04                xQueueGenericCreate
 .text.xQueueGenericSendFromISR
                0x08002d50       0x8a Middlewares\Third_Party\FreeRTOS\Source\queue.o
                0x08002d50                xQueueGenericSendFromISR
 .text.xQueueGenericReceive
                0x08002dda      0x12c Middlewares\Third_Party\FreeRTOS\Source\queue.o
                0x08002dda                xQueueGenericReceive
 *fill*         0x08002f06        0x2 
 .text.prvGetExpectedIdleTime
                0x08002f08       0x30 Middlewares\Third_Party\FreeRTOS\Source\tasks.o
 .text.prvResetNextTaskUnblockTime
                0x08002f38       0x24 Middlewares\Third_Party\FreeRTOS\Source\tasks.o
 .text.prvAddCurrentTaskToDelayedList
                0x08002f5c       0x50 Middlewares\Third_Party\FreeRTOS\Source\tasks.o
 .text.xTaskGenericCreate
                0x08002fac      0x1c8 Middlewares\Third_Party\FreeRTOS\Source\tasks.o
                0x08002fac                xTaskGenericCreate
 .text.vTaskStartScheduler
                0x08003174       0x64 Middlewares\Third_Party\FreeRTOS\Source\tasks.o
                0x08003174                vTaskStartScheduler
 .text.vTaskSuspendAll
                0x080031d8       0x10 Middlewares\Third_Party\FreeRTOS\Source\tasks.o
                0x080031d8                vTaskSuspendAll
 .text.vTaskStepTick
                0x080031e8       0x28 Middlewares\Third_Party\FreeRTOS\Source\tasks.o
                0x080031e8                vTaskStepTick
 .text.xTaskIncrementTick
                0x08003210      0x134 Middlewares\Third_Party\FreeRTOS\Source\tasks.o
                0x08003210                xTaskIncrementTick
 .text.xTaskResumeAll
                0x08003344       0xd0 Middlewares\Third_Party\FreeRTOS\Source\tasks.o
                0x08003344                xTaskResumeAll
 .text.vTaskDelay
                0x08003414       0x60 Middlewares\Third_Party\FreeRTOS\Source\tasks.o
                0x08003414                vTaskDelay
 .text.prvIdleTask
                0x08003474       0xa4 Middlewares\Third_Party\FreeRTOS\Source\tasks.o
 .text.vTaskSwitchContext
                0x08003518       0x88 Middlewares\Third_Party\FreeRTOS\Source\tasks.o
                0x08003518                vTaskSwitchContext
 .text.vTaskPlaceOnEventList
                0x080035a0       0x64 Middlewares\Third_Party\FreeRTOS\Source\tasks.o
                0x080035a0                vTaskPlaceOnEventList
 .text.xTaskRemoveFromEventList
                0x08003604       0x7c Middlewares\Third_Party\FreeRTOS\Source\tasks.o
                0x08003604                xTaskRemoveFromEventList
 .text.vTaskSetTimeOutState
                0x08003680       0x20 Middlewares\Third_Party\FreeRTOS\Source\tasks.o
                0x08003680                vTaskSetTimeOutState
 .text.xTaskCheckForTimeOut
                0x080036a0       0x5c Middlewares\Third_Party\FreeRTOS\Source\tasks.o
                0x080036a0                xTaskCheckForTimeOut
 .text.vTaskMissedYield
                0x080036fc        0xc Middlewares\Third_Party\FreeRTOS\Source\tasks.o
                0x080036fc                vTaskMissedYield
 .text.eTaskConfirmSleepModeStatus
                0x08003708       0x34 Middlewares\Third_Party\FreeRTOS\Source\tasks.o
                0x08003708                eTaskConfirmSleepModeStatus
 .text.xTaskGetSchedulerState
                0x0800373c       0x20 Middlewares\Third_Party\FreeRTOS\Source\tasks.o
                0x0800373c                xTaskGetSchedulerState
 .text.vTaskPriorityInherit
                0x0800375c       0x94 Middlewares\Third_Party\FreeRTOS\Source\tasks.o
                0x0800375c                vTaskPriorityInherit
 .text.xTaskPriorityDisinherit
                0x080037f0       0x88 Middlewares\Third_Party\FreeRTOS\Source\tasks.o
                0x080037f0                xTaskPriorityDisinherit
 .text.pvTaskIncrementMutexHeldCount
                0x08003878       0x18 Middlewares\Third_Party\FreeRTOS\Source\tasks.o
                0x08003878                pvTaskIncrementMutexHeldCount
 .text.configureTimerForRunTimeStats
                0x08003890        0x2 Src\freertos.o
                0x08003890                configureTimerForRunTimeStats
 .text.getRunTimeCounterValue
                0x08003892        0x4 Src\freertos.o
                0x08003892                getRunTimeCounterValue
 .text.vApplicationIdleHook
                0x08003896        0x2 Src\freertos.o
                0x08003896                vApplicationIdleHook
 .text.vApplicationTickHook
                0x08003898        0x2 Src\freertos.o
                0x08003898                vApplicationTickHook
 .text.vApplicationMallocFailedHook
                0x0800389a        0x2 Src\freertos.o
                0x0800389a                vApplicationMallocFailedHook
 .text.PreSleepProcessing
                0x0800389c        0x2 Src\freertos.o
                0x0800389c                PreSleepProcessing
 .text.PostSleepProcessing
                0x0800389e        0x2 Src\freertos.o
                0x0800389e                PostSleepProcessing
 .text.microrl_run
                0x080038a0        0xc Src\main.o
                0x080038a0                microrl_run
 .text.vLedTask
                0x080038ac       0x48 Src\main.o
                0x080038ac                vLedTask
 .text.SystemClock_Config
                0x080038f4       0x7e Src\main.o
                0x080038f4                SystemClock_Config
 *fill*         0x08003972        0x2 
 .text.startup.main
                0x08003974       0xb8 Src\main.o
                0x08003974                main
 .text.Error_Handler
                0x08003a2c        0x2 Src\main.o
                0x08003a2c                Error_Handler
 .text.NMI_Handler
                0x08003a2e        0x2 Src\stm32f1xx_it.o
                0x08003a2e                NMI_Handler
 .text.HardFault_Handler
                0x08003a30        0x2 Src\stm32f1xx_it.o
                0x08003a30                HardFault_Handler
 .text.MemManage_Handler
                0x08003a32        0x2 Src\stm32f1xx_it.o
                0x08003a32                MemManage_Handler
 .text.BusFault_Handler
                0x08003a34        0x2 Src\stm32f1xx_it.o
                0x08003a34                BusFault_Handler
 .text.UsageFault_Handler
                0x08003a36        0x2 Src\stm32f1xx_it.o
                0x08003a36                UsageFault_Handler
 .text.DebugMon_Handler
                0x08003a38        0x2 Src\stm32f1xx_it.o
                0x08003a38                DebugMon_Handler
 .text.SysTick_Handler
                0x08003a3a        0xe Src\stm32f1xx_it.o
                0x08003a3a                SysTick_Handler
 .text.USB_LP_CAN1_RX0_IRQHandler
                0x08003a48        0xc Src\stm32f1xx_it.o
                0x08003a48                USB_LP_CAN1_RX0_IRQHandler
 .text.SystemInit
                0x08003a54       0x4c Src\system_stm32f1xx.o
                0x08003a54                SystemInit
 .text.MX_USB_DEVICE_Init
                0x08003aa0       0x38 Src\usb_device.o
                0x08003aa0                MX_USB_DEVICE_Init
 .text.CDC_DeInit_FS
                0x08003ad8        0x4 Src\usbd_cdc_if.o
 .text.CDC_Control_FS
                0x08003adc        0x4 Src\usbd_cdc_if.o
 .text.CDC_Receive_FS
                0x08003ae0       0x4c Src\usbd_cdc_if.o
 .text.CDC_Init_FS
                0x08003b2c       0x28 Src\usbd_cdc_if.o
 .text.CDC_Transmit_FS
                0x08003b54       0x2c Src\usbd_cdc_if.o
                0x08003b54                CDC_Transmit_FS
 .text.HAL_PCD_MspInit
                0x08003b80       0x3c Src\usbd_conf.o
                0x08003b80                HAL_PCD_MspInit
 .text.HAL_PCD_SetupStageCallback
                0x08003bbc        0xc Src\usbd_conf.o
                0x08003bbc                HAL_PCD_SetupStageCallback
 .text.HAL_PCD_DataOutStageCallback
                0x08003bc8       0x10 Src\usbd_conf.o
                0x08003bc8                HAL_PCD_DataOutStageCallback
 .text.HAL_PCD_DataInStageCallback
                0x08003bd8        0xe Src\usbd_conf.o
                0x08003bd8                HAL_PCD_DataInStageCallback
 .text.HAL_PCD_SOFCallback
                0x08003be6        0x8 Src\usbd_conf.o
                0x08003be6                HAL_PCD_SOFCallback
 .text.HAL_PCD_ResetCallback
                0x08003bee       0x1a Src\usbd_conf.o
                0x08003bee                HAL_PCD_ResetCallback
 .text.HAL_PCD_SuspendCallback
                0x08003c08       0x20 Src\usbd_conf.o
                0x08003c08                HAL_PCD_SuspendCallback
 .text.HAL_PCD_ResumeCallback
                0x08003c28        0x8 Src\usbd_conf.o
                0x08003c28                HAL_PCD_ResumeCallback
 .text.USBD_LL_Init
                0x08003c30       0x84 Src\usbd_conf.o
                0x08003c30                USBD_LL_Init
 .text.USBD_LL_Start
                0x08003cb4       0x1c Src\usbd_conf.o
                0x08003cb4                USBD_LL_Start
 .text.USBD_LL_OpenEP
                0x08003cd0       0x20 Src\usbd_conf.o
                0x08003cd0                USBD_LL_OpenEP
 .text.USBD_LL_CloseEP
                0x08003cf0       0x1c Src\usbd_conf.o
                0x08003cf0                USBD_LL_CloseEP
 .text.USBD_LL_StallEP
                0x08003d0c       0x1c Src\usbd_conf.o
                0x08003d0c                USBD_LL_StallEP
 .text.USBD_LL_ClearStallEP
                0x08003d28       0x1c Src\usbd_conf.o
                0x08003d28                USBD_LL_ClearStallEP
 .text.USBD_LL_IsStallEP
                0x08003d44       0x20 Src\usbd_conf.o
                0x08003d44                USBD_LL_IsStallEP
 .text.USBD_LL_SetUSBAddress
                0x08003d64       0x1c Src\usbd_conf.o
                0x08003d64                USBD_LL_SetUSBAddress
 .text.USBD_LL_Transmit
                0x08003d80       0x1c Src\usbd_conf.o
                0x08003d80                USBD_LL_Transmit
 .text.USBD_LL_PrepareReceive
                0x08003d9c       0x1c Src\usbd_conf.o
                0x08003d9c                USBD_LL_PrepareReceive
 .text.USBD_LL_GetRxDataSize
                0x08003db8        0xc Src\usbd_conf.o
                0x08003db8                USBD_LL_GetRxDataSize
 .text.USBD_static_malloc
                0x08003dc4        0x8 Src\usbd_conf.o
                0x08003dc4                USBD_static_malloc
 .text.USBD_static_free
                0x08003dcc        0x2 Src\usbd_conf.o
                0x08003dcc                USBD_static_free
 .text.HAL_PCDEx_SetConnectionState
                0x08003dce        0x2 Src\usbd_conf.o
                0x08003dce                HAL_PCDEx_SetConnectionState
 .text.USBD_FS_DeviceDescriptor
                0x08003dd0        0xc Src\usbd_desc.o
                0x08003dd0                USBD_FS_DeviceDescriptor
 .text.USBD_FS_LangIDStrDescriptor
                0x08003ddc        0xc Src\usbd_desc.o
                0x08003ddc                USBD_FS_LangIDStrDescriptor
 .text.USBD_FS_ManufacturerStrDescriptor
                0x08003de8       0x1c Src\usbd_desc.o
                0x08003de8                USBD_FS_ManufacturerStrDescriptor
 .text.USBD_FS_ProductStrDescriptor
                0x08003e04       0x1c Src\usbd_desc.o
                0x08003e04                USBD_FS_ProductStrDescriptor
 .text.USBD_FS_SerialStrDescriptor
                0x08003e20       0x1c Src\usbd_desc.o
                0x08003e20                USBD_FS_SerialStrDescriptor
 .text.USBD_FS_ConfigStrDescriptor
                0x08003e3c       0x1c Src\usbd_desc.o
                0x08003e3c                USBD_FS_ConfigStrDescriptor
 .text.USBD_FS_InterfaceStrDescriptor
                0x08003e58       0x1c Src\usbd_desc.o
                0x08003e58                USBD_FS_InterfaceStrDescriptor
 .text.microrl_init
                0x08003e74       0x58 microrl_lib\microrl.o
                0x08003e74                microrl_init
 .text.microrl_set_complete_callback
                0x08003ecc        0x6 microrl_lib\microrl.o
                0x08003ecc                microrl_set_complete_callback
 .text.microrl_set_execute_callback
                0x08003ed2        0x6 microrl_lib\microrl.o
                0x08003ed2                microrl_set_execute_callback
 .text.microrl_set_sigint_callback
                0x08003ed8        0x6 microrl_lib\microrl.o
                0x08003ed8                microrl_set_sigint_callback
 *fill*         0x08003ede        0x2 
 .text.prv_sigint
                0x08003ee0       0x24 microrl_lib\microrl_func.o
 .text.prv_complet
                0x08003f04       0x60 microrl_lib\microrl_func.o
 .text.prv_getFuncArrayIndex
                0x08003f64       0x40 microrl_lib\microrl_func.o
 .text.microrl_sendString
                0x08003fa4       0x14 microrl_lib\microrl_func.o
                0x08003fa4                microrl_sendString
 .text.prv_TerminalFunc_clear
                0x08003fb8       0x1c microrl_lib\microrl_func.o
 .text.consoleInit
                0x08003fd4       0x18 microrl_lib\microrl_func.o
                0x08003fd4                consoleInit
 .text.microrl_terminalProcess
                0x08003fec       0x28 microrl_lib\microrl_func.o
                0x08003fec                microrl_terminalProcess
 .text.microrl_registerExecuteFunc
                0x08004014       0x24 microrl_lib\microrl_func.o
                0x08004014                microrl_registerExecuteFunc
 .text.microrl_terminalInit
                0x08004038       0x7c microrl_lib\microrl_func.o
                0x08004038                microrl_terminalInit
 .text.microrl_printString
                0x080040b4        0x4 microrl_lib\microrl_func.o
                0x080040b4                microrl_printString
 .text.microrl_printStringWithEndl
                0x080040b8       0x14 microrl_lib\microrl_func.o
                0x080040b8                microrl_printStringWithEndl
 .text.prv_execute
                0x080040cc       0x38 microrl_lib\microrl_func.o
 .text.prv_TerminalFunc_about
                0x08004104       0x1c microrl_lib\microrl_func.o
 .text.microrl_printEndl
                0x08004120        0xc microrl_lib\microrl_func.o
                0x08004120                microrl_printEndl
 .text.prv_TerminalFunc_help
                0x0800412c       0x88 microrl_lib\microrl_func.o
 .text.ConsoleInput
                0x080041b4       0x40 microrl_lib\microrl_func.o
                0x080041b4                ConsoleInput
 .text.__libc_init_array
                0x080041f4       0x4c c:/program files (x86)/atollic/truestudio for arm 7.1.0/armtools/bin/../lib/gcc/arm-atollic-eabi/5.3.1/../../../../arm-atollic-eabi/lib/armv7-m\libc_nano.a(lib_a-init.o)
                0x080041f4                __libc_init_array
 .text.memcpy   0x08004240       0x16 c:/program files (x86)/atollic/truestudio for arm 7.1.0/armtools/bin/../lib/gcc/arm-atollic-eabi/5.3.1/../../../../arm-atollic-eabi/lib/armv7-m\libc_nano.a(lib_a-memcpy-stub.o)
                0x08004240                memcpy
 .text.memmove  0x08004256       0x36 c:/program files (x86)/atollic/truestudio for arm 7.1.0/armtools/bin/../lib/gcc/arm-atollic-eabi/5.3.1/../../../../arm-atollic-eabi/lib/armv7-m\libc_nano.a(lib_a-memmove.o)
                0x08004256                memmove
 .text.memset   0x0800428c       0x10 c:/program files (x86)/atollic/truestudio for arm 7.1.0/armtools/bin/../lib/gcc/arm-atollic-eabi/5.3.1/../../../../arm-atollic-eabi/lib/armv7-m\libc_nano.a(lib_a-memset.o)
                0x0800428c                memset
 .text.sprintf  0x0800429c       0x48 c:/program files (x86)/atollic/truestudio for arm 7.1.0/armtools/bin/../lib/gcc/arm-atollic-eabi/5.3.1/../../../../arm-atollic-eabi/lib/armv7-m\libc_nano.a(lib_a-sprintf.o)
                0x0800429c                siprintf
                0x0800429c                sprintf
 .text.strstr   0x080042e4       0x34 c:/program files (x86)/atollic/truestudio for arm 7.1.0/armtools/bin/../lib/gcc/arm-atollic-eabi/5.3.1/../../../../arm-atollic-eabi/lib/armv7-m\libc_nano.a(lib_a-strstr.o)
                0x080042e4                strstr
 .text.__ssputs_r
                0x08004318       0xb2 c:/program files (x86)/atollic/truestudio for arm 7.1.0/armtools/bin/../lib/gcc/arm-atollic-eabi/5.3.1/../../../../arm-atollic-eabi/lib/armv7-m\libc_nano.a(lib_a-nano-svfprintf.o)
                0x08004318                __ssputs_r
 *fill*         0x080043ca        0x2 
 .text._svfprintf_r
                0x080043cc      0x1e8 c:/program files (x86)/atollic/truestudio for arm 7.1.0/armtools/bin/../lib/gcc/arm-atollic-eabi/5.3.1/../../../../arm-atollic-eabi/lib/armv7-m\libc_nano.a(lib_a-nano-svfprintf.o)
                0x080043cc                _svfiprintf_r
                0x080043cc                _svfprintf_r
 .text._printf_common
                0x080045b4       0xec c:/program files (x86)/atollic/truestudio for arm 7.1.0/armtools/bin/../lib/gcc/arm-atollic-eabi/5.3.1/../../../../arm-atollic-eabi/lib/armv7-m\libc_nano.a(lib_a-nano-vfprintf_i.o)
                0x080045b4                _printf_common
 .text._printf_i
                0x080046a0      0x24c c:/program files (x86)/atollic/truestudio for arm 7.1.0/armtools/bin/../lib/gcc/arm-atollic-eabi/5.3.1/../../../../arm-atollic-eabi/lib/armv7-m\libc_nano.a(lib_a-nano-vfprintf_i.o)
                0x080046a0                _printf_i
 .text.memchr   0x080048ec       0x1c c:/program files (x86)/atollic/truestudio for arm 7.1.0/armtools/bin/../lib/gcc/arm-atollic-eabi/5.3.1/../../../../arm-atollic-eabi/lib/armv7-m\libc_nano.a(lib_a-memchr-stub.o)
                0x080048ec                memchr
 .text._free_r  0x08004908       0x98 c:/program files (x86)/atollic/truestudio for arm 7.1.0/armtools/bin/../lib/gcc/arm-atollic-eabi/5.3.1/../../../../arm-atollic-eabi/lib/armv7-m\libc_nano.a(lib_a-nano-freer.o)
                0x08004908                _free_r
 .text._malloc_r
                0x080049a0       0xbc c:/program files (x86)/atollic/truestudio for arm 7.1.0/armtools/bin/../lib/gcc/arm-atollic-eabi/5.3.1/../../../../arm-atollic-eabi/lib/armv7-m\libc_nano.a(lib_a-nano-mallocr.o)
                0x080049a0                _malloc_r
 .text._realloc_r
                0x08004a5c       0x4c c:/program files (x86)/atollic/truestudio for arm 7.1.0/armtools/bin/../lib/gcc/arm-atollic-eabi/5.3.1/../../../../arm-atollic-eabi/lib/armv7-m\libc_nano.a(lib_a-nano-reallocr.o)
                0x08004a5c                _realloc_r
 .text._sbrk_r  0x08004aa8       0x20 c:/program files (x86)/atollic/truestudio for arm 7.1.0/armtools/bin/../lib/gcc/arm-atollic-eabi/5.3.1/../../../../arm-atollic-eabi/lib/armv7-m\libc_nano.a(lib_a-sbrkr.o)
                0x08004aa8                _sbrk_r
 .text.__malloc_lock
                0x08004ac8        0x2 c:/program files (x86)/atollic/truestudio for arm 7.1.0/armtools/bin/../lib/gcc/arm-atollic-eabi/5.3.1/../../../../arm-atollic-eabi/lib/armv7-m\libc_nano.a(lib_a-mlock.o)
                0x08004ac8                __malloc_lock
 .text.__malloc_unlock
                0x08004aca        0x2 c:/program files (x86)/atollic/truestudio for arm 7.1.0/armtools/bin/../lib/gcc/arm-atollic-eabi/5.3.1/../../../../arm-atollic-eabi/lib/armv7-m\libc_nano.a(lib_a-mlock.o)
                0x08004aca                __malloc_unlock
 .text._malloc_usable_size_r
                0x08004acc       0x14 c:/program files (x86)/atollic/truestudio for arm 7.1.0/armtools/bin/../lib/gcc/arm-atollic-eabi/5.3.1/../../../../arm-atollic-eabi/lib/armv7-m\libc_nano.a(lib_a-nano-msizer.o)
                0x08004acc                _malloc_usable_size_r
 .text._sbrk    0x08004ae0       0x1c c:/program files (x86)/atollic/truestudio for arm 7.1.0/armtools/bin/../lib/gcc/arm-atollic-eabi/5.3.1/../../../../arm-atollic-eabi/lib/armv7-m\libnosys.a(sbrk.o)
                0x08004ae0                _sbrk
 *(.glue_7)
 .glue_7        0x08004afc        0x0 linker stubs
 *(.glue_7t)
 .glue_7t       0x08004afc        0x0 linker stubs
 *(.eh_frame)
 .eh_frame      0x08004afc        0x0 c:/program files (x86)/atollic/truestudio for arm 7.1.0/armtools/bin/../lib/gcc/arm-atollic-eabi/5.3.1/armv7-m/crtbegin.o
 *(.init)
 .init          0x08004afc        0x4 c:/program files (x86)/atollic/truestudio for arm 7.1.0/armtools/bin/../lib/gcc/arm-atollic-eabi/5.3.1/armv7-m/crti.o
                0x08004afc                _init
 .init          0x08004b00        0x8 c:/program files (x86)/atollic/truestudio for arm 7.1.0/armtools/bin/../lib/gcc/arm-atollic-eabi/5.3.1/armv7-m/crtn.o
 *(.fini)
 .fini          0x08004b08        0x4 c:/program files (x86)/atollic/truestudio for arm 7.1.0/armtools/bin/../lib/gcc/arm-atollic-eabi/5.3.1/armv7-m/crti.o
                0x08004b08                _fini
 .fini          0x08004b0c        0x8 c:/program files (x86)/atollic/truestudio for arm 7.1.0/armtools/bin/../lib/gcc/arm-atollic-eabi/5.3.1/armv7-m/crtn.o
                0x08004b14                . = ALIGN (0x4)
                0x08004b14                _etext = .

.vfp11_veneer   0x08004b14        0x0
 .vfp11_veneer  0x08004b14        0x0 linker stubs

.v4_bx          0x08004b14        0x0
 .v4_bx         0x08004b14        0x0 linker stubs

.iplt           0x08004b14        0x0
 .iplt          0x08004b14        0x0 c:/program files (x86)/atollic/truestudio for arm 7.1.0/armtools/bin/../lib/gcc/arm-atollic-eabi/5.3.1/armv7-m/crtbegin.o

.rodata         0x08004b14      0x2b8
                0x08004b14                . = ALIGN (0x4)
 *(.rodata)
 .rodata        0x08004b14       0x12 Drivers\STM32F1xx_HAL_Driver\Src\stm32f1xx_hal_rcc.o
 *(.rodata*)
 .rodata.str1.1
                0x08004b26        0x5 Middlewares\Third_Party\FreeRTOS\Source\tasks.o
 .rodata.str1.1
                0x08004b2b       0x1c Src\main.o
 .rodata.AHBPrescTable
                0x08004b47       0x10 Src\system_stm32f1xx.o
                0x08004b47                AHBPrescTable
 .rodata.CSWTCH.39
                0x08004b57        0x4 Src\usbd_conf.o
 .rodata.str1.1
                0x08004b5b       0x4f Src\usbd_desc.o
 .rodata.str1.1
                0x08004baa       0x41 microrl_lib\microrl.o
                                 0x49 (size before relaxing)
 .rodata.str1.1
                0x08004beb      0x1ac microrl_lib\microrl_func.o
                                0x1b0 (size before relaxing)
 .rodata.str1.1
                0x08004d97        0x2 c:/program files (x86)/atollic/truestudio for arm 7.1.0/armtools/bin/../lib/gcc/arm-atollic-eabi/5.3.1/../../../../arm-atollic-eabi/lib/armv7-m\libc_nano.a(lib_a-impure.o)
 .rodata.str1.1
                0x08004d97       0x11 c:/program files (x86)/atollic/truestudio for arm 7.1.0/armtools/bin/../lib/gcc/arm-atollic-eabi/5.3.1/../../../../arm-atollic-eabi/lib/armv7-m\libc_nano.a(lib_a-nano-svfprintf.o)
 .rodata.str1.1
                0x08004da8       0x22 c:/program files (x86)/atollic/truestudio for arm 7.1.0/armtools/bin/../lib/gcc/arm-atollic-eabi/5.3.1/../../../../arm-atollic-eabi/lib/armv7-m\libc_nano.a(lib_a-nano-vfprintf_i.o)
                0x08004dcc                . = ALIGN (0x4)
 *fill*         0x08004dca        0x2 

.rel.dyn        0x08004dcc        0x0
 .rel.iplt      0x08004dcc        0x0 c:/program files (x86)/atollic/truestudio for arm 7.1.0/armtools/bin/../lib/gcc/arm-atollic-eabi/5.3.1/armv7-m/crtbegin.o

.ARM.extab
 *(.ARM.extab* .gnu.linkonce.armextab.*)

.ARM            0x08004dcc        0x0
                0x08004dcc                __exidx_start = .
 *(.ARM.exidx*)
                0x08004dcc                __exidx_end = .

.preinit_array  0x08004dcc        0x0
                0x08004dcc                PROVIDE (__preinit_array_start, .)
 *(.preinit_array*)
                0x08004dcc                PROVIDE (__preinit_array_end, .)

.init_array     0x08004dcc        0x4
                0x08004dcc                PROVIDE (__init_array_start, .)
 *(SORT(.init_array.*))
 *(.init_array*)
 .init_array    0x08004dcc        0x4 c:/program files (x86)/atollic/truestudio for arm 7.1.0/armtools/bin/../lib/gcc/arm-atollic-eabi/5.3.1/armv7-m/crtbegin.o
                0x08004dd0                PROVIDE (__init_array_end, .)

.fini_array     0x08004dd0        0x4
                [!provide]                PROVIDE (__fini_array_start, .)
 *(SORT(.fini_array.*))
 *(.fini_array*)
 .fini_array    0x08004dd0        0x4 c:/program files (x86)/atollic/truestudio for arm 7.1.0/armtools/bin/../lib/gcc/arm-atollic-eabi/5.3.1/armv7-m/crtbegin.o
                [!provide]                PROVIDE (__fini_array_end, .)
                0x08004dd4                _sidata = LOADADDR (.data)

.data           0x20000000      0x1c8 load address 0x08004dd4
                0x20000000                . = ALIGN (0x4)
                0x20000000                _sdata = .
 *(.data)
 *(.data*)
 .data.USBD_CDC_CfgFSDesc
                0x20000000       0x43 Middlewares\ST\STM32_USB_Device_Library\Class\CDC\Src\usbd_cdc.o
                0x20000000                USBD_CDC_CfgFSDesc
 *fill*         0x20000043        0x1 
 .data.USBD_CDC
                0x20000044       0x38 Middlewares\ST\STM32_USB_Device_Library\Class\CDC\Src\usbd_cdc.o
                0x20000044                USBD_CDC
 .data.USBD_CDC_DeviceQualifierDesc
                0x2000007c        0xa Middlewares\ST\STM32_USB_Device_Library\Class\CDC\Src\usbd_cdc.o
 *fill*         0x20000086        0x2 
 .data.USBD_CDC_OtherSpeedCfgDesc
                0x20000088       0x43 Middlewares\ST\STM32_USB_Device_Library\Class\CDC\Src\usbd_cdc.o
                0x20000088                USBD_CDC_OtherSpeedCfgDesc
 *fill*         0x200000cb        0x1 
 .data.USBD_CDC_CfgHSDesc
                0x200000cc       0x43 Middlewares\ST\STM32_USB_Device_Library\Class\CDC\Src\usbd_cdc.o
                0x200000cc                USBD_CDC_CfgHSDesc
 *fill*         0x2000010f        0x1 
 .data.uxCriticalNesting
                0x20000110        0x4 Middlewares\Third_Party\FreeRTOS\Source\portable\GCC\ARM_CM3\port.o
 .data.SystemCoreClock
                0x20000114        0x4 Src\system_stm32f1xx.o
                0x20000114                SystemCoreClock
 .data.USBD_Interface_fops_FS
                0x20000118       0x10 Src\usbd_cdc_if.o
                0x20000118                USBD_Interface_fops_FS
 .data.FS_Desc  0x20000128       0x1c Src\usbd_desc.o
                0x20000128                FS_Desc
 .data.USBD_LangIDDesc
                0x20000144        0x4 Src\usbd_desc.o
                0x20000144                USBD_LangIDDesc
 .data.USBD_FS_DeviceDesc
                0x20000148       0x12 Src\usbd_desc.o
                0x20000148                USBD_FS_DeviceDesc
 *fill*         0x2000015a        0x2 
 .data.prompt_default
                0x2000015c        0x4 microrl_lib\microrl.o
                0x2000015c                prompt_default
 .data.prl      0x20000160        0x4 microrl_lib\microrl_func.o
                0x20000160                prl
 .data.impure_data
                0x20000164       0x60 c:/program files (x86)/atollic/truestudio for arm 7.1.0/armtools/bin/../lib/gcc/arm-atollic-eabi/5.3.1/../../../../arm-atollic-eabi/lib/armv7-m\libc_nano.a(lib_a-impure.o)
 .data._impure_ptr
                0x200001c4        0x4 c:/program files (x86)/atollic/truestudio for arm 7.1.0/armtools/bin/../lib/gcc/arm-atollic-eabi/5.3.1/../../../../arm-atollic-eabi/lib/armv7-m\libc_nano.a(lib_a-impure.o)
                0x200001c4                _impure_ptr
                0x200001c8                . = ALIGN (0x4)
                0x200001c8                _edata = .

.igot.plt       0x200001c8        0x0 load address 0x08004f9c
 .igot.plt      0x200001c8        0x0 c:/program files (x86)/atollic/truestudio for arm 7.1.0/armtools/bin/../lib/gcc/arm-atollic-eabi/5.3.1/armv7-m/crtbegin.o
                0x200001c8                . = ALIGN (0x4)

.bss            0x200001c8     0x35fc load address 0x08004f9c
                0x200001c8                _sbss = .
                0x200001c8                __bss_start__ = _sbss
 *(.bss)
 .bss           0x200001c8       0x1c c:/program files (x86)/atollic/truestudio for arm 7.1.0/armtools/bin/../lib/gcc/arm-atollic-eabi/5.3.1/armv7-m/crtbegin.o
 *(.bss*)
 .bss.uwTick    0x200001e4        0x4 Drivers\STM32F1xx_HAL_Driver\Src\stm32f1xx_hal.o
 .bss.ifalt.7564
                0x200001e8        0x1 Middlewares\ST\STM32_USB_Device_Library\Class\CDC\Src\usbd_cdc.o
 .bss.cfgidx.7569
                0x200001e9        0x1 Middlewares\ST\STM32_USB_Device_Library\Core\Src\usbd_ctlreq.o
 *fill*         0x200001ea        0x2 
 .bss.ulTimerCountsForOneTick
                0x200001ec        0x4 Middlewares\Third_Party\FreeRTOS\Source\portable\GCC\ARM_CM3\port.o
 .bss.ulStoppedTimerCompensation
                0x200001f0        0x4 Middlewares\Third_Party\FreeRTOS\Source\portable\GCC\ARM_CM3\port.o
 .bss.ucMaxSysCallPriority
                0x200001f4        0x1 Middlewares\Third_Party\FreeRTOS\Source\portable\GCC\ARM_CM3\port.o
 *fill*         0x200001f5        0x3 
 .bss.ulMaxPRIGROUPValue
                0x200001f8        0x4 Middlewares\Third_Party\FreeRTOS\Source\portable\GCC\ARM_CM3\port.o
 .bss.xMaximumPossibleSuppressedTicks
                0x200001fc        0x4 Middlewares\Third_Party\FreeRTOS\Source\portable\GCC\ARM_CM3\port.o
 .bss.xFreeBytesRemaining
                0x20000200        0x4 Middlewares\Third_Party\FreeRTOS\Source\portable\MemMang\heap_4.o
 .bss.pxEnd     0x20000204        0x4 Middlewares\Third_Party\FreeRTOS\Source\portable\MemMang\heap_4.o
 .bss.xStart    0x20000208        0x8 Middlewares\Third_Party\FreeRTOS\Source\portable\MemMang\heap_4.o
 .bss.ucHeap    0x20000210     0x2800 Middlewares\Third_Party\FreeRTOS\Source\portable\MemMang\heap_4.o
 .bss.xBlockAllocatedBit
                0x20002a10        0x4 Middlewares\Third_Party\FreeRTOS\Source\portable\MemMang\heap_4.o
 .bss.xMinimumEverFreeBytesRemaining
                0x20002a14        0x4 Middlewares\Third_Party\FreeRTOS\Source\portable\MemMang\heap_4.o
 .bss.ulTaskSwitchedInTime
                0x20002a18        0x4 Middlewares\Third_Party\FreeRTOS\Source\tasks.o
 .bss.xNumOfOverflows
                0x20002a1c        0x4 Middlewares\Third_Party\FreeRTOS\Source\tasks.o
 .bss.pxDelayedTaskList
                0x20002a20        0x4 Middlewares\Third_Party\FreeRTOS\Source\tasks.o
 .bss.xSchedulerRunning
                0x20002a24        0x4 Middlewares\Third_Party\FreeRTOS\Source\tasks.o
 .bss.uxTasksDeleted
                0x20002a28        0x4 Middlewares\Third_Party\FreeRTOS\Source\tasks.o
 .bss.xDelayedTaskList1
                0x20002a2c       0x14 Middlewares\Third_Party\FreeRTOS\Source\tasks.o
 .bss.uxPendedTicks
                0x20002a40        0x4 Middlewares\Third_Party\FreeRTOS\Source\tasks.o
 .bss.pxReadyTasksLists
                0x20002a44       0x8c Middlewares\Third_Party\FreeRTOS\Source\tasks.o
 .bss.xTasksWaitingTermination
                0x20002ad0       0x14 Middlewares\Third_Party\FreeRTOS\Source\tasks.o
 .bss.pxCurrentTCB
                0x20002ae4        0x4 Middlewares\Third_Party\FreeRTOS\Source\tasks.o
                0x20002ae4                pxCurrentTCB
 .bss.xNextTaskUnblockTime
                0x20002ae8        0x4 Middlewares\Third_Party\FreeRTOS\Source\tasks.o
 .bss.uxSchedulerSuspended
                0x20002aec        0x4 Middlewares\Third_Party\FreeRTOS\Source\tasks.o
 .bss.xTickCount
                0x20002af0        0x4 Middlewares\Third_Party\FreeRTOS\Source\tasks.o
 .bss.pxOverflowDelayedTaskList
                0x20002af4        0x4 Middlewares\Third_Party\FreeRTOS\Source\tasks.o
 .bss.xPendingReadyList
                0x20002af8       0x14 Middlewares\Third_Party\FreeRTOS\Source\tasks.o
 .bss.uxTaskNumber
                0x20002b0c        0x4 Middlewares\Third_Party\FreeRTOS\Source\tasks.o
 .bss.uxCurrentNumberOfTasks
                0x20002b10        0x4 Middlewares\Third_Party\FreeRTOS\Source\tasks.o
 .bss.xDelayedTaskList2
                0x20002b14       0x14 Middlewares\Third_Party\FreeRTOS\Source\tasks.o
 .bss.xSuspendedTaskList
                0x20002b28       0x14 Middlewares\Third_Party\FreeRTOS\Source\tasks.o
 .bss.uxTopReadyPriority
                0x20002b3c        0x4 Middlewares\Third_Party\FreeRTOS\Source\tasks.o
 .bss.xYieldPending
                0x20002b40        0x4 Middlewares\Third_Party\FreeRTOS\Source\tasks.o
 .bss.receive_total
                0x20002b44        0x4 Src\usbd_cdc_if.o
                0x20002b44                receive_total
 .bss.mem.7722  0x20002b48      0x220 Src\usbd_conf.o
 .bss.compl_world.7838
                0x20002d68       0x2c microrl_lib\microrl_func.o
 .bss.xQueueCmdBuffer
                0x20002d94        0x4 microrl_lib\microrl_func.o
 .bss.terminalFuncArrayIndex
                0x20002d98        0x4 microrl_lib\microrl_func.o
                0x20002d98                terminalFuncArrayIndex
 .bss.__malloc_sbrk_start
                0x20002d9c        0x4 c:/program files (x86)/atollic/truestudio for arm 7.1.0/armtools/bin/../lib/gcc/arm-atollic-eabi/5.3.1/../../../../arm-atollic-eabi/lib/armv7-m\libc_nano.a(lib_a-nano-mallocr.o)
                0x20002d9c                __malloc_sbrk_start
 .bss.__malloc_free_list
                0x20002da0        0x4 c:/program files (x86)/atollic/truestudio for arm 7.1.0/armtools/bin/../lib/gcc/arm-atollic-eabi/5.3.1/../../../../arm-atollic-eabi/lib/armv7-m\libc_nano.a(lib_a-nano-mallocr.o)
                0x20002da0                __malloc_free_list
 .bss.heap_end.4167
                0x20002da4        0x4 c:/program files (x86)/atollic/truestudio for arm 7.1.0/armtools/bin/../lib/gcc/arm-atollic-eabi/5.3.1/../../../../arm-atollic-eabi/lib/armv7-m\libnosys.a(sbrk.o)
 *(COMMON)
 COMMON         0x20002da8      0x224 Src\usb_device.o
                0x20002da8                hUsbDeviceFS
 COMMON         0x20002fcc       0x85 Src\usbd_cdc_if.o
                0x20002fcc                received_data_size
                0x20002fd0                UserRxBufferFS
                0x20003010                received_data
                0x20003011                UserTxBufferFS
 *fill*         0x20003051        0x3 
 COMMON         0x20003054      0x420 Src\usbd_conf.o
                0x20003054                hpcd_USB_FS
 COMMON         0x20003474      0x200 Src\usbd_desc.o
                0x20003474                USBD_StrDesc
 COMMON         0x20003674      0x14c microrl_lib\microrl_func.o
                0x20003674                rl
                0x20003748                terminalFuncArray
 COMMON         0x200037c0        0x4 c:/program files (x86)/atollic/truestudio for arm 7.1.0/armtools/bin/../lib/gcc/arm-atollic-eabi/5.3.1/../../../../arm-atollic-eabi/lib/armv7-m\libc_nano.a(lib_a-reent.o)
                0x200037c0                errno
                0x200037c4                . = ALIGN (0x4)
                0x200037c4                _ebss = .
                0x200037c4                __bss_end__ = _ebss

._user_heap_stack
                0x200037c4      0x600 load address 0x08004f9c
                0x200037c4                . = ALIGN (0x4)
                0x200037c4                PROVIDE (end, .)
                [!provide]                PROVIDE (_end, .)
                0x200039c4                . = (. + _Min_Heap_Size)
 *fill*         0x200037c4      0x200 
                0x20003dc4                . = (. + _Min_Stack_Size)
 *fill*         0x200039c4      0x400 
                0x20003dc4                . = ALIGN (0x4)

/DISCARD/
 libc.a(*)
 libm.a(*)
 libgcc.a(*)

.ARM.attributes
                0x00000000       0x29
 *(.ARM.attributes)
 .ARM.attributes
                0x00000000       0x1d c:/program files (x86)/atollic/truestudio for arm 7.1.0/armtools/bin/../lib/gcc/arm-atollic-eabi/5.3.1/armv7-m/crti.o
 .ARM.attributes
                0x0000001d       0x2d c:/program files (x86)/atollic/truestudio for arm 7.1.0/armtools/bin/../lib/gcc/arm-atollic-eabi/5.3.1/armv7-m/crtbegin.o
 .ARM.attributes
                0x0000004a       0x21 Drivers\CMSIS\Device\ST\STM32F1xx\Source\Templates\gcc\startup_stm32f103xe.o
 .ARM.attributes
                0x0000006b       0x33 Drivers\STM32F1xx_HAL_Driver\Src\stm32f1xx_hal.o
 .ARM.attributes
                0x0000009e       0x33 Drivers\STM32F1xx_HAL_Driver\Src\stm32f1xx_hal_cortex.o
 .ARM.attributes
                0x000000d1       0x33 Drivers\STM32F1xx_HAL_Driver\Src\stm32f1xx_hal_gpio.o
 .ARM.attributes
                0x00000104       0x33 Drivers\STM32F1xx_HAL_Driver\Src\stm32f1xx_hal_pcd.o
 .ARM.attributes
                0x00000137       0x33 Drivers\STM32F1xx_HAL_Driver\Src\stm32f1xx_hal_pcd_ex.o
 .ARM.attributes
                0x0000016a       0x33 Drivers\STM32F1xx_HAL_Driver\Src\stm32f1xx_hal_rcc.o
 .ARM.attributes
                0x0000019d       0x33 Drivers\STM32F1xx_HAL_Driver\Src\stm32f1xx_hal_rcc_ex.o
 .ARM.attributes
                0x000001d0       0x33 Drivers\STM32F1xx_HAL_Driver\Src\stm32f1xx_ll_usb.o
 .ARM.attributes
                0x00000203       0x33 Middlewares\ST\STM32_USB_Device_Library\Class\CDC\Src\usbd_cdc.o
 .ARM.attributes
                0x00000236       0x33 Middlewares\ST\STM32_USB_Device_Library\Core\Src\usbd_core.o
 .ARM.attributes
                0x00000269       0x33 Middlewares\ST\STM32_USB_Device_Library\Core\Src\usbd_ctlreq.o
 .ARM.attributes
                0x0000029c       0x33 Middlewares\ST\STM32_USB_Device_Library\Core\Src\usbd_ioreq.o
 .ARM.attributes
                0x000002cf       0x33 Middlewares\Third_Party\FreeRTOS\Source\CMSIS_RTOS\cmsis_os.o
 .ARM.attributes
                0x00000302       0x33 Middlewares\Third_Party\FreeRTOS\Source\list.o
 .ARM.attributes
                0x00000335       0x33 Middlewares\Third_Party\FreeRTOS\Source\portable\GCC\ARM_CM3\port.o
 .ARM.attributes
                0x00000368       0x33 Middlewares\Third_Party\FreeRTOS\Source\portable\MemMang\heap_4.o
 .ARM.attributes
                0x0000039b       0x33 Middlewares\Third_Party\FreeRTOS\Source\queue.o
 .ARM.attributes
                0x000003ce       0x33 Middlewares\Third_Party\FreeRTOS\Source\tasks.o
 .ARM.attributes
                0x00000401       0x33 Src\freertos.o
 .ARM.attributes
                0x00000434       0x33 Src\main.o
 .ARM.attributes
                0x00000467       0x33 Src\stm32f1xx_it.o
 .ARM.attributes
                0x0000049a       0x33 Src\system_stm32f1xx.o
 .ARM.attributes
                0x000004cd       0x33 Src\usb_device.o
 .ARM.attributes
                0x00000500       0x33 Src\usbd_cdc_if.o
 .ARM.attributes
                0x00000533       0x33 Src\usbd_conf.o
 .ARM.attributes
                0x00000566       0x33 Src\usbd_desc.o
 .ARM.attributes
                0x00000599       0x33 microrl_lib\microrl.o
 .ARM.attributes
                0x000005cc       0x33 microrl_lib\microrl_func.o
 .ARM.attributes
                0x000005ff       0x2d c:/program files (x86)/atollic/truestudio for arm 7.1.0/armtools/bin/../lib/gcc/arm-atollic-eabi/5.3.1/../../../../arm-atollic-eabi/lib/armv7-m\libc_nano.a(lib_a-init.o)
 .ARM.attributes
                0x0000062c       0x2d c:/program files (x86)/atollic/truestudio for arm 7.1.0/armtools/bin/../lib/gcc/arm-atollic-eabi/5.3.1/../../../../arm-atollic-eabi/lib/armv7-m\libc_nano.a(lib_a-memcpy-stub.o)
 .ARM.attributes
                0x00000659       0x2d c:/program files (x86)/atollic/truestudio for arm 7.1.0/armtools/bin/../lib/gcc/arm-atollic-eabi/5.3.1/../../../../arm-atollic-eabi/lib/armv7-m\libc_nano.a(lib_a-memmove.o)
 .ARM.attributes
                0x00000686       0x2d c:/program files (x86)/atollic/truestudio for arm 7.1.0/armtools/bin/../lib/gcc/arm-atollic-eabi/5.3.1/../../../../arm-atollic-eabi/lib/armv7-m\libc_nano.a(lib_a-memset.o)
 .ARM.attributes
                0x000006b3       0x2d c:/program files (x86)/atollic/truestudio for arm 7.1.0/armtools/bin/../lib/gcc/arm-atollic-eabi/5.3.1/../../../../arm-atollic-eabi/lib/armv7-m\libc_nano.a(lib_a-sprintf.o)
 .ARM.attributes
                0x000006e0       0x1b c:/program files (x86)/atollic/truestudio for arm 7.1.0/armtools/bin/../lib/gcc/arm-atollic-eabi/5.3.1/../../../../arm-atollic-eabi/lib/armv7-m\libc_nano.a(lib_a-strcmp.o)
 .ARM.attributes
                0x000006fb       0x17 c:/program files (x86)/atollic/truestudio for arm 7.1.0/armtools/bin/../lib/gcc/arm-atollic-eabi/5.3.1/../../../../arm-atollic-eabi/lib/armv7-m\libc_nano.a(lib_a-strlen.o)
 .ARM.attributes
                0x00000712       0x2d c:/program files (x86)/atollic/truestudio for arm 7.1.0/armtools/bin/../lib/gcc/arm-atollic-eabi/5.3.1/../../../../arm-atollic-eabi/lib/armv7-m\libc_nano.a(lib_a-strstr.o)
 .ARM.attributes
                0x0000073f       0x2d c:/program files (x86)/atollic/truestudio for arm 7.1.0/armtools/bin/../lib/gcc/arm-atollic-eabi/5.3.1/../../../../arm-atollic-eabi/lib/armv7-m\libc_nano.a(lib_a-impure.o)
 .ARM.attributes
                0x0000076c       0x2d c:/program files (x86)/atollic/truestudio for arm 7.1.0/armtools/bin/../lib/gcc/arm-atollic-eabi/5.3.1/../../../../arm-atollic-eabi/lib/armv7-m\libc_nano.a(lib_a-nano-svfprintf.o)
 .ARM.attributes
                0x00000799       0x2d c:/program files (x86)/atollic/truestudio for arm 7.1.0/armtools/bin/../lib/gcc/arm-atollic-eabi/5.3.1/../../../../arm-atollic-eabi/lib/armv7-m\libc_nano.a(lib_a-nano-vfprintf_i.o)
 .ARM.attributes
                0x000007c6       0x2d c:/program files (x86)/atollic/truestudio for arm 7.1.0/armtools/bin/../lib/gcc/arm-atollic-eabi/5.3.1/../../../../arm-atollic-eabi/lib/armv7-m\libc_nano.a(lib_a-memchr-stub.o)
 .ARM.attributes
                0x000007f3       0x2d c:/program files (x86)/atollic/truestudio for arm 7.1.0/armtools/bin/../lib/gcc/arm-atollic-eabi/5.3.1/../../../../arm-atollic-eabi/lib/armv7-m\libc_nano.a(lib_a-nano-freer.o)
 .ARM.attributes
                0x00000820       0x2d c:/program files (x86)/atollic/truestudio for arm 7.1.0/armtools/bin/../lib/gcc/arm-atollic-eabi/5.3.1/../../../../arm-atollic-eabi/lib/armv7-m\libc_nano.a(lib_a-nano-mallocr.o)
 .ARM.attributes
                0x0000084d       0x2d c:/program files (x86)/atollic/truestudio for arm 7.1.0/armtools/bin/../lib/gcc/arm-atollic-eabi/5.3.1/../../../../arm-atollic-eabi/lib/armv7-m\libc_nano.a(lib_a-nano-reallocr.o)
 .ARM.attributes
                0x0000087a       0x2d c:/program files (x86)/atollic/truestudio for arm 7.1.0/armtools/bin/../lib/gcc/arm-atollic-eabi/5.3.1/../../../../arm-atollic-eabi/lib/armv7-m\libc_nano.a(lib_a-sbrkr.o)
 .ARM.attributes
                0x000008a7       0x2d c:/program files (x86)/atollic/truestudio for arm 7.1.0/armtools/bin/../lib/gcc/arm-atollic-eabi/5.3.1/../../../../arm-atollic-eabi/lib/armv7-m\libc_nano.a(lib_a-mlock.o)
 .ARM.attributes
                0x000008d4       0x2d c:/program files (x86)/atollic/truestudio for arm 7.1.0/armtools/bin/../lib/gcc/arm-atollic-eabi/5.3.1/../../../../arm-atollic-eabi/lib/armv7-m\libc_nano.a(lib_a-nano-msizer.o)
 .ARM.attributes
                0x00000901       0x2d c:/program files (x86)/atollic/truestudio for arm 7.1.0/armtools/bin/../lib/gcc/arm-atollic-eabi/5.3.1/../../../../arm-atollic-eabi/lib/armv7-m\libc_nano.a(lib_a-reent.o)
 .ARM.attributes
                0x0000092e       0x2d c:/program files (x86)/atollic/truestudio for arm 7.1.0/armtools/bin/../lib/gcc/arm-atollic-eabi/5.3.1/../../../../arm-atollic-eabi/lib/armv7-m\libnosys.a(sbrk.o)
 .ARM.attributes
                0x0000095b       0x1d c:/program files (x86)/atollic/truestudio for arm 7.1.0/armtools/bin/../lib/gcc/arm-atollic-eabi/5.3.1/armv7-m/crtn.o
OUTPUT(Console_usb.elf elf32-littlearm)

.debug_line     0x00000000     0x7323
 .debug_line    0x00000000       0xac Drivers\CMSIS\Device\ST\STM32F1xx\Source\Templates\gcc\startup_stm32f103xe.o
 .debug_line    0x000000ac      0x375 Drivers\STM32F1xx_HAL_Driver\Src\stm32f1xx_hal.o
 .debug_line    0x00000421      0x37a Drivers\STM32F1xx_HAL_Driver\Src\stm32f1xx_hal_cortex.o
 .debug_line    0x0000079b      0x3b0 Drivers\STM32F1xx_HAL_Driver\Src\stm32f1xx_hal_gpio.o
 .debug_line    0x00000b4b      0x64d Drivers\STM32F1xx_HAL_Driver\Src\stm32f1xx_hal_pcd.o
 .debug_line    0x00001198      0x237 Drivers\STM32F1xx_HAL_Driver\Src\stm32f1xx_hal_pcd_ex.o
 .debug_line    0x000013cf      0x79c Drivers\STM32F1xx_HAL_Driver\Src\stm32f1xx_hal_rcc.o
 .debug_line    0x00001b6b      0x383 Drivers\STM32F1xx_HAL_Driver\Src\stm32f1xx_hal_rcc_ex.o
 .debug_line    0x00001eee      0x50e Drivers\STM32F1xx_HAL_Driver\Src\stm32f1xx_ll_usb.o
 .debug_line    0x000023fc      0x3ad Middlewares\ST\STM32_USB_Device_Library\Class\CDC\Src\usbd_cdc.o
 .debug_line    0x000027a9      0x396 Middlewares\ST\STM32_USB_Device_Library\Core\Src\usbd_core.o
 .debug_line    0x00002b3f      0x2e0 Middlewares\ST\STM32_USB_Device_Library\Core\Src\usbd_ctlreq.o
 .debug_line    0x00002e1f      0x242 Middlewares\ST\STM32_USB_Device_Library\Core\Src\usbd_ioreq.o
 .debug_line    0x00003061      0x7d0 Middlewares\Third_Party\FreeRTOS\Source\CMSIS_RTOS\cmsis_os.o
 .debug_line    0x00003831      0x244 Middlewares\Third_Party\FreeRTOS\Source\list.o
 .debug_line    0x00003a75      0x381 Middlewares\Third_Party\FreeRTOS\Source\portable\GCC\ARM_CM3\port.o
 .debug_line    0x00003df6      0x35d Middlewares\Third_Party\FreeRTOS\Source\portable\MemMang\heap_4.o
 .debug_line    0x00004153      0x7be Middlewares\Third_Party\FreeRTOS\Source\queue.o
 .debug_line    0x00004911      0xcb7 Middlewares\Third_Party\FreeRTOS\Source\tasks.o
 .debug_line    0x000055c8      0x144 Src\freertos.o
 .debug_line    0x0000570c      0x480 Src\main.o
 .debug_line    0x00005b8c      0x2b0 Src\stm32f1xx_it.o
 .debug_line    0x00005e3c      0x1d0 Src\system_stm32f1xx.o
 .debug_line    0x0000600c      0x210 Src\usb_device.o
 .debug_line    0x0000621c      0x25f Src\usbd_cdc_if.o
 .debug_line    0x0000647b      0x4ec Src\usbd_conf.o
 .debug_line    0x00006967      0x20c Src\usbd_desc.o
 .debug_line    0x00006b73      0x371 microrl_lib\microrl.o
 .debug_line    0x00006ee4      0x43f microrl_lib\microrl_func.o

.debug_info     0x00000000    0x147c7
 .debug_info    0x00000000       0xae Drivers\CMSIS\Device\ST\STM32F1xx\Source\Templates\gcc\startup_stm32f103xe.o
 .debug_info    0x000000ae      0x6d5 Drivers\STM32F1xx_HAL_Driver\Src\stm32f1xx_hal.o
 .debug_info    0x00000783      0xc87 Drivers\STM32F1xx_HAL_Driver\Src\stm32f1xx_hal_cortex.o
 .debug_info    0x0000140a      0x60b Drivers\STM32F1xx_HAL_Driver\Src\stm32f1xx_hal_gpio.o
 .debug_info    0x00001a15      0xfd9 Drivers\STM32F1xx_HAL_Driver\Src\stm32f1xx_hal_pcd.o
 .debug_info    0x000029ee      0x5a5 Drivers\STM32F1xx_HAL_Driver\Src\stm32f1xx_hal_pcd_ex.o
 .debug_info    0x00002f93     0x1240 Drivers\STM32F1xx_HAL_Driver\Src\stm32f1xx_hal_rcc.o
 .debug_info    0x000041d3      0x5a6 Drivers\STM32F1xx_HAL_Driver\Src\stm32f1xx_hal_rcc_ex.o
 .debug_info    0x00004779      0xd66 Drivers\STM32F1xx_HAL_Driver\Src\stm32f1xx_ll_usb.o
 .debug_info    0x000054df      0xc80 Middlewares\ST\STM32_USB_Device_Library\Class\CDC\Src\usbd_cdc.o
 .debug_info    0x0000615f      0xbd9 Middlewares\ST\STM32_USB_Device_Library\Core\Src\usbd_core.o
 .debug_info    0x00006d38      0xbc7 Middlewares\ST\STM32_USB_Device_Library\Core\Src\usbd_ctlreq.o
 .debug_info    0x000078ff      0x761 Middlewares\ST\STM32_USB_Device_Library\Core\Src\usbd_ioreq.o
 .debug_info    0x00008060     0x1caf Middlewares\Third_Party\FreeRTOS\Source\CMSIS_RTOS\cmsis_os.o
 .debug_info    0x00009d0f      0x2a1 Middlewares\Third_Party\FreeRTOS\Source\list.o
 .debug_info    0x00009fb0      0x554 Middlewares\Third_Party\FreeRTOS\Source\portable\GCC\ARM_CM3\port.o
 .debug_info    0x0000a504      0x439 Middlewares\Third_Party\FreeRTOS\Source\portable\MemMang\heap_4.o
 .debug_info    0x0000a93d     0x180c Middlewares\Third_Party\FreeRTOS\Source\queue.o
 .debug_info    0x0000c149     0x2757 Middlewares\Third_Party\FreeRTOS\Source\tasks.o
 .debug_info    0x0000e8a0       0xf8 Src\freertos.o
 .debug_info    0x0000e998      0xaa7 Src\main.o
 .debug_info    0x0000f43f      0x5a6 Src\stm32f1xx_it.o
 .debug_info    0x0000f9e5      0x3e7 Src\system_stm32f1xx.o
 .debug_info    0x0000fdcc      0x615 Src\usb_device.o
 .debug_info    0x000103e1      0x8a3 Src\usbd_cdc_if.o
 .debug_info    0x00010c84     0x183f Src\usbd_conf.o
 .debug_info    0x000124c3      0x4ee Src\usbd_desc.o
 .debug_info    0x000129b1     0x1130 microrl_lib\microrl.o
 .debug_info    0x00013ae1      0xce6 microrl_lib\microrl_func.o

.debug_abbrev   0x00000000     0x3ee3
 .debug_abbrev  0x00000000       0x12 Drivers\CMSIS\Device\ST\STM32F1xx\Source\Templates\gcc\startup_stm32f103xe.o
 .debug_abbrev  0x00000012      0x23f Drivers\STM32F1xx_HAL_Driver\Src\stm32f1xx_hal.o
 .debug_abbrev  0x00000251      0x2ee Drivers\STM32F1xx_HAL_Driver\Src\stm32f1xx_hal_cortex.o
 .debug_abbrev  0x0000053f      0x1c8 Drivers\STM32F1xx_HAL_Driver\Src\stm32f1xx_hal_gpio.o
 .debug_abbrev  0x00000707      0x306 Drivers\STM32F1xx_HAL_Driver\Src\stm32f1xx_hal_pcd.o
 .debug_abbrev  0x00000a0d      0x16b Drivers\STM32F1xx_HAL_Driver\Src\stm32f1xx_hal_pcd_ex.o
 .debug_abbrev  0x00000b78      0x2bf Drivers\STM32F1xx_HAL_Driver\Src\stm32f1xx_hal_rcc.o
 .debug_abbrev  0x00000e37      0x238 Drivers\STM32F1xx_HAL_Driver\Src\stm32f1xx_hal_rcc_ex.o
 .debug_abbrev  0x0000106f      0x21f Drivers\STM32F1xx_HAL_Driver\Src\stm32f1xx_ll_usb.o
 .debug_abbrev  0x0000128e      0x256 Middlewares\ST\STM32_USB_Device_Library\Class\CDC\Src\usbd_cdc.o
 .debug_abbrev  0x000014e4      0x270 Middlewares\ST\STM32_USB_Device_Library\Core\Src\usbd_core.o
 .debug_abbrev  0x00001754      0x2c4 Middlewares\ST\STM32_USB_Device_Library\Core\Src\usbd_ctlreq.o
 .debug_abbrev  0x00001a18      0x155 Middlewares\ST\STM32_USB_Device_Library\Core\Src\usbd_ioreq.o
 .debug_abbrev  0x00001b6d      0x350 Middlewares\Third_Party\FreeRTOS\Source\CMSIS_RTOS\cmsis_os.o
 .debug_abbrev  0x00001ebd       0xdc Middlewares\Third_Party\FreeRTOS\Source\list.o
 .debug_abbrev  0x00001f99      0x266 Middlewares\Third_Party\FreeRTOS\Source\portable\GCC\ARM_CM3\port.o
 .debug_abbrev  0x000021ff      0x227 Middlewares\Third_Party\FreeRTOS\Source\portable\MemMang\heap_4.o
 .debug_abbrev  0x00002426      0x24a Middlewares\Third_Party\FreeRTOS\Source\queue.o
 .debug_abbrev  0x00002670      0x370 Middlewares\Third_Party\FreeRTOS\Source\tasks.o
 .debug_abbrev  0x000029e0       0xb4 Src\freertos.o
 .debug_abbrev  0x00002a94      0x266 Src\main.o
 .debug_abbrev  0x00002cfa      0x199 Src\stm32f1xx_it.o
 .debug_abbrev  0x00002e93      0x122 Src\system_stm32f1xx.o
 .debug_abbrev  0x00002fb5      0x170 Src\usb_device.o
 .debug_abbrev  0x00003125      0x22e Src\usbd_cdc_if.o
 .debug_abbrev  0x00003353      0x297 Src\usbd_conf.o
 .debug_abbrev  0x000035ea      0x19d Src\usbd_desc.o
 .debug_abbrev  0x00003787      0x3d5 microrl_lib\microrl.o
 .debug_abbrev  0x00003b5c      0x387 microrl_lib\microrl_func.o

.debug_aranges  0x00000000      0xf58
 .debug_aranges
                0x00000000       0x28 Drivers\CMSIS\Device\ST\STM32F1xx\Source\Templates\gcc\startup_stm32f103xe.o
 .debug_aranges
                0x00000028       0xa8 Drivers\STM32F1xx_HAL_Driver\Src\stm32f1xx_hal.o
 .debug_aranges
                0x000000d0       0x90 Drivers\STM32F1xx_HAL_Driver\Src\stm32f1xx_hal_cortex.o
 .debug_aranges
                0x00000160       0x58 Drivers\STM32F1xx_HAL_Driver\Src\stm32f1xx_hal_gpio.o
 .debug_aranges
                0x000001b8       0xc0 Drivers\STM32F1xx_HAL_Driver\Src\stm32f1xx_hal_pcd.o
 .debug_aranges
                0x00000278       0x28 Drivers\STM32F1xx_HAL_Driver\Src\stm32f1xx_hal_pcd_ex.o
 .debug_aranges
                0x000002a0       0x88 Drivers\STM32F1xx_HAL_Driver\Src\stm32f1xx_hal_rcc.o
 .debug_aranges
                0x00000328       0x30 Drivers\STM32F1xx_HAL_Driver\Src\stm32f1xx_hal_rcc_ex.o
 .debug_aranges
                0x00000358       0xe0 Drivers\STM32F1xx_HAL_Driver\Src\stm32f1xx_ll_usb.o
 .debug_aranges
                0x00000438       0x90 Middlewares\ST\STM32_USB_Device_Library\Class\CDC\Src\usbd_cdc.o
 .debug_aranges
                0x000004c8       0xa8 Middlewares\ST\STM32_USB_Device_Library\Core\Src\usbd_core.o
 .debug_aranges
                0x00000570       0x48 Middlewares\ST\STM32_USB_Device_Library\Core\Src\usbd_ctlreq.o
 .debug_aranges
                0x000005b8       0x50 Middlewares\ST\STM32_USB_Device_Library\Core\Src\usbd_ioreq.o
 .debug_aranges
                0x00000608      0x190 Middlewares\Third_Party\FreeRTOS\Source\CMSIS_RTOS\cmsis_os.o
 .debug_aranges
                0x00000798       0x40 Middlewares\Third_Party\FreeRTOS\Source\list.o
 .debug_aranges
                0x000007d8       0x98 Middlewares\Third_Party\FreeRTOS\Source\portable\GCC\ARM_CM3\port.o
 .debug_aranges
                0x00000870       0x48 Middlewares\Third_Party\FreeRTOS\Source\portable\MemMang\heap_4.o
 .debug_aranges
                0x000008b8      0x100 Middlewares\Third_Party\FreeRTOS\Source\queue.o
 .debug_aranges
                0x000009b8      0x1d0 Middlewares\Third_Party\FreeRTOS\Source\tasks.o
 .debug_aranges
                0x00000b88       0x30 Src\freertos.o
 .debug_aranges
                0x00000bb8       0x48 Src\main.o
 .debug_aranges
                0x00000c00       0x50 Src\stm32f1xx_it.o
 .debug_aranges
                0x00000c50       0x28 Src\system_stm32f1xx.o
 .debug_aranges
                0x00000c78       0x20 Src\usb_device.o
 .debug_aranges
                0x00000c98       0x40 Src\usbd_cdc_if.o
 .debug_aranges
                0x00000cd8      0x110 Src\usbd_conf.o
 .debug_aranges
                0x00000de8       0x50 Src\usbd_desc.o
 .debug_aranges
                0x00000e38       0x88 microrl_lib\microrl.o
 .debug_aranges
                0x00000ec0       0x98 microrl_lib\microrl_func.o

.debug_ranges   0x00000000     0x11f0
 .debug_ranges  0x00000000       0x20 Drivers\CMSIS\Device\ST\STM32F1xx\Source\Templates\gcc\startup_stm32f103xe.o
 .debug_ranges  0x00000020       0x98 Drivers\STM32F1xx_HAL_Driver\Src\stm32f1xx_hal.o
 .debug_ranges  0x000000b8      0x130 Drivers\STM32F1xx_HAL_Driver\Src\stm32f1xx_hal_cortex.o
 .debug_ranges  0x000001e8       0x68 Drivers\STM32F1xx_HAL_Driver\Src\stm32f1xx_hal_gpio.o
 .debug_ranges  0x00000250       0xd0 Drivers\STM32F1xx_HAL_Driver\Src\stm32f1xx_hal_pcd.o
 .debug_ranges  0x00000320       0x18 Drivers\STM32F1xx_HAL_Driver\Src\stm32f1xx_hal_pcd_ex.o
 .debug_ranges  0x00000338      0x148 Drivers\STM32F1xx_HAL_Driver\Src\stm32f1xx_hal_rcc.o
 .debug_ranges  0x00000480       0x68 Drivers\STM32F1xx_HAL_Driver\Src\stm32f1xx_hal_rcc_ex.o
 .debug_ranges  0x000004e8      0x120 Drivers\STM32F1xx_HAL_Driver\Src\stm32f1xx_ll_usb.o
 .debug_ranges  0x00000608       0x80 Middlewares\ST\STM32_USB_Device_Library\Class\CDC\Src\usbd_cdc.o
 .debug_ranges  0x00000688       0x98 Middlewares\ST\STM32_USB_Device_Library\Core\Src\usbd_core.o
 .debug_ranges  0x00000720       0x38 Middlewares\ST\STM32_USB_Device_Library\Core\Src\usbd_ctlreq.o
 .debug_ranges  0x00000758       0x40 Middlewares\ST\STM32_USB_Device_Library\Core\Src\usbd_ioreq.o
 .debug_ranges  0x00000798      0x198 Middlewares\Third_Party\FreeRTOS\Source\CMSIS_RTOS\cmsis_os.o
 .debug_ranges  0x00000930       0x30 Middlewares\Third_Party\FreeRTOS\Source\list.o
 .debug_ranges  0x00000960       0x88 Middlewares\Third_Party\FreeRTOS\Source\portable\GCC\ARM_CM3\port.o
 .debug_ranges  0x000009e8       0x38 Middlewares\Third_Party\FreeRTOS\Source\portable\MemMang\heap_4.o
 .debug_ranges  0x00000a20       0xf0 Middlewares\Third_Party\FreeRTOS\Source\queue.o
 .debug_ranges  0x00000b10      0x278 Middlewares\Third_Party\FreeRTOS\Source\tasks.o
 .debug_ranges  0x00000d88       0x20 Src\freertos.o
 .debug_ranges  0x00000da8       0xb0 Src\main.o
 .debug_ranges  0x00000e58       0x40 Src\stm32f1xx_it.o
 .debug_ranges  0x00000e98       0x18 Src\system_stm32f1xx.o
 .debug_ranges  0x00000eb0       0x10 Src\usb_device.o
 .debug_ranges  0x00000ec0       0x30 Src\usbd_cdc_if.o
 .debug_ranges  0x00000ef0      0x128 Src\usbd_conf.o
 .debug_ranges  0x00001018       0x40 Src\usbd_desc.o
 .debug_ranges  0x00001058       0xf8 microrl_lib\microrl.o
 .debug_ranges  0x00001150       0xa0 microrl_lib\microrl_func.o

.debug_loc      0x00000000     0xaa42
 .debug_loc     0x00000000       0x73 Drivers\STM32F1xx_HAL_Driver\Src\stm32f1xx_hal.o
 .debug_loc     0x00000073      0x48f Drivers\STM32F1xx_HAL_Driver\Src\stm32f1xx_hal_cortex.o
 .debug_loc     0x00000502      0x2dd Drivers\STM32F1xx_HAL_Driver\Src\stm32f1xx_hal_gpio.o
 .debug_loc     0x000007df      0x9d0 Drivers\STM32F1xx_HAL_Driver\Src\stm32f1xx_hal_pcd.o
 .debug_loc     0x000011af       0xa3 Drivers\STM32F1xx_HAL_Driver\Src\stm32f1xx_hal_pcd_ex.o
 .debug_loc     0x00001252      0x8a9 Drivers\STM32F1xx_HAL_Driver\Src\stm32f1xx_hal_rcc.o
 .debug_loc     0x00001afb      0x39e Drivers\STM32F1xx_HAL_Driver\Src\stm32f1xx_hal_rcc_ex.o
 .debug_loc     0x00001e99      0xa61 Drivers\STM32F1xx_HAL_Driver\Src\stm32f1xx_ll_usb.o
 .debug_loc     0x000028fa      0x4bc Middlewares\ST\STM32_USB_Device_Library\Class\CDC\Src\usbd_cdc.o
 .debug_loc     0x00002db6      0x5d9 Middlewares\ST\STM32_USB_Device_Library\Core\Src\usbd_core.o
 .debug_loc     0x0000338f      0x6d9 Middlewares\ST\STM32_USB_Device_Library\Core\Src\usbd_ctlreq.o
 .debug_loc     0x00003a68      0x23c Middlewares\ST\STM32_USB_Device_Library\Core\Src\usbd_ioreq.o
 .debug_loc     0x00003ca4     0x1087 Middlewares\Third_Party\FreeRTOS\Source\CMSIS_RTOS\cmsis_os.o
 .debug_loc     0x00004d2b       0x94 Middlewares\Third_Party\FreeRTOS\Source\list.o
 .debug_loc     0x00004dbf      0x12d Middlewares\Third_Party\FreeRTOS\Source\portable\GCC\ARM_CM3\port.o
 .debug_loc     0x00004eec      0x48e Middlewares\Third_Party\FreeRTOS\Source\portable\MemMang\heap_4.o
 .debug_loc     0x0000537a     0x16cb Middlewares\Third_Party\FreeRTOS\Source\queue.o
 .debug_loc     0x00006a45     0x1fc1 Middlewares\Third_Party\FreeRTOS\Source\tasks.o
 .debug_loc     0x00008a06       0x9a Src\main.o
 .debug_loc     0x00008aa0       0xaa Src\system_stm32f1xx.o
 .debug_loc     0x00008b4a      0x117 Src\usbd_cdc_if.o
 .debug_loc     0x00008c61      0x965 Src\usbd_conf.o
 .debug_loc     0x000095c6      0x273 Src\usbd_desc.o
 .debug_loc     0x00009839      0xc90 microrl_lib\microrl.o
 .debug_loc     0x0000a4c9      0x579 microrl_lib\microrl_func.o

.debug_str      0x00000000     0x4ef0
 .debug_str     0x00000000      0x7f6 Drivers\STM32F1xx_HAL_Driver\Src\stm32f1xx_hal.o
                                0x856 (size before relaxing)
 .debug_str     0x000007f6      0x2e2 Drivers\STM32F1xx_HAL_Driver\Src\stm32f1xx_hal_cortex.o
                                0x9c0 (size before relaxing)
 .debug_str     0x00000ad8      0x1c9 Drivers\STM32F1xx_HAL_Driver\Src\stm32f1xx_hal_gpio.o
                                0x437 (size before relaxing)
 .debug_str     0x00000ca1      0x6d6 Drivers\STM32F1xx_HAL_Driver\Src\stm32f1xx_hal_pcd.o
                                0x94b (size before relaxing)
 .debug_str     0x00001377       0x57 Drivers\STM32F1xx_HAL_Driver\Src\stm32f1xx_hal_pcd_ex.o
                                0x56e (size before relaxing)
 .debug_str     0x000013ce      0x314 Drivers\STM32F1xx_HAL_Driver\Src\stm32f1xx_hal_rcc.o
                                0x63b (size before relaxing)
 .debug_str     0x000016e2      0x151 Drivers\STM32F1xx_HAL_Driver\Src\stm32f1xx_hal_rcc_ex.o
                                0x43d (size before relaxing)
 .debug_str     0x00001833      0x124 Drivers\STM32F1xx_HAL_Driver\Src\stm32f1xx_ll_usb.o
                                0x6eb (size before relaxing)
 .debug_str     0x00001957      0x63d Middlewares\ST\STM32_USB_Device_Library\Class\CDC\Src\usbd_cdc.o
                                0x8db (size before relaxing)
 .debug_str     0x00001f94      0x288 Middlewares\ST\STM32_USB_Device_Library\Core\Src\usbd_core.o
                                0x83d (size before relaxing)
 .debug_str     0x0000221c      0x12e Middlewares\ST\STM32_USB_Device_Library\Core\Src\usbd_ctlreq.o
                                0x76f (size before relaxing)
 .debug_str     0x0000234a       0x51 Middlewares\ST\STM32_USB_Device_Library\Core\Src\usbd_ioreq.o
                                0x69c (size before relaxing)
 .debug_str     0x0000239b      0xb7b Middlewares\Third_Party\FreeRTOS\Source\CMSIS_RTOS\cmsis_os.o
                                0xe07 (size before relaxing)
 .debug_str     0x00002f16      0x14f Middlewares\Third_Party\FreeRTOS\Source\list.o
                                0x302 (size before relaxing)
 .debug_str     0x00003065      0x387 Middlewares\Third_Party\FreeRTOS\Source\portable\GCC\ARM_CM3\port.o
                                0x5de (size before relaxing)
 .debug_str     0x000033ec      0x205 Middlewares\Third_Party\FreeRTOS\Source\portable\MemMang\heap_4.o
                                0x400 (size before relaxing)
 .debug_str     0x000035f1      0x502 Middlewares\Third_Party\FreeRTOS\Source\queue.o
                                0x99d (size before relaxing)
 .debug_str     0x00003af3      0xa04 Middlewares\Third_Party\FreeRTOS\Source\tasks.o
                               0x1207 (size before relaxing)
 .debug_str     0x000044f7       0x25 Src\freertos.o
                                0x1fe (size before relaxing)
 .debug_str     0x0000451c       0xf1 Src\main.o
                                0xa1e (size before relaxing)
 .debug_str     0x0000460d       0xa6 Src\stm32f1xx_it.o
                                0x585 (size before relaxing)
 .debug_str     0x000046b3       0x4d Src\system_stm32f1xx.o
                                0x2de (size before relaxing)
 .debug_str     0x00004700       0x40 Src\usb_device.o
                                0x635 (size before relaxing)
 .debug_str     0x00004740       0xb7 Src\usbd_cdc_if.o
                                0x769 (size before relaxing)
 .debug_str     0x000047f7      0x171 Src\usbd_conf.o
                               0x1210 (size before relaxing)
 .debug_str     0x00004968      0x10e Src\usbd_desc.o
                                0x3fc (size before relaxing)
 .debug_str     0x00004a76      0x2bc microrl_lib\microrl.o
                                0x475 (size before relaxing)
 .debug_str     0x00004d32      0x1be microrl_lib\microrl_func.o
                                0x5e2 (size before relaxing)

.comment        0x00000000       0x7e
 .comment       0x00000000       0x7e Drivers\STM32F1xx_HAL_Driver\Src\stm32f1xx_hal.o
                                 0x7f (size before relaxing)
 .comment       0x0000007e       0x7f Drivers\STM32F1xx_HAL_Driver\Src\stm32f1xx_hal_cortex.o
 .comment       0x0000007e       0x7f Drivers\STM32F1xx_HAL_Driver\Src\stm32f1xx_hal_gpio.o
 .comment       0x0000007e       0x7f Drivers\STM32F1xx_HAL_Driver\Src\stm32f1xx_hal_pcd.o
 .comment       0x0000007e       0x7f Drivers\STM32F1xx_HAL_Driver\Src\stm32f1xx_hal_pcd_ex.o
 .comment       0x0000007e       0x7f Drivers\STM32F1xx_HAL_Driver\Src\stm32f1xx_hal_rcc.o
 .comment       0x0000007e       0x7f Drivers\STM32F1xx_HAL_Driver\Src\stm32f1xx_hal_rcc_ex.o
 .comment       0x0000007e       0x7f Drivers\STM32F1xx_HAL_Driver\Src\stm32f1xx_ll_usb.o
 .comment       0x0000007e       0x7f Middlewares\ST\STM32_USB_Device_Library\Class\CDC\Src\usbd_cdc.o
 .comment       0x0000007e       0x7f Middlewares\ST\STM32_USB_Device_Library\Core\Src\usbd_core.o
 .comment       0x0000007e       0x7f Middlewares\ST\STM32_USB_Device_Library\Core\Src\usbd_ctlreq.o
 .comment       0x0000007e       0x7f Middlewares\ST\STM32_USB_Device_Library\Core\Src\usbd_ioreq.o
 .comment       0x0000007e       0x7f Middlewares\Third_Party\FreeRTOS\Source\CMSIS_RTOS\cmsis_os.o
 .comment       0x0000007e       0x7f Middlewares\Third_Party\FreeRTOS\Source\list.o
 .comment       0x0000007e       0x7f Middlewares\Third_Party\FreeRTOS\Source\portable\GCC\ARM_CM3\port.o
 .comment       0x0000007e       0x7f Middlewares\Third_Party\FreeRTOS\Source\portable\MemMang\heap_4.o
 .comment       0x0000007e       0x7f Middlewares\Third_Party\FreeRTOS\Source\queue.o
 .comment       0x0000007e       0x7f Middlewares\Third_Party\FreeRTOS\Source\tasks.o
 .comment       0x0000007e       0x7f Src\freertos.o
 .comment       0x0000007e       0x7f Src\main.o
 .comment       0x0000007e       0x7f Src\stm32f1xx_it.o
 .comment       0x0000007e       0x7f Src\system_stm32f1xx.o
 .comment       0x0000007e       0x7f Src\usb_device.o
 .comment       0x0000007e       0x7f Src\usbd_cdc_if.o
 .comment       0x0000007e       0x7f Src\usbd_conf.o
 .comment       0x0000007e       0x7f Src\usbd_desc.o