microrl_func.c:258:13:prv_sigint	0	static
microrl_func.c:239:16:prv_complet	40	static
microrl_func.c:358:6:microrl_sendString	8	static
microrl_func.c:325:12:prv_TerminalFunc_clear	8	static
microrl_func.c:200:13:cmdHelp	16	static
microrl_func.c:48:6:consoleInit	8	static
microrl_func.c:68:6:microrl_terminalProcess	16	static
microrl_func.c:79:6:microrl_registerExecuteFunc	20	static
microrl_func.c:53:6:microrl_terminalInit	8	static
microrl_func.c:90:6:microrl_printString	0	static
microrl_func.c:95:6:microrl_printStringWithEndl	8	static
microrl_func.c:218:12:prv_execute	16	static
microrl_func.c:264:12:prv_TerminalFunc_about	16	static
microrl_func.c:101:6:microrl_printEndl	0	static
microrl_func.c:280:12:prv_TerminalFunc_help	32	static
microrl_func.c:147:5:fc_printf	16	static
microrl_func.c:173:6:cmdStatus	8	static
microrl_func.c:334:6:ConsoleInput	24	static
