microrl_func.c:159:13:prv_sigint	0	static
microrl_func.c:140:16:prv_complet	40	static
microrl_func.c:115:12:prv_getFuncArrayIndex	24	static
microrl_func.c:260:6:microrl_sendString	8	static
microrl_func.c:217:12:prv_TerminalFunc_clear	8	static
microrl_func.c:48:6:consoleInit	8	static
microrl_func.c:68:6:microrl_terminalProcess	16	static
microrl_func.c:81:6:microrl_registerExecuteFunc	20	static
microrl_func.c:53:6:microrl_terminalInit	8	static
microrl_func.c:92:6:microrl_printString	0	static
microrl_func.c:97:6:microrl_printStringWithEndl	8	static
microrl_func.c:126:12:prv_execute	16	static
microrl_func.c:165:12:prv_TerminalFunc_about	8	static
microrl_func.c:103:6:microrl_printEndl	0	static
microrl_func.c:172:12:prv_TerminalFunc_help	16	static
microrl_func.c:226:6:ConsoleInput	24	static
